Component: ARM Compiler 5.06 update 6 (build 750) Tool: armlink [4d35ed]

==============================================================================

Section Cross References

    stm32f10x_it.o(i.HardFault_Handler) refers to printfa.o(i.__0printf) for __2printf
    stm32f10x_it.o(i.SysTick_Handler) refers to stm32f10x_it.o(.data) for time32_incr
    main.o(i.Anchor_Array_Init) refers to main.o(.bss) for Anthordistance
    main.o(i.Semaphore_Init) refers to lib.o(.data) for Semaphore
    main.o(i.Sum_Tag_Semaphore_request) refers to lib.o(.data) for SLAVE_TAG_START_INDEX
    main.o(i.Tag_Measure_Dis) refers to deca_device.o(i.dwt_setrxaftertxdelay) for dwt_setrxaftertxdelay
    main.o(i.Tag_Measure_Dis) refers to deca_device.o(i.dwt_setrxtimeout) for dwt_setrxtimeout
    main.o(i.Tag_Measure_Dis) refers to deca_device.o(i.dwt_writetxdata) for dwt_writetxdata
    main.o(i.Tag_Measure_Dis) refers to deca_device.o(i.dwt_writetxfctrl) for dwt_writetxfctrl
    main.o(i.Tag_Measure_Dis) refers to deca_device.o(i.dwt_starttx) for dwt_starttx
    main.o(i.Tag_Measure_Dis) refers to deca_device.o(i.dwt_rxenable) for dwt_rxenable
    main.o(i.Tag_Measure_Dis) refers to port.o(i.portGetTickCnt) for portGetTickCnt
    main.o(i.Tag_Measure_Dis) refers to deca_device.o(i.dwt_read32bitoffsetreg) for dwt_read32bitoffsetreg
    main.o(i.Tag_Measure_Dis) refers to stm32f10x_gpio.o(i.GPIO_SetBits) for GPIO_SetBits
    main.o(i.Tag_Measure_Dis) refers to deca_device.o(i.dwt_write32bitoffsetreg) for dwt_write32bitoffsetreg
    main.o(i.Tag_Measure_Dis) refers to deca_device.o(i.dwt_readrxdata) for dwt_readrxdata
    main.o(i.Tag_Measure_Dis) refers to memcmp.o(.text) for memcmp
    main.o(i.Tag_Measure_Dis) refers to lib.o(i.get_tx_timestamp_u64) for get_tx_timestamp_u64
    main.o(i.Tag_Measure_Dis) refers to lib.o(i.get_rx_timestamp_u64) for get_rx_timestamp_u64
    main.o(i.Tag_Measure_Dis) refers to deca_device.o(i.dwt_setdelayedtrxtime) for dwt_setdelayedtrxtime
    main.o(i.Tag_Measure_Dis) refers to main.o(i.final_msg_set_ts) for final_msg_set_ts
    main.o(i.Tag_Measure_Dis) refers to main.o(i.distance_mange) for distance_mange
    main.o(i.Tag_Measure_Dis) refers to main.o(.data) for frame_seq_nb
    main.o(i.Tag_Measure_Dis) refers to lib.o(.data) for TAG_ID
    main.o(i.Tag_Measure_Dis) refers to main.o(.bss) for rx_buffer
    main.o(i.compute_angle_send_to_anthor0) refers to deca_device.o(i.dwt_writetxdata) for dwt_writetxdata
    main.o(i.compute_angle_send_to_anthor0) refers to deca_device.o(i.dwt_writetxfctrl) for dwt_writetxfctrl
    main.o(i.compute_angle_send_to_anthor0) refers to deca_device.o(i.dwt_starttx) for dwt_starttx
    main.o(i.compute_angle_send_to_anthor0) refers to deca_device.o(i.dwt_read32bitoffsetreg) for dwt_read32bitoffsetreg
    main.o(i.compute_angle_send_to_anthor0) refers to main.o(.data) for angle_msg
    main.o(i.compute_angle_send_to_anthor0) refers to lib.o(.data) for TAG_ID
    main.o(i.crc_accumulate_buffer) refers to main.o(i.crc_accumulate) for crc_accumulate
    main.o(i.crc_calculate) refers to main.o(i.crc_init) for crc_init
    main.o(i.crc_calculate) refers to main.o(i.crc_accumulate) for crc_accumulate
    main.o(i.distance_mange) refers to main.o(i.filter) for filter
    main.o(i.distance_mange) refers to main.o(i.compute_angle_send_to_anthor0) for compute_angle_send_to_anthor0
    main.o(i.distance_mange) refers to fflti.o(.text) for __aeabi_i2f
    main.o(i.distance_mange) refers to fdiv.o(.text) for __aeabi_fdiv
    main.o(i.distance_mange) refers to f2d.o(.text) for __aeabi_f2d
    main.o(i.distance_mange) refers to printfa.o(i.__0sprintf) for __2sprintf
    main.o(i.distance_mange) refers to printfa.o(i.__0printf) for __2printf
    main.o(i.distance_mange) refers to lcd_oled.o(i.OLED_ShowString) for OLED_ShowString
    main.o(i.distance_mange) refers to main.o(.bss) for Anthordistance_count
    main.o(i.distance_mange) refers to lib.o(.bss) for dist_str
    main.o(i.dwt_dumpregisters) refers to deca_device.o(i.dwt_read32bitoffsetreg) for dwt_read32bitoffsetreg
    main.o(i.dwt_dumpregisters) refers to printfa.o(i.__0sprintf) for __2sprintf
    main.o(i.filter) refers to main.o(.bss) for filter_index
    main.o(i.fputc) refers to stm32f10x_usart.o(i.USART_ClearFlag) for USART_ClearFlag
    main.o(i.fputc) refers to stm32f10x_usart.o(i.USART_SendData) for USART_SendData
    main.o(i.fputc) refers to stm32f10x_usart.o(i.USART_GetFlagStatus) for USART_GetFlagStatus
    main.o(i.main) refers to port.o(i.peripherals_init) for peripherals_init
    main.o(i.main) refers to printfa.o(i.__0printf) for __2printf
    main.o(i.main) refers to port.o(i.reset_DW1000) for reset_DW1000
    main.o(i.main) refers to port.o(i.spi_set_rate_low) for spi_set_rate_low
    main.o(i.main) refers to deca_device.o(i.dwt_initialise) for dwt_initialise
    main.o(i.main) refers to lcd_oled.o(i.OLED_ShowString) for OLED_ShowString
[...]
    i.hal_i2c1_send_data1                    0x080058a4   Section        0  lcd_oled.o(i.hal_i2c1_send_data1)
    i.main                                   0x08005964   Section        0  main.o(i.main)
    i.peripherals_init                       0x08005c50   Section        0  port.o(i.peripherals_init)
    i.portGetTickCnt                         0x08005c90   Section        0  port.o(i.portGetTickCnt)
    i.pow                                    0x08005c9c   Section        0  pow.o(i.pow)
    i.putc                                   0x08006674   Section        0  putc.o(i.putc)
    i.putchar                                0x08006678   Section        0  putchar.o(i.putchar)
    i.readfromspi_serial                     0x08006684   Section        0  deca_spi.o(i.readfromspi_serial)
    i.reset_DW1000                           0x08006704   Section        0  port.o(i.reset_DW1000)
    i.spi_peripheral_init                    0x08006754   Section        0  port.o(i.spi_peripheral_init)
    spi_peripheral_init                      0x08006755   Thumb Code    14  port.o(i.spi_peripheral_init)
    i.spi_set_rate_high                      0x08006762   Section        0  port.o(i.spi_set_rate_high)
    i.spi_set_rate_low                       0x0800676c   Section        0  port.o(i.spi_set_rate_low)
    i.sqrt                                   0x08006776   Section        0  sqrt.o(i.sqrt)
    i.string_split                           0x080067c2   Section        0  stm32_eval.o(i.string_split)
    i.usartinit                              0x08006826   Section        0  port.o(i.usartinit)
    i.writetospi_serial                      0x08006850   Section        0  deca_spi.o(i.writetospi_serial)
    .constdata                               0x080068cc   Section      266  main.o(.constdata)
    mavlink_message_crcs                     0x080068d0   Data         256  main.o(.constdata)
    .constdata                               0x080069d8   Section      174  stm32_eval.o(.constdata)
    .constdata                               0x08006a86   Section     2072  lcd_oled.o(.constdata)
    .constdata                               0x080072a0   Section      174  deca_params_init.o(.constdata)
    .constdata                               0x0800734e   Section      522  deca_range_tables.o(.constdata)
    .constdata                               0x08007558   Section       80  asin.o(.constdata)
    pS                                       0x08007558   Data          48  asin.o(.constdata)
    qS                                       0x08007588   Data          32  asin.o(.constdata)
    .constdata                               0x080075a8   Section      136  pow.o(.constdata)
    bp                                       0x080075a8   Data          16  pow.o(.constdata)
    dp_h                                     0x080075b8   Data          16  pow.o(.constdata)
    dp_l                                     0x080075c8   Data          16  pow.o(.constdata)
    L                                        0x080075d8   Data          48  pow.o(.constdata)
    P                                        0x08007608   Data          40  pow.o(.constdata)
    .constdata                               0x08007630   Section        8  qnan.o(.constdata)
    .constdata                               0x08007638   Section      129  ctype_o.o(.constdata)
    .constdata                               0x080076bc   Section        4  ctype_o.o(.constdata)
    table                                    0x080076bc   Data           4  ctype_o.o(.constdata)
    .conststring                             0x080076c0   Section      111  stm32_eval.o(.conststring)
    .data                                    0x20000000   Section        4  stm32f10x_it.o(.data)
    .data                                    0x20000008   Section      316  main.o(.data)
    config                                   0x20000008   Data          11  main.o(.data)
    rx_poll_msg                              0x20000013   Data          12  main.o(.data)
    tx_resp_msg                              0x2000001f   Data          15  main.o(.data)
    rx_final_msg                             0x2000002e   Data          24  main.o(.data)
    distance_msg                             0x20000046   Data          15  main.o(.data)
    tx_poll_msg                              0x20000055   Data          12  main.o(.data)
    rx_resp_msg                              0x20000061   Data          15  main.o(.data)
    tx_final_msg                             0x20000070   Data          24  main.o(.data)
    angle_msg                                0x20000088   Data          31  main.o(.data)
    Semaphore_Release                        0x200000a7   Data          13  main.o(.data)
    Tag_Statistics                           0x200000b4   Data          13  main.o(.data)
    Master_Release_Semaphore                 0x200000c1   Data          13  main.o(.data)
    Tag_Statistics_response                  0x200000ce   Data          13  main.o(.data)
    Master_Release_Semaphore_comfirm         0x200000db   Data          13  main.o(.data)
    frame_seq_nb                             0x200000e8   Data           1  main.o(.data)
    frame_seq_nb_semaphore                   0x200000e9   Data           1  main.o(.data)
    status_reg                               0x200000ec   Data           4  main.o(.data)
    poll_rx_ts                               0x200000f0   Data           8  main.o(.data)
    resp_tx_ts                               0x200000f8   Data           8  main.o(.data)
    final_rx_ts                              0x20000100   Data           8  main.o(.data)
    poll_tx_ts                               0x20000108   Data           8  main.o(.data)
    resp_rx_ts                               0x20000110   Data           8  main.o(.data)
    final_tx_ts                              0x20000118   Data           8  main.o(.data)
    tof                                      0x20000120   Data           8  main.o(.data)
    distance                                 0x20000128   Data           8  main.o(.data)
    framenum                                 0x20000140   Data           4  main.o(.data)
    .data                                    0x20000144   Section       20  stm32f10x_rcc.o(.data)
    APBAHBPrescTable                         0x20000144   Data          16  stm32f10x_rcc.o(.data)
    ADCPrescTable                            0x20000154   Data           4  stm32f10x_rcc.o(.data)
    .data                                    0x20000158   Section       20  system_stm32f10x.o(.data)
    .data                                    0x2000016c   Section      169  stm32_eval.o(.data)
    index                                    0x2000020c   Data           2  stm32_eval.o(.data)
    tick                                     0x20000210   Data           4  stm32_eval.o(.data)
    flag                                     0x20000214   Data           1  stm32_eval.o(.data)
    .data                                    0x20000218   Section      452  lcd_oled.o(.data)
    .data                                    0x200003e0   Section      229  lib.o(.data)
    frame_seq_nb                             0x200003e0   Data           1  lib.o(.data)
    status_reg                               0x200003e8   Data           4  lib.o(.data)
    tick                                     0x200003ec   Data           4  lib.o(.data)
    poll_rx_ts                               0x200003f0   Data           8  lib.o(.data)
    resp_tx_ts                               0x200003f8   Data           8  lib.o(.data)
    final_rx_ts                              0x20000400   Data           8  lib.o(.data)
    tof                                      0x20000408   Data           8  lib.o(.data)
    distance                                 0x20000410   Data           8  lib.o(.data)
    config                                   0x20000418   Data          11  lib.o(.data)
    rx_poll_msg                              0x20000423   Data          12  lib.o(.data)
    tx_resp_msg                              0x2000042f   Data          15  lib.o(.data)
    rx_final_msg                             0x2000043e   Data          24  lib.o(.data)
    distance_msg                             0x20000456   Data          15  lib.o(.data)
    angle_msg                                0x20000465   Data          31  lib.o(.data)
    Semaphore_Release                        0x20000484   Data          13  lib.o(.data)
    Tag_Statistics                           0x20000491   Data          13  lib.o(.data)
    Master_Release_Semaphore                 0x2000049e   Data          13  lib.o(.data)
    Tag_Statistics_response                  0x200004ab   Data          13  lib.o(.data)
    Master_Release_Semaphore_comfirm         0x200004b8   Data          13  lib.o(.data)
    .data                                    0x200004c8   Section        4  stdout.o(.data)
    .data                                    0x200004cc   Section        4  strtok.o(.data)
    state                                    0x200004cc   Data           4  strtok.o(.data)
    .data                                    0x200004d0   Section        4  errno.o(.data)
    _errno                                   0x200004d0   Data           4  errno.o(.data)
    .bss                                     0x200004d8   Section     2744  main.o(.bss)
    rx_buffer                                0x200004d8   Data          24  main.o(.bss)
    m_mavlink_status                         0x20000b20   Data          48  main.o(.bss)
    m_mavlink_buffer                         0x20000b50   Data        1088  main.o(.bss)
    .bss                                     0x20000f90   Section      512  stm32_eval.o(.bss)
    cmdbuf                                   0x20000f90   Data         512  stm32_eval.o(.bss)
    .bss                                     0x20001190   Section       16  port.o(.bss)
    .bss                                     0x200011a0   Section       60  deca_device.o(.bss)
    dw1000local                              0x200011a0   Data          60  deca_device.o(.bss)
    .bss                                     0x200011dc   Section       16  lib.o(.bss)
    .bss                                     0x200011ec   Section       24  lib.o(.bss)
    rx_buffer                                0x200011ec   Data          24  lib.o(.bss)
    STACK                                    0x20001208   Section     1536  startup_stm32f10x_hd.o(STACK)

    Global Symbols

    Symbol Name                              Value     Ov Type        Size  Object(Section)

    BuildAttributes$$THM_ISAv4$P$D$K$B$S$PE$A:L22UL41UL21$X:L11$S22US41US21$IEEE1$IW$USESV6$~STKCKD$USESV7$~SHL$OTIME$ROPI$IEEEX$EBA8$MICROLIB$REQ8$PRES8$EABIv2 0x00000000   Number         0  anon$$obj.o ABSOLUTE
    __ARM_use_no_argv                        0x00000000   Number         0  main.o ABSOLUTE
    _printf_a                                0x00000000   Number         0  stubs.o ABSOLUTE
    _printf_c                                0x00000000   Number         0  stubs.o ABSOLUTE
    _printf_charcount                        0x00000000   Number         0  stubs.o ABSOLUTE
    _printf_d                                0x00000000   Number         0  stubs.o ABSOLUTE
    _printf_e                                0x00000000   Number         0  stubs.o ABSOLUTE
    _printf_f                                0x00000000   Number         0  stubs.o ABSOLUTE
    _printf_flags                            0x00000000   Number         0  stubs.o ABSOLUTE
    _printf_fp_dec                           0x00000000   Number         0  stubs.o ABSOLUTE
    _printf_fp_hex                           0x00000000   Number         0  stubs.o ABSOLUTE
    _printf_g                                0x00000000   Number         0  stubs.o ABSOLUTE
    _printf_i                                0x00000000   Number         0  stubs.o ABSOLUTE
    _printf_int_dec                          0x00000000   Number         0  stubs.o ABSOLUTE
    _printf_l                                0x00000000   Number         0  stubs.o ABSOLUTE
    _printf_lc                               0x00000000   Number         0  stubs.o ABSOLUTE
    _printf_ll                               0x00000000   Number         0  stubs.o ABSOLUTE
    _printf_lld                              0x00000000   Number         0  stubs.o ABSOLUTE
    _printf_lli                              0x00000000   Number         0  stubs.o ABSOLUTE
    _printf_llo                              0x00000000   Number         0  stubs.o ABSOLUTE
    _printf_llu                              0x00000000   Number         0  stubs.o ABSOLUTE
    _printf_llx                              0x00000000   Number         0  stubs.o ABSOLUTE
    _printf_longlong_dec                     0x00000000   Number         0  stubs.o ABSOLUTE
    _printf_longlong_hex                     0x00000000   Number         0  stubs.o ABSOLUTE
    _printf_longlong_oct                     0x00000000   Number         0  stubs.o ABSOLUTE
    _printf_ls                               0x00000000   Number         0  stubs.o ABSOLUTE
    _printf_mbtowc                           0x00000000   Number         0  stubs.o ABSOLUTE
    _printf_n                                0x00000000   Number         0  stubs.o ABSOLUTE
    _printf_o                                0x00000000   Number         0  stubs.o ABSOLUTE
    _printf_p                                0x00000000   Number         0  stubs.o ABSOLUTE
    _printf_percent                          0x00000000   Number         0  stubs.o ABSOLUTE
    _printf_pre_padding                      0x00000000   Number         0  stubs.o ABSOLUTE
    _printf_return_value                     0x00000000   Number         0  stubs.o ABSOLUTE
    _printf_s                                0x00000000   Number         0  stubs.o ABSOLUTE
    _printf_sizespec                         0x00000000   Number         0  stubs.o ABSOLUTE
    _printf_str                              0x00000000   Number         0  stubs.o ABSOLUTE
    _printf_truncate_signed                  0x00000000   Number         0  stubs.o ABSOLUTE
    _printf_truncate_unsigned                0x00000000   Number         0  stubs.o ABSOLUTE
    _printf_u                                0x00000000   Number         0  stubs.o ABSOLUTE
    _printf_wc                               0x00000000   Number         0  stubs.o ABSOLUTE
    _printf_wctomb                           0x00000000   Number         0  stubs.o ABSOLUTE
    _printf_widthprec                        0x00000000   Number         0  stubs.o ABSOLUTE
    _printf_x                                0x00000000   Number         0  stubs.o ABSOLUTE
    __cpp_initialize__aeabi_                  - Undefined Weak Reference
    __cxa_finalize                            - Undefined Weak Reference
    _clock_init                               - Undefined Weak Reference
    _microlib_exit                            - Undefined Weak Reference
    __Vectors_Size                           0x00000130   Number         0  startup_stm32f10x_hd.o ABSOLUTE
    __Vectors                                0x08000000   Data           4  startup_stm32f10x_hd.o(RESET)
    __Vectors_End                            0x08000130   Data           0  startup_stm32f10x_hd.o(RESET)
    __main                                   0x08000131   Thumb Code     0  entry.o(.ARM.Collect$$$$00000000)
    _main_stk                                0x08000131   Thumb Code     0  entry2.o(.ARM.Collect$$$$00000001)
    _main_scatterload                        0x08000135   Thumb Code     0  entry5.o(.ARM.Collect$$$$00000004)
    __main_after_scatterload                 0x08000139   Thumb Code     0  entry5.o(.ARM.Collect$$$$00000004)
    _main_clock                              0x08000139   Thumb Code     0  entry7b.o(.ARM.Collect$$$$00000008)
    _main_cpp_init                           0x08000139   Thumb Code     0  entry8b.o(.ARM.Collect$$$$0000000A)
    _main_init                               0x08000139   Thumb Code     0  entry9a.o(.ARM.Collect$$$$0000000B)
    __rt_final_cpp                           0x08000141   Thumb Code     0  entry10a.o(.ARM.Collect$$$$0000000D)
    __rt_final_exit                          0x08000141   Thumb Code     0  entry11a.o(.ARM.Collect$$$$0000000F)
    Reset_Handler                            0x08000145   Thumb Code     8  startup_stm32f10x_hd.o(.text)
    ADC1_2_IRQHandler                        0x0800015f   Thumb Code     0  startup_stm32f10x_hd.o(.text)
    ADC3_IRQHandler                          0x0800015f   Thumb Code     0  startup_stm32f10x_hd.o(.text)
    CAN1_RX1_IRQHandler                      0x0800015f   Thumb Code     0  startup_stm32f10x_hd.o(.text)
    CAN1_SCE_IRQHandler                      0x0800015f   Thumb Code     0  startup_stm32f10x_hd.o(.text)
    DMA1_Channel1_IRQHandler                 0x0800015f   Thumb Code     0  startup_stm32f10x_hd.o(.text)
    DMA1_Channel2_IRQHandler                 0x0800015f   Thumb Code     0  startup_stm32f10x_hd.o(.text)
    DMA1_Channel3_IRQHandler                 0x0800015f   Thumb Code     0  startup_stm32f10x_hd.o(.text)
    DMA1_Channel4_IRQHandler                 0x0800015f   Thumb Code     0  startup_stm32f10x_hd.o(.text)
    DMA1_Channel5_IRQHandler                 0x0800015f   Thumb Code     0  startup_stm32f10x_hd.o(.text)
    DMA1_Channel6_IRQHandler                 0x0800015f   Thumb Code     0  startup_stm32f10x_hd.o(.text)
    DMA1_Channel7_IRQHandler                 0x0800015f   Thumb Code     0  startup_stm32f10x_hd.o(.text)
    DMA2_Channel1_IRQHandler                 0x0800015f   Thumb Code     0  startup_stm32f10x_hd.o(.text)
    DMA2_Channel2_IRQHandler                 0x0800015f   Thumb Code     0  startup_stm32f10x_hd.o(.text)
    DMA2_Channel3_IRQHandler                 0x0800015f   Thumb Code     0  startup_stm32f10x_hd.o(.text)
    DMA2_Channel4_5_IRQHandler               0x0800015f   Thumb Code     0  startup_stm32f10x_hd.o(.text)
    EXTI0_IRQHandler                         0x0800015f   Thumb Code     0  startup_stm32f10x_hd.o(.text)
    EXTI15_10_IRQHandler                     0x0800015f   Thumb Code     0  startup_stm32f10x_hd.o(.text)
    EXTI1_IRQHandler                         0x0800015f   Thumb Code     0  startup_stm32f10x_hd.o(.text)
    EXTI2_IRQHandler                         0x0800015f   Thumb Code     0  startup_stm32f10x_hd.o(.text)
    EXTI3_IRQHandler                         0x0800015f   Thumb Code     0  startup_stm32f10x_hd.o(.text)
    EXTI4_IRQHandler                         0x0800015f   Thumb Code     0  startup_stm32f10x_hd.o(.text)
    EXTI9_5_IRQHandler                       0x0800015f   Thumb Code     0  startup_stm32f10x_hd.o(.text)
    FLASH_IRQHandler                         0x0800015f   Thumb Code     0  startup_stm32f10x_hd.o(.text)
    FSMC_IRQHandler                          0x0800015f   Thumb Code     0  startup_stm32f10x_hd.o(.text)
    I2C1_ER_IRQHandler                       0x0800015f   Thumb Code     0  startup_stm32f10x_hd.o(.text)
    I2C1_EV_IRQHandler                       0x0800015f   Thumb Code     0  startup_stm32f10x_hd.o(.text)
    I2C2_ER_IRQHandler                       0x0800015f   Thumb Code     0  startup_stm32f10x_hd.o(.text)
    I2C2_EV_IRQHandler                       0x0800015f   Thumb Code     0  startup_stm32f10x_hd.o(.text)
    PVD_IRQHandler                           0x0800015f   Thumb Code     0  startup_stm32f10x_hd.o(.text)
    RCC_IRQHandler                           0x0800015f   Thumb Code     0  startup_stm32f10x_hd.o(.text)
    RTCAlarm_IRQHandler                      0x0800015f   Thumb Code     0  startup_stm32f10x_hd.o(.text)
    RTC_IRQHandler                           0x0800015f   Thumb Code     0  startup_stm32f10x_hd.o(.text)
    SDIO_IRQHandler                          0x0800015f   Thumb Code     0  startup_stm32f10x_hd.o(.text)
    SPI1_IRQHandler                          0x0800015f   Thumb Code     0  startup_stm32f10x_hd.o(.text)
    SPI2_IRQHandler                          0x0800015f   Thumb Code     0  startup_stm32f10x_hd.o(.text)
    SPI3_IRQHandler                          0x0800015f   Thumb Code     0  startup_stm32f10x_hd.o(.text)
    TAMPER_IRQHandler                        0x0800015f   Thumb Code     0  startup_stm32f10x_hd.o(.text)
    TIM1_BRK_IRQHandler                      0x0800015f   Thumb Code     0  startup_stm32f10x_hd.o(.text)
    TIM1_CC_IRQHandler                       0x0800015f   Thumb Code     0  startup_stm32f10x_hd.o(.text)
    TIM1_TRG_COM_IRQHandler                  0x0800015f   Thumb Code     0  startup_stm32f10x_hd.o(.text)
    TIM1_UP_IRQHandler                       0x0800015f   Thumb Code     0  startup_stm32f10x_hd.o(.text)
    TIM2_IRQHandler                          0x0800015f   Thumb Code     0  startup_stm32f10x_hd.o(.text)
    TIM3_IRQHandler                          0x0800015f   Thumb Code     0  startup_stm32f10x_hd.o(.text)
    TIM4_IRQHandler                          0x0800015f   Thumb Code     0  startup_stm32f10x_hd.o(.text)
    TIM5_IRQHandler                          0x0800015f   Thumb Code     0  startup_stm32f10x_hd.o(.text)
    TIM6_IRQHandler                          0x0800015f   Thumb Code     0  startup_stm32f10x_hd.o(.text)
    TIM7_IRQHandler                          0x0800015f   Thumb Code     0  startup_stm32f10x_hd.o(.text)
    TIM8_BRK_IRQHandler                      0x0800015f   Thumb Code     0  startup_stm32f10x_hd.o(.text)
    TIM8_CC_IRQHandler                       0x0800015f   Thumb Code     0  startup_stm32f10x_hd.o(.text)
    TIM8_TRG_COM_IRQHandler                  0x0800015f   Thumb Code     0  startup_stm32f10x_hd.o(.text)
    TIM8_UP_IRQHandler                       0x0800015f   Thumb Code     0  startup_stm32f10x_hd.o(.text)
    UART4_IRQHandler                         0x0800015f   Thumb Code     0  startup_stm32f10x_hd.o(.text)
    UART5_IRQHandler                         0x0800015f   Thumb Code     0  startup_stm32f10x_hd.o(.text)
    USART2_IRQHandler                        0x0800015f   Thumb Code     0  startup_stm32f10x_hd.o(.text)
    USART3_IRQHandler                        0x0800015f   Thumb Code     0  startup_stm32f10x_hd.o(.text)
    USBWakeUp_IRQHandler                     0x0800015f   Thumb Code     0  startup_stm32f10x_hd.o(.text)
    USB_HP_CAN1_TX_IRQHandler                0x0800015f   Thumb Code     0  startup_stm32f10x_hd.o(.text)
    USB_LP_CAN1_RX0_IRQHandler               0x0800015f   Thumb Code     0  startup_stm32f10x_hd.o(.text)
    WWDG_IRQHandler                          0x0800015f   Thumb Code     0  startup_stm32f10x_hd.o(.text)
    __aeabi_memset                           0x08000169   Thumb Code    14  memseta.o(.text)
    __aeabi_memset4                          0x08000169   Thumb Code     0  memseta.o(.text)
    __aeabi_memset8                          0x08000169   Thumb Code     0  memseta.o(.text)
    __aeabi_memclr                           0x08000177   Thumb Code     4  memseta.o(.text)
    __aeabi_memclr4                          0x08000177   Thumb Code     0  memseta.o(.text)
    __aeabi_memclr8                          0x08000177   Thumb Code     0  memseta.o(.text)
    _memset$wrapper                          0x0800017b   Thumb Code    18  memseta.o(.text)
    strstr                                   0x0800018d   Thumb Code    36  strstr.o(.text)
    strlen                                   0x080001b1   Thumb Code    14  strlen.o(.text)
    memcmp                                   0x080001bf   Thumb Code    26  memcmp.o(.text)
    strtok                                   0x080001d9   Thumb Code    62  strtok.o(.text)
    atoi                                     0x0800021d   Thumb Code    26  atoi.o(.text)
    __aeabi_fadd                             0x08000237   Thumb Code   164  fadd.o(.text)
    __aeabi_fsub                             0x080002db   Thumb Code     6  fadd.o(.text)
    __aeabi_frsub                            0x080002e1   Thumb Code     6  fadd.o(.text)
    __aeabi_fmul                             0x080002e7   Thumb Code   100  fmul.o(.text)
    __aeabi_fdiv                             0x0800034b   Thumb Code   124  fdiv.o(.text)
    __aeabi_dadd                             0x080003c7   Thumb Code   322  dadd.o(.text)
    __aeabi_dsub                             0x08000509   Thumb Code     6  dadd.o(.text)
    __aeabi_drsub                            0x0800050f   Thumb Code     6  dadd.o(.text)
    __aeabi_dmul                             0x08000515   Thumb Code   228  dmul.o(.text)
    __aeabi_ddiv                             0x080005f9   Thumb Code   222  ddiv.o(.text)
    __aeabi_i2f                              0x080006d7   Thumb Code    18  fflti.o(.text)
    __aeabi_i2d                              0x080006e9   Thumb Code    34  dflti.o(.text)
    __aeabi_ui2d                             0x0800070b   Thumb Code    26  dfltui.o(.text)
    __aeabi_l2d                              0x08000725   Thumb Code    40  dfltl.o(.text)
    __aeabi_f2iz                             0x0800074d   Thumb Code    50  ffixi.o(.text)
    __aeabi_d2iz                             0x0800077f   Thumb Code    62  dfixi.o(.text)
    __aeabi_d2lz                             0x080007bd   Thumb Code    74  dfixl.o(.text)
    __aeabi_f2d                              0x08000807   Thumb Code    38  f2d.o(.text)
    __aeabi_cdrcmple                         0x0800082d   Thumb Code    48  cdrcmple.o(.text)
    __aeabi_d2f                              0x0800085d   Thumb Code    56  d2f.o(.text)
    __aeabi_cfcmpeq                          0x08000895   Thumb Code     0  cfcmple.o(.text)
    __aeabi_cfcmple                          0x08000895   Thumb Code    20  cfcmple.o(.text)
    __aeabi_cfrcmple                         0x080008a9   Thumb Code    20  cfrcmple.o(.text)
    __aeabi_uidiv                            0x080008bd   Thumb Code     0  uidiv.o(.text)
    __aeabi_uidivmod                         0x080008bd   Thumb Code    44  uidiv.o(.text)
    __aeabi_uldivmod                         0x080008e9   Thumb Code    98  uldiv.o(.text)
    __aeabi_llsl                             0x0800094b   Thumb Code    30  llshl.o(.text)
    _ll_shift_l                              0x0800094b   Thumb Code     0  llshl.o(.text)
    __aeabi_llsr                             0x08000969   Thumb Code    32  llushr.o(.text)
    _ll_ushift_r                             0x08000969   Thumb Code     0  llushr.o(.text)
    __aeabi_lasr                             0x08000989   Thumb Code    36  llsshr.o(.text)
    _ll_sshift_r                             0x08000989   Thumb Code     0  llsshr.o(.text)
    strtol                                   0x080009ad   Thumb Code   112  strtol.o(.text)
    __I$use$fp                               0x08000a1d   Thumb Code     0  iusefp.o(.text)
    _float_round                             0x08000a1d   Thumb Code    18  fepilogue.o(.text)
    _float_epilogue                          0x08000a2f   Thumb Code    92  fepilogue.o(.text)
    _double_round                            0x08000a8b   Thumb Code    30  depilogue.o(.text)
    _double_epilogue                         0x08000aa9   Thumb Code   156  depilogue.o(.text)
    __ARM_scalbn                             0x08000b45   Thumb Code    46  dscalb.o(.text)
    scalbn                                   0x08000b45   Thumb Code     0  dscalb.o(.text)
    _dsqrt                                   0x08000b73   Thumb Code   162  dsqrt.o(.text)
    __aeabi_d2ulz                            0x08000c15   Thumb Code    48  dfixul.o(.text)
    __scatterload                            0x08000c45   Thumb Code    28  init.o(.text)
    __scatterload_rt2                        0x08000c45   Thumb Code     0  init.o(.text)
    __rt_ctype_table                         0x08000c69   Thumb Code     4  ctype_o.o(.text)
    _strtoul                                 0x08000c71   Thumb Code   158  _strtoul.o(.text)
    _chval                                   0x08000d0f   Thumb Code    28  _chval.o(.text)
    __decompress                             0x08000d2b   Thumb Code     0  __dclz77c.o(.text)
    __decompress2                            0x08000d2b   Thumb Code    94  __dclz77c.o(.text)
    ANTHOR_MEASURE                           0x08000d89   Thumb Code   676  lib.o(i.ANTHOR_MEASURE)
    AT_CmdFunc_ANCHOR_GPIOTEST               0x08001051   Thumb Code    44  stm32_eval.o(i.AT_CmdFunc_ANCHOR_GPIOTEST)
    AT_CmdFunc_ANCHOR_TAG                    0x0800107d   Thumb Code   198  stm32_eval.o(i.AT_CmdFunc_ANCHOR_TAG)
    AT_CmdFunc_AT                            0x08001171   Thumb Code    16  stm32_eval.o(i.AT_CmdFunc_AT)
    AT_CmdFunc_FACTORY                       0x08001181   Thumb Code    42  stm32_eval.o(i.AT_CmdFunc_FACTORY)
    AT_CmdFunc_RST                           0x080011b5   Thumb Code    58  stm32_eval.o(i.AT_CmdFunc_RST)
    AT_CmdFunc_TemHum                        0x08001201   Thumb Code    84  stm32_eval.o(i.AT_CmdFunc_TemHum)
    AT_CmdFunc_XYZ                           0x08001265   Thumb Code    56  stm32_eval.o(i.AT_CmdFunc_XYZ)
    AT_CmdFunc_interval                      0x080012a9   Thumb Code    68  stm32_eval.o(i.AT_CmdFunc_interval)
    AT_CmdFunc_ondis                         0x080012f5   Thumb Code    76  stm32_eval.o(i.AT_CmdFunc_ondis)
    AT_CmdFunc_version                       0x08001349   Thumb Code    30  stm32_eval.o(i.AT_CmdFunc_version)
    Anchor_Array_Init                        0x08001389   Thumb Code    28  main.o(i.Anchor_Array_Init)
    BusFault_Handler                         0x080013ad   Thumb Code     4  stm32f10x_it.o(i.BusFault_Handler)
    DebugMon_Handler                         0x080013b1   Thumb Code     2  stm32f10x_it.o(i.DebugMon_Handler)
    EXTI_GetITEnStatus                       0x080013b5   Thumb Code    24  port.o(i.EXTI_GetITEnStatus)
    FLASH_ErasePage                          0x080013d1   Thumb Code    72  stm32f10x_flash.o(i.FLASH_ErasePage)
    FLASH_GetBank1Status                     0x0800141d   Thumb Code    48  stm32f10x_flash.o(i.FLASH_GetBank1Status)
    FLASH_Lock                               0x08001451   Thumb Code    14  stm32f10x_flash.o(i.FLASH_Lock)
    FLASH_ProgramHalfWord                    0x08001465   Thumb Code    60  stm32f10x_flash.o(i.FLASH_ProgramHalfWord)
    FLASH_ReadHalfWord                       0x080014a5   Thumb Code     6  stm32_eval.o(i.FLASH_ReadHalfWord)
    FLASH_ReadMoreData                       0x080014ab   Thumb Code    34  stm32_eval.o(i.FLASH_ReadMoreData)
    FLASH_Unlock                             0x080014cd   Thumb Code    12  stm32f10x_flash.o(i.FLASH_Unlock)
    FLASH_WaitForLastOperation               0x080014e5   Thumb Code    38  stm32f10x_flash.o(i.FLASH_WaitForLastOperation)
    FLASH_WriteMoreData                      0x0800150d   Thumb Code    88  stm32_eval.o(i.FLASH_WriteMoreData)
    GPIO_Configuration                       0x08001569   Thumb Code   224  port.o(i.GPIO_Configuration)
    GPIO_Init                                0x0800165d   Thumb Code   278  stm32f10x_gpio.o(i.GPIO_Init)
    GPIO_PinRemapConfig                      0x08001775   Thumb Code   138  stm32f10x_gpio.o(i.GPIO_PinRemapConfig)
    GPIO_ReadInputDataBit                    0x08001805   Thumb Code    18  stm32f10x_gpio.o(i.GPIO_ReadInputDataBit)
    GPIO_ResetBits                           0x08001817   Thumb Code     4  stm32f10x_gpio.o(i.GPIO_ResetBits)
    GPIO_SetBits                             0x0800181b   Thumb Code     4  stm32f10x_gpio.o(i.GPIO_SetBits)
    HAL_GetTick                              0x0800181f   Thumb Code     8  stm32_eval.o(i.HAL_GetTick)
    HardFault_Handler                        0x08001829   Thumb Code    10  stm32f10x_it.o(i.HardFault_Handler)
    I2C_AcknowledgeConfig                    0x0800184d   Thumb Code    24  stm32f10x_i2c.o(i.I2C_AcknowledgeConfig)
    I2C_CheckEvent                           0x08001865   Thumb Code    42  stm32f10x_i2c.o(i.I2C_CheckEvent)
    I2C_Cmd                                  0x0800188f   Thumb Code    24  stm32f10x_i2c.o(i.I2C_Cmd)
    I2C_DeInit                               0x080018a9   Thumb Code    50  stm32f10x_i2c.o(i.I2C_DeInit)
    I2C_GenerateSTART                        0x080018e1   Thumb Code    24  stm32f10x_i2c.o(i.I2C_GenerateSTART)
    I2C_GenerateSTOP                         0x080018f9   Thumb Code    24  stm32f10x_i2c.o(i.I2C_GenerateSTOP)
    I2C_GetFlagStatus                        0x08001911   Thumb Code    58  stm32f10x_i2c.o(i.I2C_GetFlagStatus)
    I2C_Init                                 0x0800194d   Thumb Code   222  stm32f10x_i2c.o(i.I2C_Init)
    I2C_NACKPositionConfig                   0x08001a39   Thumb Code    28  stm32f10x_i2c.o(i.I2C_NACKPositionConfig)
    I2C_ReceiveData                          0x08001a55   Thumb Code     8  stm32f10x_i2c.o(i.I2C_ReceiveData)
    I2C_Send7bitAddress                      0x08001a5d   Thumb Code    18  stm32f10x_i2c.o(i.I2C_Send7bitAddress)
    I2C_SendData                             0x08001a6f   Thumb Code     4  stm32f10x_i2c.o(i.I2C_SendData)
    I2C_WriteOneByte                         0x08001a75   Thumb Code   208  lcd_oled.o(i.I2C_WriteOneByte)
    MemManage_Handler                        0x08001be1   Thumb Code     4  stm32f10x_it.o(i.MemManage_Handler)
    NMI_Handler                              0x08001be5   Thumb Code     2  stm32f10x_it.o(i.NMI_Handler)
    NVIC_Init                                0x08001be9   Thumb Code   100  misc.o(i.NVIC_Init)
    NVIC_PriorityGroupConfig                 0x08001c59   Thumb Code    10  misc.o(i.NVIC_PriorityGroupConfig)
    OLED_Clear                               0x08001cb1   Thumb Code    64  lcd_oled.o(i.OLED_Clear)
    OLED_Init                                0x08001cf1   Thumb Code   248  lcd_oled.o(i.OLED_Init)
    OLED_Set_Pos                             0x08001de9   Thumb Code    46  lcd_oled.o(i.OLED_Set_Pos)
    OLED_ShowChar                            0x08001e19   Thumb Code   106  lcd_oled.o(i.OLED_ShowChar)
    OLED_ShowString                          0x08001e89   Thumb Code    54  lcd_oled.o(i.OLED_ShowString)
    OLED_WR_Byte                             0x08001ec1   Thumb Code    44  lcd_oled.o(i.OLED_WR_Byte)
    PairGpioCheck                            0x08001ef5   Thumb Code   152  stm32_eval.o(i.PairGpioCheck)
    PairGpioCheckDB                          0x08001f8d   Thumb Code   228  stm32_eval.o(i.PairGpioCheckDB)
    PendSV_Handler                           0x08002071   Thumb Code     2  stm32f10x_it.o(i.PendSV_Handler)
    RCC_APB1PeriphClockCmd                   0x08002075   Thumb Code    26  stm32f10x_rcc.o(i.RCC_APB1PeriphClockCmd)
    RCC_APB1PeriphResetCmd                   0x08002095   Thumb Code    26  stm32f10x_rcc.o(i.RCC_APB1PeriphResetCmd)
    RCC_APB2PeriphClockCmd                   0x080020b5   Thumb Code    26  stm32f10x_rcc.o(i.RCC_APB2PeriphClockCmd)
    RCC_APB2PeriphResetCmd                   0x080020d5   Thumb Code    26  stm32f10x_rcc.o(i.RCC_APB2PeriphResetCmd)
    RCC_GetClocksFreq                        0x080020f5   Thumb Code   192  stm32f10x_rcc.o(i.RCC_GetClocksFreq)
    SHT20_init                               0x080021cd   Thumb Code   108  lcd_oled.o(i.SHT20_init)
    SHT20_read_hum                           0x0800223d   Thumb Code   176  lcd_oled.o(i.SHT20_read_hum)
    SHT20_read_tem                           0x08002319   Thumb Code   174  lcd_oled.o(i.SHT20_read_tem)
    SPI_ChangeRate                           0x080023f9   Thumb Code    22  port.o(i.SPI_ChangeRate)
    SPI_Cmd                                  0x08002415   Thumb Code    24  stm32f10x_spi.o(i.SPI_Cmd)
    SPI_Configuration                        0x0800242d   Thumb Code   172  port.o(i.SPI_Configuration)
    SPI_I2S_DeInit                           0x080024e1   Thumb Code    76  stm32f10x_spi.o(i.SPI_I2S_DeInit)
    SPI_I2S_GetFlagStatus                    0x08002539   Thumb Code    18  stm32f10x_spi.o(i.SPI_I2S_GetFlagStatus)
    SPI_Init                                 0x0800254b   Thumb Code    60  stm32f10x_spi.o(i.SPI_Init)
    SPI_SSOutputCmd                          0x08002587   Thumb Code    24  stm32f10x_spi.o(i.SPI_SSOutputCmd)
    STM_EVAL_COMInit                         0x080025a1   Thumb Code   190  stm32_eval.o(i.STM_EVAL_COMInit)
    SVC_Handler                              0x08002685   Thumb Code     2  stm32f10x_it.o(i.SVC_Handler)
    Semaphore_Init                           0x08002689   Thumb Code    20  main.o(i.Semaphore_Init)
    Sum_Tag_Semaphore_request                0x08002789   Thumb Code    24  main.o(i.Sum_Tag_Semaphore_request)
    SysTick_Configuration                    0x080027a9   Thumb Code    78  port.o(i.SysTick_Configuration)
    SysTick_Handler                          0x080027fd   Thumb Code    12  stm32f10x_it.o(i.SysTick_Handler)
    SystemInit                               0x0800280d   Thumb Code    78  system_stm32f10x.o(i.SystemInit)
    TAG_MEASURE                              0x0800286d   Thumb Code  1070  lib.o(i.TAG_MEASURE)
    Tag_Measure_Dis                          0x08002ca5   Thumb Code   654  main.o(i.Tag_Measure_Dis)
    USART1_IRQHandler                        0x08002f79   Thumb Code    32  stm32_eval.o(i.USART1_IRQHandler)
    USART_ClearFlag                          0x08002f9d   Thumb Code    18  stm32f10x_usart.o(i.USART_ClearFlag)
    USART_Cmd                                0x08002faf   Thumb Code    24  stm32f10x_usart.o(i.USART_Cmd)
    USART_GetFlagStatus                      0x08002fc7   Thumb Code    26  stm32f10x_usart.o(i.USART_GetFlagStatus)
    USART_GetITStatus                        0x08002fe1   Thumb Code    84  stm32f10x_usart.o(i.USART_GetITStatus)
    USART_ITConfig                           0x08003035   Thumb Code    74  stm32f10x_usart.o(i.USART_ITConfig)
    USART_Init                               0x08003081   Thumb Code   210  stm32f10x_usart.o(i.USART_Init)
    USART_ReceiveData                        0x08003159   Thumb Code    10  stm32f10x_usart.o(i.USART_ReceiveData)
    USART_SendData                           0x08003163   Thumb Code     8  stm32f10x_usart.o(i.USART_SendData)
    USART_puts                               0x0800316b   Thumb Code    24  port.o(i.USART_puts)
    UsageFault_Handler                       0x08003183   Thumb Code     4  stm32f10x_it.o(i.UsageFault_Handler)
    __0printf                                0x08003189   Thumb Code    22  printfa.o(i.__0printf)
    __1printf                                0x08003189   Thumb Code     0  printfa.o(i.__0printf)
    __2printf                                0x08003189   Thumb Code     0  printfa.o(i.__0printf)
    __c89printf                              0x08003189   Thumb Code     0  printfa.o(i.__0printf)
    printf                                   0x08003189   Thumb Code     0  printfa.o(i.__0printf)
    __0sprintf                               0x080031a9   Thumb Code    34  printfa.o(i.__0sprintf)
    __1sprintf                               0x080031a9   Thumb Code     0  printfa.o(i.__0sprintf)
    __2sprintf                               0x080031a9   Thumb Code     0  printfa.o(i.__0sprintf)
    __c89sprintf                             0x080031a9   Thumb Code     0  printfa.o(i.__0sprintf)
    sprintf                                  0x080031a9   Thumb Code     0  printfa.o(i.__0sprintf)
    __ARM_fpclassify                         0x080031d1   Thumb Code    40  fpclassify.o(i.__ARM_fpclassify)
    __aeabi_errno_addr                       0x080031f9   Thumb Code     4  errno.o(i.__aeabi_errno_addr)
    __rt_errno_addr                          0x080031f9   Thumb Code     0  errno.o(i.__aeabi_errno_addr)
    __kernel_poly                            0x08003201   Thumb Code   170  poly.o(i.__kernel_poly)
    __mathlib_dbl_divzero                    0x080032ad   Thumb Code    12  dunder.o(i.__mathlib_dbl_divzero)
    __mathlib_dbl_infnan                     0x080032bd   Thumb Code     6  dunder.o(i.__mathlib_dbl_infnan)
    __mathlib_dbl_infnan2                    0x080032c3   Thumb Code     4  dunder.o(i.__mathlib_dbl_infnan2)
    __mathlib_dbl_invalid                    0x080032c7   Thumb Code    12  dunder.o(i.__mathlib_dbl_invalid)
    __mathlib_dbl_overflow                   0x080032d3   Thumb Code    14  dunder.o(i.__mathlib_dbl_overflow)
    __mathlib_dbl_underflow                  0x080032e1   Thumb Code    10  dunder.o(i.__mathlib_dbl_underflow)
    __scatterload_copy                       0x080032f1   Thumb Code    14  handlers.o(i.__scatterload_copy)
    __scatterload_null                       0x080032ff   Thumb Code     2  handlers.o(i.__scatterload_null)
    __scatterload_zeroinit                   0x08003301   Thumb Code    14  handlers.o(i.__scatterload_zeroinit)
    __set_errno                              0x08003311   Thumb Code     6  errno.o(i.__set_errno)
    _dwt_configlde                           0x0800331d   Thumb Code    56  deca_device.o(i._dwt_configlde)
    _dwt_enableclocks                        0x08003355   Thumb Code   228  deca_device.o(i._dwt_enableclocks)
    _dwt_loaducodefromrom                    0x08003439   Thumb Code    52  deca_device.o(i._dwt_loaducodefromrom)
    _dwt_otpread                             0x0800346d   Thumb Code    78  deca_device.o(i._dwt_otpread)
    asin                                     0x08003d79   Thumb Code   572  asin.o(i.asin)
    at_cmd_parse                             0x08003fe9   Thumb Code   286  stm32_eval.o(i.at_cmd_parse)
    at_cmd_recv                              0x08004125   Thumb Code   122  stm32_eval.o(i.at_cmd_recv)
    buo1DbGpio                               0x080041b1   Thumb Code   232  stm32_eval.o(i.buo1DbGpio)
    buo1Gpio                                 0x0800438d   Thumb Code    84  stm32_eval.o(i.buo1Gpio)
    deca_sleep                               0x0800459d   Thumb Code    24  deca_sleep.o(i.deca_sleep)
    decamutexoff                             0x080045b5   Thumb Code    28  deca_mutex.o(i.decamutexoff)
    decamutexon                              0x080045d1   Thumb Code    34  deca_mutex.o(i.decamutexon)
    drv_lis2dh12_get_angle                   0x08004789   Thumb Code   474  lcd_oled.o(i.drv_lis2dh12_get_angle)
    drv_lis2dh12_iic_read_byte               0x08004999   Thumb Code   230  lcd_oled.o(i.drv_lis2dh12_iic_read_byte)
    drv_lis2dh12_iic_write_byte              0x08004a91   Thumb Code    22  lcd_oled.o(i.drv_lis2dh12_iic_write_byte)
    drv_lis2dh12_init                        0x08004aad   Thumb Code    68  lcd_oled.o(i.drv_lis2dh12_init)
    dwt_configure                            0x08004af1   Thumb Code   540  deca_device.o(i.dwt_configure)
    dwt_enablegpioclocks                     0x08004d39   Thumb Code    26  deca_device.o(i.dwt_enablegpioclocks)
    dwt_enablegpioclocks1                    0x08004d53   Thumb Code    94  deca_device.o(i.dwt_enablegpioclocks1)
    dwt_entersleepaftertx                    0x08004db1   Thumb Code    38  deca_device.o(i.dwt_entersleepaftertx)
    dwt_forcetrxoff                          0x08004dd9   Thumb Code    84  deca_device.o(i.dwt_forcetrxoff)
    dwt_getgpiovalue                         0x08004e35   Thumb Code    24  deca_device.o(i.dwt_getgpiovalue)
    dwt_getrangebias                         0x08004e4d   Thumb Code   254  deca_range_tables.o(i.dwt_getrangebias)
    dwt_initialise                           0x08004f71   Thumb Code   260  deca_device.o(i.dwt_initialise)
    dwt_read16bitoffsetreg                   0x0800507d   Thumb Code    44  deca_device.o(i.dwt_read16bitoffsetreg)
    dwt_read32bitoffsetreg                   0x080050a9   Thumb Code    56  deca_device.o(i.dwt_read32bitoffsetreg)
    dwt_readdevid                            0x080050e1   Thumb Code    12  deca_device.o(i.dwt_readdevid)
    dwt_readfromdevice                       0x080050ed   Thumb Code   100  deca_device.o(i.dwt_readfromdevice)
    dwt_readrxdata                           0x08005151   Thumb Code    22  deca_device.o(i.dwt_readrxdata)
    dwt_readrxtimestamp                      0x08005167   Thumb Code    18  deca_device.o(i.dwt_readrxtimestamp)
    dwt_readtxtimestamp                      0x08005179   Thumb Code    18  deca_device.o(i.dwt_readtxtimestamp)
    dwt_rxenable                             0x0800518b   Thumb Code    84  deca_device.o(i.dwt_rxenable)
    dwt_setGPIOdirection                     0x080051df   Thumb Code    42  deca_device.o(i.dwt_setGPIOdirection)
    dwt_setGPIOvalue                         0x08005209   Thumb Code    42  deca_device.o(i.dwt_setGPIOvalue)
    dwt_setdelayedtrxtime                    0x08005233   Thumb Code    16  deca_device.o(i.dwt_setdelayedtrxtime)
    dwt_setleds                              0x08005243   Thumb Code   210  deca_device.o(i.dwt_setleds)
    dwt_setrxaftertxdelay                    0x08005315   Thumb Code    36  deca_device.o(i.dwt_setrxaftertxdelay)
    dwt_setrxantennadelay                    0x08005339   Thumb Code    18  deca_device.o(i.dwt_setrxantennadelay)
    dwt_setrxtimeout                         0x0800534d   Thumb Code   102  deca_device.o(i.dwt_setrxtimeout)
    dwt_settxantennadelay                    0x080053b9   Thumb Code    16  deca_device.o(i.dwt_settxantennadelay)
    dwt_starttx                              0x080053c9   Thumb Code   150  deca_device.o(i.dwt_starttx)
    dwt_syncrxbufptrs                        0x08005465   Thumb Code    56  deca_device.o(i.dwt_syncrxbufptrs)
    dwt_write16bitoffsetreg                  0x0800549d   Thumb Code    38  deca_device.o(i.dwt_write16bitoffsetreg)
    dwt_write32bitoffsetreg                  0x080054c3   Thumb Code    48  deca_device.o(i.dwt_write32bitoffsetreg)
    dwt_writetodevice                        0x080054f3   Thumb Code   104  deca_device.o(i.dwt_writetodevice)
    dwt_writetxdata                          0x0800555b   Thumb Code    38  deca_device.o(i.dwt_writetxdata)
    dwt_writetxfctrl                         0x08005581   Thumb Code    30  deca_device.o(i.dwt_writetxfctrl)
    dwt_xtaltrim                             0x080055a5   Thumb Code    52  deca_device.o(i.dwt_xtaltrim)
    filter                                   0x080055d9   Thumb Code   134  main.o(i.filter)
    fputc                                    0x0800569d   Thumb Code    40  main.o(i.fputc)
    get_rx_timestamp_u64                     0x080056c9   Thumb Code    38  lib.o(i.get_rx_timestamp_u64)
    get_tx_timestamp_u64                     0x080056ef   Thumb Code    38  lib.o(i.get_tx_timestamp_u64)
    hal_i2c1_read_data                       0x08005715   Thumb Code   336  lcd_oled.o(i.hal_i2c1_read_data)
    hal_i2c1_send_data                       0x08005871   Thumb Code    50  lcd_oled.o(i.hal_i2c1_send_data)
    hal_i2c1_send_data1                      0x080058a5   Thumb Code   174  lcd_oled.o(i.hal_i2c1_send_data1)
    main                                     0x08005965   Thumb Code   484  main.o(i.main)
    peripherals_init                         0x08005c51   Thumb Code    64  port.o(i.peripherals_init)
    portGetTickCnt                           0x08005c91   Thumb Code     6  port.o(i.portGetTickCnt)
    pow                                      0x08005c9d   Thumb Code  2512  pow.o(i.pow)
    putc                                     0x08006675   Thumb Code     4  putc.o(i.putc)
    putchar                                  0x08006679   Thumb Code     6  putchar.o(i.putchar)
    readfromspi_serial                       0x08006685   Thumb Code   118  deca_spi.o(i.readfromspi_serial)
    reset_DW1000                             0x08006705   Thumb Code    76  port.o(i.reset_DW1000)
    spi_set_rate_high                        0x08006763   Thumb Code    10  port.o(i.spi_set_rate_high)
    spi_set_rate_low                         0x0800676d   Thumb Code    10  port.o(i.spi_set_rate_low)
    sqrt                                     0x08006777   Thumb Code    76  sqrt.o(i.sqrt)
    string_split                             0x080067c3   Thumb Code   100  stm32_eval.o(i.string_split)
    usartinit                                0x08006827   Thumb Code    42  port.o(i.usartinit)
    writetospi_serial                        0x08006851   Thumb Code   116  deca_spi.o(i.writetospi_serial)
    Filter_D_set                             0x080068cc   Data           4  main.o(.constdata)
    GPIO_PIN                                 0x080069d8   Data           8  stm32_eval.o(.constdata)
    GPIO_CLK                                 0x080069e0   Data          16  stm32_eval.o(.constdata)
    BUTTON_PIN                               0x080069f0   Data          16  stm32_eval.o(.constdata)
    BUTTON_CLK                               0x08006a00   Data          32  stm32_eval.o(.constdata)
    BUTTON_EXTI_LINE                         0x08006a20   Data          16  stm32_eval.o(.constdata)
    BUTTON_PORT_SOURCE                       0x08006a30   Data          16  stm32_eval.o(.constdata)
    BUTTON_PIN_SOURCE                        0x08006a40   Data          16  stm32_eval.o(.constdata)
    BUTTON_IRQn                              0x08006a50   Data          16  stm32_eval.o(.constdata)
    COM_USART_CLK                            0x08006a60   Data           8  stm32_eval.o(.constdata)
    COM_TX_PORT_CLK                          0x08006a68   Data           8  stm32_eval.o(.constdata)
    COM_RX_PORT_CLK                          0x08006a70   Data           8  stm32_eval.o(.constdata)
    COM_TX_PIN                               0x08006a78   Data           4  stm32_eval.o(.constdata)
    COM_RX_PIN                               0x08006a7c   Data           4  stm32_eval.o(.constdata)
    F6x8                                     0x08006a86   Data         552  lcd_oled.o(.constdata)
    F8X16                                    0x08006cae   Data        1520  lcd_oled.o(.constdata)
    chan_idx                                 0x080072a0   Data           8  deca_params_init.o(.constdata)
    tx_config                                0x080072a8   Data          24  deca_params_init.o(.constdata)
    pll2_config                              0x080072c0   Data          30  deca_params_init.o(.constdata)
    rx_config                                0x080072de   Data           2  deca_params_init.o(.constdata)
    agc_config                               0x080072e0   Data           8  deca_params_init.o(.constdata)
    dwnsSFDlen                               0x080072e8   Data           3  deca_params_init.o(.constdata)
    sftsh                                    0x080072ec   Data          12  deca_params_init.o(.constdata)
    dtune1                                   0x080072f8   Data           4  deca_params_init.o(.constdata)
    digital_bb_config                        0x080072fc   Data          32  deca_params_init.o(.constdata)
    lde_replicaCoeff                         0x0800731c   Data          50  deca_params_init.o(.constdata)
    chan_idxnb                               0x0800734e   Data           8  deca_range_tables.o(.constdata)
    chan_idxwb                               0x08007356   Data           8  deca_range_tables.o(.constdata)
    range25cm16PRFnb                         0x0800735e   Data         148  deca_range_tables.o(.constdata)
    range25cm16PRFwb                         0x080073f2   Data         136  deca_range_tables.o(.constdata)
    range25cm64PRFnb                         0x0800747a   Data         104  deca_range_tables.o(.constdata)
    range25cm64PRFwb                         0x080074e2   Data         118  deca_range_tables.o(.constdata)
    __mathlib_zero                           0x08007630   Data           8  qnan.o(.constdata)
    __ctype_table                            0x08007638   Data         129  ctype_o.o(.constdata)
    Region$$Table$$Base                      0x08007730   Number         0  anon$$obj.o(Region$$Table)
    Region$$Table$$Limit                     0x08007750   Number         0  anon$$obj.o(Region$$Table)
    time32_incr                              0x20000000   Data           4  stm32f10x_it.o(.data)
    ANCHOR_REFRESH_COUNT_set                 0x20000130   Data           4  main.o(.data)
    final_distance                           0x20000138   Data           8  main.o(.data)
    SystemCoreClock                          0x20000158   Data           4  system_stm32f10x.o(.data)
    AHBPrescTable                            0x2000015c   Data          16  system_stm32f10x.o(.data)
    GPIO_PORT                                0x2000016c   Data          16  stm32_eval.o(.data)
    BUTTON_PORT                              0x2000017c   Data          32  stm32_eval.o(.data)
    COM_USART                                0x2000019c   Data           8  stm32_eval.o(.data)
    COM_TX_PORT                              0x200001a4   Data           8  stm32_eval.o(.data)
    COM_RX_PORT                              0x200001ac   Data           8  stm32_eval.o(.data)
    SWITCH_DIS                               0x200001b4   Data           1  stm32_eval.o(.data)
    UserSetNow                               0x200001b6   Data           4  stm32_eval.o(.data)
    at_table                                 0x200001bc   Data          80  stm32_eval.o(.data)
    Hzk                                      0x20000218   Data         448  lcd_oled.o(.data)
    IIc_flag                                 0x200003d8   Data           4  lcd_oled.o(.data)
    TAG_ID                                   0x200003e1   Data           1  lib.o(.data)
    MASTER_TAG                               0x200003e2   Data           1  lib.o(.data)
    SLAVE_TAG_START_INDEX                    0x200003e3   Data           1  lib.o(.data)
    ANCHOR_IND                               0x200003e4   Data           1  lib.o(.data)
    Semaphore                                0x200003e5   Data           1  lib.o(.data)
    __stdout                                 0x200004c8   Data           4  stdout.o(.data)
    AnchorList                               0x200004f0   Data        1080  main.o(.bss)
    tag_best_solution                        0x20000928   Data          24  main.o(.bss)
    Anthordistance                           0x20000940   Data         180  main.o(.bss)
    Anthordistance_count                     0x200009f4   Data         180  main.o(.bss)
    Value_Buf                                0x20000aa8   Data         100  main.o(.bss)
    filter_index                             0x20000b0c   Data          20  main.o(.bss)
    I2C_InitStructure                        0x20001190   Data          16  port.o(.bss)
    dist_str                                 0x200011dc   Data          16  lib.o(.bss)
    __initial_sp                             0x20001808   Data           0  startup_stm32f10x_hd.o(STACK)



==============================================================================

Memory Map of the image

  Image Entry point : 0x08000131

  Load Region LR_IROM1 (Base: 0x08000000, Size: 0x00007c24, Max: 0x00010000, ABSOLUTE, COMPRESSED[0x000078f4])

    Execution Region ER_IROM1 (Exec base: 0x08000000, Load base: 0x08000000, Size: 0x00007750, Max: 0x00010000, ABSOLUTE)

    Exec Addr    Load Addr    Size         Type   Attr      Idx    E Section Name        Object

    0x08000000   0x08000000   0x00000130   Data   RO         5004    RESET               startup_stm32f10x_hd.o
    0x08000130   0x08000130   0x00000000   Code   RO         6566  * .ARM.Collect$$$$00000000  mc_w.l(entry.o)
    0x08000130   0x08000130   0x00000004   Code   RO         6946    .ARM.Collect$$$$00000001  mc_w.l(entry2.o)
    0x08000134   0x08000134   0x00000004   Code   RO         6949    .ARM.Collect$$$$00000004  mc_w.l(entry5.o)
    0x08000138   0x08000138   0x00000000   Code   RO         6951    .ARM.Collect$$$$00000008  mc_w.l(entry7b.o)
    0x08000138   0x08000138   0x00000000   Code   RO         6953    .ARM.Collect$$$$0000000A  mc_w.l(entry8b.o)
    0x08000138   0x08000138   0x00000008   Code   RO         6954    .ARM.Collect$$$$0000000B  mc_w.l(entry9a.o)
    0x08000140   0x08000140   0x00000000   Code   RO         6956    .ARM.Collect$$$$0000000D  mc_w.l(entry10a.o)
    0x08000140   0x08000140   0x00000000   Code   RO         6958    .ARM.Collect$$$$0000000F  mc_w.l(entry11a.o)
    0x08000140   0x08000140   0x00000004   Code   RO         6947    .ARM.Collect$$$$00002712  mc_w.l(entry2.o)
    0x08000144   0x08000144   0x00000024   Code   RO         5005    .text               startup_stm32f10x_hd.o
    0x08000168   0x08000168   0x00000024   Code   RO         6580    .text               mc_w.l(memseta.o)
    0x0800018c   0x0800018c   0x00000024   Code   RO         6582    .text               mc_w.l(strstr.o)
    0x080001b0   0x080001b0   0x0000000e   Code   RO         6584    .text               mc_w.l(strlen.o)
    0x080001be   0x080001be   0x0000001a   Code   RO         6586    .text               mc_w.l(memcmp.o)
    0x080001d8   0x080001d8   0x00000044   Code   RO         6588    .text               mc_w.l(strtok.o)
    0x0800021c   0x0800021c   0x0000001a   Code   RO         6857    .text               mc_w.l(atoi.o)
    0x08000236   0x08000236   0x000000b0   Code   RO         6859    .text               mf_w.l(fadd.o)
    0x080002e6   0x080002e6   0x00000064   Code   RO         6861    .text               mf_w.l(fmul.o)
    0x0800034a   0x0800034a   0x0000007c   Code   RO         6863    .text               mf_w.l(fdiv.o)
    0x080003c6   0x080003c6   0x0000014e   Code   RO         6865    .text               mf_w.l(dadd.o)
    0x08000514   0x08000514   0x000000e4   Code   RO         6867    .text               mf_w.l(dmul.o)
    0x080005f8   0x080005f8   0x000000de   Code   RO         6869    .text               mf_w.l(ddiv.o)
    0x080006d6   0x080006d6   0x00000012   Code   RO         6871    .text               mf_w.l(fflti.o)
    0x080006e8   0x080006e8   0x00000022   Code   RO         6873    .text               mf_w.l(dflti.o)
    0x0800070a   0x0800070a   0x0000001a   Code   RO         6875    .text               mf_w.l(dfltui.o)
    0x08000724   0x08000724   0x00000028   Code   RO         6877    .text               mf_w.l(dfltl.o)
    0x0800074c   0x0800074c   0x00000032   Code   RO         6879    .text               mf_w.l(ffixi.o)
    0x0800077e   0x0800077e   0x0000003e   Code   RO         6881    .text               mf_w.l(dfixi.o)
    0x080007bc   0x080007bc   0x0000004a   Code   RO         6883    .text               mf_w.l(dfixl.o)
    0x08000806   0x08000806   0x00000026   Code   RO         6885    .text               mf_w.l(f2d.o)
    0x0800082c   0x0800082c   0x00000030   Code   RO         6889    .text               mf_w.l(cdrcmple.o)
    0x0800085c   0x0800085c   0x00000038   Code   RO         6891    .text               mf_w.l(d2f.o)
    0x08000894   0x08000894   0x00000014   Code   RO         6893    .text               mf_w.l(cfcmple.o)
    0x080008a8   0x080008a8   0x00000014   Code   RO         6895    .text               mf_w.l(cfrcmple.o)
    0x080008bc   0x080008bc   0x0000002c   Code   RO         6960    .text               mc_w.l(uidiv.o)
    0x080008e8   0x080008e8   0x00000062   Code   RO         6962    .text               mc_w.l(uldiv.o)
    0x0800094a   0x0800094a   0x0000001e   Code   RO         6964    .text               mc_w.l(llshl.o)
    0x08000968   0x08000968   0x00000020   Code   RO         6966    .text               mc_w.l(llushr.o)
    0x08000988   0x08000988   0x00000024   Code   RO         6968    .text               mc_w.l(llsshr.o)
    0x080009ac   0x080009ac   0x00000070   Code   RO         6977    .text               mc_w.l(strtol.o)
    0x08000a1c   0x08000a1c   0x00000000   Code   RO         6979    .text               mc_w.l(iusefp.o)
    0x08000a1c   0x08000a1c   0x0000006e   Code   RO         6980    .text               mf_w.l(fepilogue.o)
    0x08000a8a   0x08000a8a   0x000000ba   Code   RO         6982    .text               mf_w.l(depilogue.o)
    0x08000b44   0x08000b44   0x0000002e   Code   RO         6984    .text               mf_w.l(dscalb.o)
    0x08000b72   0x08000b72   0x000000a2   Code   RO         6986    .text               mf_w.l(dsqrt.o)
    0x08000c14   0x08000c14   0x00000030   Code   RO         6988    .text               mf_w.l(dfixul.o)
    0x08000c44   0x08000c44   0x00000024   Code   RO         6990    .text               mc_w.l(init.o)
    0x08000c68   0x08000c68   0x00000008   Code   RO         6992    .text               mc_w.l(ctype_o.o)
    0x08000c70   0x08000c70   0x0000009e   Code   RO         7020    .text               mc_w.l(_strtoul.o)
    0x08000d0e   0x08000d0e   0x0000001c   Code   RO         7024    .text               mc_w.l(_chval.o)
    0x08000d2a   0x08000d2a   0x0000005e   Code   RO         7034    .text               mc_w.l(__dclz77c.o)
    0x08000d88   0x08000d88   0x000002c8   Code   RO         6326    i.ANTHOR_MEASURE    STM3210E-EVAL.lib(lib.o)
    0x08001050   0x08001050   0x0000002c   Code   RO         3910    i.AT_CmdFunc_ANCHOR_GPIOTEST  stm32_eval.o
    0x0800107c   0x0800107c   0x000000f4   Code   RO         3911    i.AT_CmdFunc_ANCHOR_TAG  stm32_eval.o
    0x08001170   0x08001170   0x00000010   Code   RO         3912    i.AT_CmdFunc_AT     stm32_eval.o
    0x08001180   0x08001180   0x00000034   Code   RO         3913    i.AT_CmdFunc_FACTORY  stm32_eval.o
    0x080011b4   0x080011b4   0x0000004c   Code   RO         3914    i.AT_CmdFunc_RST    stm32_eval.o
    0x08001200   0x08001200   0x00000064   Code   RO         3915    i.AT_CmdFunc_TemHum  stm32_eval.o
    0x08001264   0x08001264   0x00000044   Code   RO         3916    i.AT_CmdFunc_XYZ    stm32_eval.o
    0x080012a8   0x080012a8   0x0000004c   Code   RO         3917    i.AT_CmdFunc_interval  stm32_eval.o
    0x080012f4   0x080012f4   0x00000054   Code   RO         3918    i.AT_CmdFunc_ondis  stm32_eval.o
    0x08001348   0x08001348   0x00000040   Code   RO         3919    i.AT_CmdFunc_version  stm32_eval.o
    0x08001388   0x08001388   0x00000024   Code   RO          155    i.Anchor_Array_Init  main.o
    0x080013ac   0x080013ac   0x00000004   Code   RO            1    i.BusFault_Handler  stm32f10x_it.o
    0x080013b0   0x080013b0   0x00000002   Code   RO            2    i.DebugMon_Handler  stm32f10x_it.o
    0x080013b2   0x080013b2   0x00000002   PAD
    0x080013b4   0x080013b4   0x0000001c   Code   RO         5092    i.EXTI_GetITEnStatus  port.o
    0x080013d0   0x080013d0   0x0000004c   Code   RO         2896    i.FLASH_ErasePage   stm32f10x_flash.o
    0x0800141c   0x0800141c   0x00000034   Code   RO         2897    i.FLASH_GetBank1Status  stm32f10x_flash.o
    0x08001450   0x08001450   0x00000014   Code   RO         2906    i.FLASH_Lock        stm32f10x_flash.o
    0x08001464   0x08001464   0x00000040   Code   RO         2909    i.FLASH_ProgramHalfWord  stm32f10x_flash.o
    0x080014a4   0x080014a4   0x00000006   Code   RO         3920    i.FLASH_ReadHalfWord  stm32_eval.o
    0x080014aa   0x080014aa   0x00000022   Code   RO         3921    i.FLASH_ReadMoreData  stm32_eval.o
    0x080014cc   0x080014cc   0x00000018   Code   RO         2914    i.FLASH_Unlock      stm32f10x_flash.o
    0x080014e4   0x080014e4   0x00000026   Code   RO         2918    i.FLASH_WaitForLastOperation  stm32f10x_flash.o
    0x0800150a   0x0800150a   0x00000002   PAD
    0x0800150c   0x0800150c   0x0000005c   Code   RO         3923    i.FLASH_WriteMoreData  stm32_eval.o
    0x08001568   0x08001568   0x000000f4   Code   RO         5093    i.GPIO_Configuration  port.o
    0x0800165c   0x0800165c   0x00000116   Code   RO         1056    i.GPIO_Init         stm32f10x_gpio.o
    0x08001772   0x08001772   0x00000002   PAD
    0x08001774   0x08001774   0x00000090   Code   RO         1058    i.GPIO_PinRemapConfig  stm32f10x_gpio.o
    0x08001804   0x08001804   0x00000012   Code   RO         1060    i.GPIO_ReadInputDataBit  stm32f10x_gpio.o
    0x08001816   0x08001816   0x00000004   Code   RO         1063    i.GPIO_ResetBits    stm32f10x_gpio.o
    0x0800181a   0x0800181a   0x00000004   Code   RO         1064    i.GPIO_SetBits      stm32f10x_gpio.o
    0x0800181e   0x0800181e   0x00000008   Code   RO         3924    i.HAL_GetTick       stm32_eval.o
    0x08001826   0x08001826   0x00000002   PAD
    0x08001828   0x08001828   0x00000024   Code   RO            3    i.HardFault_Handler  stm32f10x_it.o
    0x0800184c   0x0800184c   0x00000018   Code   RO         1984    i.I2C_AcknowledgeConfig  stm32f10x_i2c.o
    0x08001864   0x08001864   0x0000002a   Code   RO         1986    i.I2C_CheckEvent    stm32f10x_i2c.o
    0x0800188e   0x0800188e   0x00000018   Code   RO         1989    i.I2C_Cmd           stm32f10x_i2c.o
    0x080018a6   0x080018a6   0x00000002   PAD
    0x080018a8   0x080018a8   0x00000038   Code   RO         1992    i.I2C_DeInit        stm32f10x_i2c.o
    0x080018e0   0x080018e0   0x00000018   Code   RO         1996    i.I2C_GenerateSTART  stm32f10x_i2c.o
    0x080018f8   0x080018f8   0x00000018   Code   RO         1997    i.I2C_GenerateSTOP  stm32f10x_i2c.o
    0x08001910   0x08001910   0x0000003a   Code   RO         1998    i.I2C_GetFlagStatus  stm32f10x_i2c.o
    0x0800194a   0x0800194a   0x00000002   PAD
    0x0800194c   0x0800194c   0x000000ec   Code   RO         2003    i.I2C_Init          stm32f10x_i2c.o
    0x08001a38   0x08001a38   0x0000001c   Code   RO         2004    i.I2C_NACKPositionConfig  stm32f10x_i2c.o
    0x08001a54   0x08001a54   0x00000008   Code   RO         2008    i.I2C_ReceiveData   stm32f10x_i2c.o
    0x08001a5c   0x08001a5c   0x00000012   Code   RO         2010    i.I2C_Send7bitAddress  stm32f10x_i2c.o
    0x08001a6e   0x08001a6e   0x00000004   Code   RO         2011    i.I2C_SendData      stm32f10x_i2c.o
    0x08001a72   0x08001a72   0x00000002   PAD
    0x08001a74   0x08001a74   0x000000e0   Code   RO         5309    i.I2C_WriteOneByte  lcd_oled.o
    0x08001b54   0x08001b54   0x0000000e   Code   RO         5310    i.I2C_delay         lcd_oled.o
    0x08001b62   0x08001b62   0x00000002   PAD
    0x08001b64   0x08001b64   0x0000007c   Code   RO         5094    i.MX_I2C1_Init      port.o
    0x08001be0   0x08001be0   0x00000004   Code   RO            4    i.MemManage_Handler  stm32f10x_it.o
    0x08001be4   0x08001be4   0x00000002   Code   RO            5    i.NMI_Handler       stm32f10x_it.o
    0x08001be6   0x08001be6   0x00000002   PAD
    0x08001be8   0x08001be8   0x00000070   Code   RO         1170    i.NVIC_Init         misc.o
    0x08001c58   0x08001c58   0x00000014   Code   RO         1171    i.NVIC_PriorityGroupConfig  misc.o
    0x08001c6c   0x08001c6c   0x00000028   Code   RO         5097    i.NVIC_SetPriority  port.o
    0x08001c94   0x08001c94   0x0000001c   Code   RO         6327    i.NVIC_SystemReset  STM3210E-EVAL.lib(lib.o)
    0x08001cb0   0x08001cb0   0x00000040   Code   RO         5311    i.OLED_Clear        lcd_oled.o
    0x08001cf0   0x08001cf0   0x000000f8   Code   RO         5315    i.OLED_Init         lcd_oled.o
    0x08001de8   0x08001de8   0x0000002e   Code   RO         5316    i.OLED_Set_Pos      lcd_oled.o
    0x08001e16   0x08001e16   0x00000002   PAD
    0x08001e18   0x08001e18   0x00000070   Code   RO         5317    i.OLED_ShowChar     lcd_oled.o
    0x08001e88   0x08001e88   0x00000036   Code   RO         5319    i.OLED_ShowString   lcd_oled.o
    0x08001ebe   0x08001ebe   0x00000002   PAD
    0x08001ec0   0x08001ec0   0x00000034   Code   RO         5320    i.OLED_WR_Byte      lcd_oled.o
    0x08001ef4   0x08001ef4   0x00000098   Code   RO         3927    i.PairGpioCheck     stm32_eval.o
    0x08001f8c   0x08001f8c   0x000000e4   Code   RO         3928    i.PairGpioCheckDB   stm32_eval.o
    0x08002070   0x08002070   0x00000002   Code   RO            6    i.PendSV_Handler    stm32f10x_it.o
    0x08002072   0x08002072   0x00000002   PAD
    0x08002074   0x08002074   0x00000020   Code   RO          783    i.RCC_APB1PeriphClockCmd  stm32f10x_rcc.o
    0x08002094   0x08002094   0x00000020   Code   RO          784    i.RCC_APB1PeriphResetCmd  stm32f10x_rcc.o
    0x080020b4   0x080020b4   0x00000020   Code   RO          785    i.RCC_APB2PeriphClockCmd  stm32f10x_rcc.o
    0x080020d4   0x080020d4   0x00000020   Code   RO          786    i.RCC_APB2PeriphResetCmd  stm32f10x_rcc.o
    0x080020f4   0x080020f4   0x000000d8   Code   RO          793    i.RCC_GetClocksFreq  stm32f10x_rcc.o
    0x080021cc   0x080021cc   0x00000070   Code   RO         5321    i.SHT20_init        lcd_oled.o
    0x0800223c   0x0800223c   0x000000dc   Code   RO         5322    i.SHT20_read_hum    lcd_oled.o
    0x08002318   0x08002318   0x000000e0   Code   RO         5323    i.SHT20_read_tem    lcd_oled.o
    0x080023f8   0x080023f8   0x0000001c   Code   RO         5101    i.SPI_ChangeRate    port.o
    0x08002414   0x08002414   0x00000018   Code   RO         1271    i.SPI_Cmd           stm32f10x_spi.o
    0x0800242c   0x0800242c   0x000000b4   Code   RO         5103    i.SPI_Configuration  port.o
    0x080024e0   0x080024e0   0x00000058   Code   RO         1278    i.SPI_I2S_DeInit    stm32f10x_spi.o
    0x08002538   0x08002538   0x00000012   Code   RO         1279    i.SPI_I2S_GetFlagStatus  stm32f10x_spi.o
    0x0800254a   0x0800254a   0x0000003c   Code   RO         1284    i.SPI_Init          stm32f10x_spi.o
    0x08002586   0x08002586   0x00000018   Code   RO         1286    i.SPI_SSOutputCmd   stm32f10x_spi.o
    0x0800259e   0x0800259e   0x00000002   PAD
    0x080025a0   0x080025a0   0x000000e4   Code   RO         3934    i.STM_EVAL_COMInit  stm32_eval.o
    0x08002684   0x08002684   0x00000002   Code   RO            7    i.SVC_Handler       stm32f10x_it.o
    0x08002686   0x08002686   0x00000002   PAD
    0x08002688   0x08002688   0x00000018   Code   RO          156    i.Semaphore_Init    main.o
    0x080026a0   0x080026a0   0x00000008   Code   RO         3876    i.SetSysClock       system_stm32f10x.o
    0x080026a8   0x080026a8   0x000000e0   Code   RO         3877    i.SetSysClockTo72   system_stm32f10x.o
    0x08002788   0x08002788   0x00000020   Code   RO          157    i.Sum_Tag_Semaphore_request  main.o
    0x080027a8   0x080027a8   0x00000054   Code   RO         5104    i.SysTick_Configuration  port.o
    0x080027fc   0x080027fc   0x00000010   Code   RO            8    i.SysTick_Handler   stm32f10x_it.o
    0x0800280c   0x0800280c   0x00000060   Code   RO         3879    i.SystemInit        system_stm32f10x.o
    0x0800286c   0x0800286c   0x00000438   Code   RO         6328    i.TAG_MEASURE       STM3210E-EVAL.lib(lib.o)
    0x08002ca4   0x08002ca4   0x000002d4   Code   RO          158    i.Tag_Measure_Dis   main.o
    0x08002f78   0x08002f78   0x00000024   Code   RO         3941    i.USART1_IRQHandler  stm32_eval.o
    0x08002f9c   0x08002f9c   0x00000012   Code   RO         1536    i.USART_ClearFlag   stm32f10x_usart.o
    0x08002fae   0x08002fae   0x00000018   Code   RO         1540    i.USART_Cmd         stm32f10x_usart.o
    0x08002fc6   0x08002fc6   0x0000001a   Code   RO         1543    i.USART_GetFlagStatus  stm32f10x_usart.o
    0x08002fe0   0x08002fe0   0x00000054   Code   RO         1544    i.USART_GetITStatus  stm32f10x_usart.o
    0x08003034   0x08003034   0x0000004a   Code   RO         1546    i.USART_ITConfig    stm32f10x_usart.o
    0x0800307e   0x0800307e   0x00000002   PAD
    0x08003080   0x08003080   0x000000d8   Code   RO         1547    i.USART_Init        stm32f10x_usart.o
    0x08003158   0x08003158   0x0000000a   Code   RO         1554    i.USART_ReceiveData  stm32f10x_usart.o
    0x08003162   0x08003162   0x00000008   Code   RO         1557    i.USART_SendData    stm32f10x_usart.o
    0x0800316a   0x0800316a   0x00000018   Code   RO         5106    i.USART_puts        port.o
    0x08003182   0x08003182   0x00000004   Code   RO            9    i.UsageFault_Handler  stm32f10x_it.o
    0x08003186   0x08003186   0x00000002   PAD
    0x08003188   0x08003188   0x00000020   Code   RO         6829    i.__0printf         mc_w.l(printfa.o)
    0x080031a8   0x080031a8   0x00000028   Code   RO         6831    i.__0sprintf        mc_w.l(printfa.o)
    0x080031d0   0x080031d0   0x00000028   Code   RO         6914    i.__ARM_fpclassify  m_ws.l(fpclassify.o)
    0x080031f8   0x080031f8   0x00000008   Code   RO         6970    i.__aeabi_errno_addr  mc_w.l(errno.o)
    0x08003200   0x08003200   0x000000aa   Code   RO         6932    i.__kernel_poly     m_ws.l(poly.o)
    0x080032aa   0x080032aa   0x00000002   PAD
    0x080032ac   0x080032ac   0x00000010   Code   RO         6900    i.__mathlib_dbl_divzero  m_ws.l(dunder.o)
    0x080032bc   0x080032bc   0x00000006   Code   RO         6901    i.__mathlib_dbl_infnan  m_ws.l(dunder.o)
    0x080032c2   0x080032c2   0x00000004   Code   RO         6902    i.__mathlib_dbl_infnan2  m_ws.l(dunder.o)
    0x080032c6   0x080032c6   0x0000000c   Code   RO         6903    i.__mathlib_dbl_invalid  m_ws.l(dunder.o)
    0x080032d2   0x080032d2   0x0000000e   Code   RO         6904    i.__mathlib_dbl_overflow  m_ws.l(dunder.o)
    0x080032e0   0x080032e0   0x00000010   Code   RO         6906    i.__mathlib_dbl_underflow  m_ws.l(dunder.o)
    0x080032f0   0x080032f0   0x0000000e   Code   RO         7028    i.__scatterload_copy  mc_w.l(handlers.o)
    0x080032fe   0x080032fe   0x00000002   Code   RO         7029    i.__scatterload_null  mc_w.l(handlers.o)
    0x08003300   0x08003300   0x0000000e   Code   RO         7030    i.__scatterload_zeroinit  mc_w.l(handlers.o)
    0x0800330e   0x0800330e   0x00000002   PAD
    0x08003310   0x08003310   0x0000000c   Code   RO         6972    i.__set_errno       mc_w.l(errno.o)
    0x0800331c   0x0800331c   0x00000038   Code   RO         5488    i._dwt_configlde    deca_device.o
    0x08003354   0x08003354   0x000000e4   Code   RO         5490    i._dwt_enableclocks  deca_device.o
    0x08003438   0x08003438   0x00000034   Code   RO         5491    i._dwt_loaducodefromrom  deca_device.o
    0x0800346c   0x0800346c   0x0000004e   Code   RO         5493    i._dwt_otpread      deca_device.o
    0x080034ba   0x080034ba   0x00000002   PAD
    0x080034bc   0x080034bc   0x00000184   Code   RO         6836    i._fp_digits        mc_w.l(printfa.o)
    0x08003640   0x08003640   0x000006dc   Code   RO         6837    i._printf_core      mc_w.l(printfa.o)
    0x08003d1c   0x08003d1c   0x00000024   Code   RO         6838    i._printf_post_padding  mc_w.l(printfa.o)
    0x08003d40   0x08003d40   0x0000002e   Code   RO         6839    i._printf_pre_padding  mc_w.l(printfa.o)
    0x08003d6e   0x08003d6e   0x0000000a   Code   RO         6841    i._sputc            mc_w.l(printfa.o)
    0x08003d78   0x08003d78   0x00000270   Code   RO         6515    i.asin              m_ws.l(asin.o)
    0x08003fe8   0x08003fe8   0x0000013c   Code   RO         3942    i.at_cmd_parse      stm32_eval.o
    0x08004124   0x08004124   0x0000008c   Code   RO         3943    i.at_cmd_recv       stm32_eval.o
    0x080041b0   0x080041b0   0x000001dc   Code   RO         3944    i.buo1DbGpio        stm32_eval.o
    0x0800438c   0x0800438c   0x0000009c   Code   RO         3945    i.buo1Gpio          stm32_eval.o
    0x08004428   0x08004428   0x00000174   Code   RO          159    i.compute_angle_send_to_anthor0  main.o
    0x0800459c   0x0800459c   0x00000018   Code   RO         5037    i.deca_sleep        deca_sleep.o
    0x080045b4   0x080045b4   0x0000001c   Code   RO         5009    i.decamutexoff      deca_mutex.o
    0x080045d0   0x080045d0   0x00000028   Code   RO         5010    i.decamutexon       deca_mutex.o
    0x080045f8   0x080045f8   0x00000190   Code   RO          164    i.distance_mange    main.o
    0x08004788   0x08004788   0x00000210   Code   RO         5324    i.drv_lis2dh12_get_angle  lcd_oled.o
    0x08004998   0x08004998   0x000000f8   Code   RO         5325    i.drv_lis2dh12_iic_read_byte  lcd_oled.o
    0x08004a90   0x08004a90   0x0000001c   Code   RO         5326    i.drv_lis2dh12_iic_write_byte  lcd_oled.o
    0x08004aac   0x08004aac   0x00000044   Code   RO         5327    i.drv_lis2dh12_init  lcd_oled.o
    0x08004af0   0x08004af0   0x00000248   Code   RO         5501    i.dwt_configure     deca_device.o
    0x08004d38   0x08004d38   0x0000001a   Code   RO         5507    i.dwt_enablegpioclocks  deca_device.o
    0x08004d52   0x08004d52   0x0000005e   Code   RO         5508    i.dwt_enablegpioclocks1  deca_device.o
    0x08004db0   0x08004db0   0x00000026   Code   RO         5510    i.dwt_entersleepaftertx  deca_device.o
    0x08004dd6   0x08004dd6   0x00000002   PAD
    0x08004dd8   0x08004dd8   0x0000005c   Code   RO         5511    i.dwt_forcetrxoff   deca_device.o
    0x08004e34   0x08004e34   0x00000018   Code   RO         5513    i.dwt_getgpiovalue  deca_device.o
    0x08004e4c   0x08004e4c   0x00000124   Code   RO         6032    i.dwt_getrangebias  deca_range_tables.o
    0x08004f70   0x08004f70   0x0000010c   Code   RO         5516    i.dwt_initialise    deca_device.o
    0x0800507c   0x0800507c   0x0000002c   Code   RO         5522    i.dwt_read16bitoffsetreg  deca_device.o
    0x080050a8   0x080050a8   0x00000038   Code   RO         5523    i.dwt_read32bitoffsetreg  deca_device.o
    0x080050e0   0x080050e0   0x0000000c   Code   RO         5525    i.dwt_readdevid     deca_device.o
    0x080050ec   0x080050ec   0x00000064   Code   RO         5528    i.dwt_readfromdevice  deca_device.o
    0x08005150   0x08005150   0x00000016   Code   RO         5529    i.dwt_readrxdata    deca_device.o
    0x08005166   0x08005166   0x00000012   Code   RO         5530    i.dwt_readrxtimestamp  deca_device.o
    0x08005178   0x08005178   0x00000012   Code   RO         5536    i.dwt_readtxtimestamp  deca_device.o
    0x0800518a   0x0800518a   0x00000054   Code   RO         5541    i.dwt_rxenable      deca_device.o
    0x080051de   0x080051de   0x0000002a   Code   RO         5543    i.dwt_setGPIOdirection  deca_device.o
    0x08005208   0x08005208   0x0000002a   Code   RO         5545    i.dwt_setGPIOvalue  deca_device.o
    0x08005232   0x08005232   0x00000010   Code   RO         5550    i.dwt_setdelayedtrxtime  deca_device.o
    0x08005242   0x08005242   0x000000d2   Code   RO         5553    i.dwt_setleds       deca_device.o
    0x08005314   0x08005314   0x00000024   Code   RO         5556    i.dwt_setrxaftertxdelay  deca_device.o
    0x08005338   0x08005338   0x00000012   Code   RO         5557    i.dwt_setrxantennadelay  deca_device.o
    0x0800534a   0x0800534a   0x00000002   PAD
    0x0800534c   0x0800534c   0x0000006c   Code   RO         5559    i.dwt_setrxtimeout  deca_device.o
    0x080053b8   0x080053b8   0x00000010   Code   RO         5561    i.dwt_settxantennadelay  deca_device.o
    0x080053c8   0x080053c8   0x0000009c   Code   RO         5564    i.dwt_starttx       deca_device.o
    0x08005464   0x08005464   0x00000038   Code   RO         5565    i.dwt_syncrxbufptrs  deca_device.o
    0x0800549c   0x0800549c   0x00000026   Code   RO         5566    i.dwt_write16bitoffsetreg  deca_device.o
    0x080054c2   0x080054c2   0x00000030   Code   RO         5567    i.dwt_write32bitoffsetreg  deca_device.o
    0x080054f2   0x080054f2   0x00000068   Code   RO         5568    i.dwt_writetodevice  deca_device.o
    0x0800555a   0x0800555a   0x00000026   Code   RO         5569    i.dwt_writetxdata   deca_device.o
    0x08005580   0x08005580   0x00000024   Code   RO         5570    i.dwt_writetxfctrl  deca_device.o
    0x080055a4   0x080055a4   0x00000034   Code   RO         5571    i.dwt_xtaltrim      deca_device.o
    0x080055d8   0x080055d8   0x00000090   Code   RO          166    i.filter            main.o
    0x08005668   0x08005668   0x0000001a   Code   RO         6329    i.final_msg_get_ts  STM3210E-EVAL.lib(lib.o)
    0x08005682   0x08005682   0x0000001a   Code   RO          167    i.final_msg_set_ts  main.o
    0x0800569c   0x0800569c   0x0000002c   Code   RO          168    i.fputc             main.o
    0x080056c8   0x080056c8   0x00000026   Code   RO         6330    i.get_rx_timestamp_u64  STM3210E-EVAL.lib(lib.o)
    0x080056ee   0x080056ee   0x00000026   Code   RO         6331    i.get_tx_timestamp_u64  STM3210E-EVAL.lib(lib.o)
    0x08005714   0x08005714   0x0000015c   Code   RO         5329    i.hal_i2c1_read_data  lcd_oled.o
    0x08005870   0x08005870   0x00000032   Code   RO         5330    i.hal_i2c1_send_data  lcd_oled.o
    0x080058a2   0x080058a2   0x00000002   PAD
    0x080058a4   0x080058a4   0x000000c0   Code   RO         5331    i.hal_i2c1_send_data1  lcd_oled.o
    0x08005964   0x08005964   0x000002ec   Code   RO          169    i.main              main.o
    0x08005c50   0x08005c50   0x00000040   Code   RO         5112    i.peripherals_init  port.o
    0x08005c90   0x08005c90   0x0000000c   Code   RO         5113    i.portGetTickCnt    port.o
    0x08005c9c   0x08005c9c   0x000009d8   Code   RO         6541    i.pow               m_ws.l(pow.o)
    0x08006674   0x08006674   0x00000004   Code   RO         6569    i.putc              mc_w.l(putc.o)
    0x08006678   0x08006678   0x0000000c   Code   RO         6571    i.putchar           mc_w.l(putchar.o)
    0x08006684   0x08006684   0x00000080   Code   RO         5054    i.readfromspi_serial  deca_spi.o
    0x08006704   0x08006704   0x00000050   Code   RO         5114    i.reset_DW1000      port.o
    0x08006754   0x08006754   0x0000000e   Code   RO         5116    i.spi_peripheral_init  port.o
    0x08006762   0x08006762   0x0000000a   Code   RO         5117    i.spi_set_rate_high  port.o
    0x0800676c   0x0800676c   0x0000000a   Code   RO         5118    i.spi_set_rate_low  port.o
    0x08006776   0x08006776   0x0000004c   Code   RO         6559    i.sqrt              m_ws.l(sqrt.o)
    0x080067c2   0x080067c2   0x00000064   Code   RO         3948    i.string_split      stm32_eval.o
    0x08006826   0x08006826   0x0000002a   Code   RO         5119    i.usartinit         port.o
    0x08006850   0x08006850   0x0000007c   Code   RO         5055    i.writetospi_serial  deca_spi.o
    0x080068cc   0x080068cc   0x0000010a   Data   RO          187    .constdata          main.o
    0x080069d6   0x080069d6   0x00000002   PAD
    0x080069d8   0x080069d8   0x000000ae   Data   RO         3950    .constdata          stm32_eval.o
    0x08006a86   0x08006a86   0x00000818   Data   RO         5333    .constdata          lcd_oled.o
    0x0800729e   0x0800729e   0x00000002   PAD
    0x080072a0   0x080072a0   0x000000ae   Data   RO         6020    .constdata          deca_params_init.o
    0x0800734e   0x0800734e   0x0000020a   Data   RO         6033    .constdata          deca_range_tables.o
    0x08007558   0x08007558   0x00000050   Data   RO         6516    .constdata          m_ws.l(asin.o)
    0x080075a8   0x080075a8   0x00000088   Data   RO         6542    .constdata          m_ws.l(pow.o)
    0x08007630   0x08007630   0x00000008   Data   RO         6934    .constdata          m_ws.l(qnan.o)
    0x08007638   0x08007638   0x00000081   Data   RO         6993    .constdata          mc_w.l(ctype_o.o)
    0x080076b9   0x080076b9   0x00000003   PAD
    0x080076bc   0x080076bc   0x00000004   Data   RO         6994    .constdata          mc_w.l(ctype_o.o)
    0x080076c0   0x080076c0   0x0000006f   Data   RO         3951    .conststring        stm32_eval.o
    0x0800772f   0x0800772f   0x00000001   PAD
    0x08007730   0x08007730   0x00000020   Data   RO         7026    Region$$Table       anon$$obj.o


    Execution Region RW_IRAM1 (Exec base: 0x20000000, Load base: 0x08007750, Size: 0x00001808, Max: 0x00005000, ABSOLUTE, COMPRESSED[0x000001a4])

    Exec Addr    Load Addr    Size         Type   Attr      Idx    E Section Name        Object

    0x20000000   COMPRESSED   0x00000004   Data   RW           10    .data               stm32f10x_it.o
    0x20000004   COMPRESSED   0x00000004   PAD
    0x20000008   COMPRESSED   0x0000013c   Data   RW          188    .data               main.o
    0x20000144   COMPRESSED   0x00000014   Data   RW          813    .data               stm32f10x_rcc.o
    0x20000158   COMPRESSED   0x00000014   Data   RW         3880    .data               system_stm32f10x.o
    0x2000016c   COMPRESSED   0x000000a9   Data   RW         3952    .data               stm32_eval.o
    0x20000215   COMPRESSED   0x00000003   PAD
    0x20000218   COMPRESSED   0x000001c4   Data   RW         5334    .data               lcd_oled.o
    0x200003dc   COMPRESSED   0x00000004   PAD
    0x200003e0   COMPRESSED   0x000000e5   Data   RW         6334    .data               STM3210E-EVAL.lib(lib.o)
    0x200004c5   COMPRESSED   0x00000003   PAD
    0x200004c8   COMPRESSED   0x00000004   Data   RW         6573    .data               mc_w.l(stdout.o)
    0x200004cc   COMPRESSED   0x00000004   Data   RW         6589    .data               mc_w.l(strtok.o)
    0x200004d0   COMPRESSED   0x00000004   Data   RW         6973    .data               mc_w.l(errno.o)
    0x200004d4   COMPRESSED   0x00000004   PAD
    0x200004d8        -       0x00000ab8   Zero   RW          186    .bss                main.o
    0x20000f90        -       0x00000200   Zero   RW         3949    .bss                stm32_eval.o
    0x20001190        -       0x00000010   Zero   RW         5120    .bss                port.o
    0x200011a0        -       0x0000003c   Zero   RW         5572    .bss                deca_device.o
    0x200011dc        -       0x00000010   Zero   RW         6332    .bss                STM3210E-EVAL.lib(lib.o)
    0x200011ec        -       0x00000018   Zero   RW         6333    .bss                STM3210E-EVAL.lib(lib.o)
    0x20001204   COMPRESSED   0x00000004   PAD
    0x20001208        -       0x00000600   Zero   RW         5002    STACK               startup_stm32f10x_hd.o


==============================================================================

Image component sizes


      Code (inc. data)   RO Data    RW Data    ZI Data      Debug   Object Name

         0          0          0          0          0         32   core_cm3.o
      2910         92          0          0         60      28157   deca_device.o
        68          6          0          0          0      19900   deca_mutex.o
         0          0        174          0          0       1881   deca_params_init.o
       292         38        522          0          0       2319   deca_range_tables.o
        24          0          0          0          0        581   deca_sleep.o
       252         18          0          0          0       5969   deca_spi.o
      2832        236       2072        452          0      14585   lcd_oled.o
      2550        452        266        316       2744     231134   main.o
       132         22          0          0          0       3671   misc.o
       984         80          0          0         16      24607   port.o
        36          8        304          0       1536        928   startup_stm32f10x_hd.o
      2796        562        285        169        512      46410   stm32_eval.o
       274         30          0          0          0      10438   stm32f10x_flash.o
       448          6          0          0          0      22462   stm32f10x_gpio.o
       546         20          0          0          0      18018   stm32f10x_i2c.o
        72         30          0          4          0      38616   stm32f10x_it.o
       344         48          0         20          0      15068   stm32f10x_rcc.o
       214         12          0          0          0      11484   stm32f10x_spi.o
       460          6          0          0          0      13695   stm32f10x_usart.o
       328         28          0         20          0       2297   system_stm32f10x.o

    ----------------------------------------------------------------------
     15602       1694       3660        992       4868     512252   Object Totals
         0          0         32          0          0          0   (incl. Generated)
        40          0          5         11          0          0   (incl. Padding)

    ----------------------------------------------------------------------

      Code (inc. data)   RO Data    RW Data    ZI Data      Debug   Library Member Name

      1922         78          0        229         40     231561   lib.o
       624         52         80          0          0        168   asin.o
        68         10          0          0          0        408   dunder.o
        40          0          0          0          0         68   fpclassify.o
       170          0          0          0          0         96   poly.o
      2520        190        136          0          0        324   pow.o
         0          0          8          0          0          0   qnan.o
        76          0          0          0          0         84   sqrt.o
        94          0          0          0          0          0   __dclz77c.o
        28          0          0          0          0         68   _chval.o
       158          0          0          0          0         92   _strtoul.o
        26          0          0          0          0         80   atoi.o
         8          4        133          0          0         68   ctype_o.o
         0          0          0          0          0          0   entry.o
         0          0          0          0          0          0   entry10a.o
         0          0          0          0          0          0   entry11a.o
         8          4          0          0          0          0   entry2.o
         4          0          0          0          0          0   entry5.o
         0          0          0          0          0          0   entry7b.o
         0          0          0          0          0          0   entry8b.o
         8          4          0          0          0          0   entry9a.o
        20         10          0          4          0        136   errno.o
        30          0          0          0          0          0   handlers.o
        36          8          0          0          0         68   init.o
         0          0          0          0          0          0   iusefp.o
        30          0          0          0          0         68   llshl.o
        36          0          0          0          0         68   llsshr.o
        32          0          0          0          0         68   llushr.o
        26          0          0          0          0         80   memcmp.o
        36          0          0          0          0        108   memseta.o
      2308         96          0          0          0        604   printfa.o
         4          0          0          0          0         68   putc.o
        12          6          0          0          0         68   putchar.o
         0          0          0          4          0          0   stdout.o
        14          0          0          0          0         68   strlen.o
        36          0          0          0          0         80   strstr.o
        68          6          0          4          0         80   strtok.o
       112          0          0          0          0         88   strtol.o
        44          0          0          0          0         80   uidiv.o
        98          0          0          0          0         92   uldiv.o
        48          0          0          0          0         68   cdrcmple.o
        20          0          0          0          0         68   cfcmple.o
        20          0          0          0          0         68   cfrcmple.o
        56          0          0          0          0         88   d2f.o
       334          0          0          0          0        148   dadd.o
       222          0          0          0          0        100   ddiv.o
       186          0          0          0          0        176   depilogue.o
        62          0          0          0          0         80   dfixi.o
        74          0          0          0          0         80   dfixl.o
        48          0          0          0          0         68   dfixul.o
        34          0          0          0          0         76   dflti.o
        40          0          0          0          0         80   dfltl.o
        26          0          0          0          0         76   dfltui.o
       228          0          0          0          0         96   dmul.o
        46          0          0          0          0         80   dscalb.o
       162          0          0          0          0        100   dsqrt.o
        38          0          0          0          0         68   f2d.o
       176          0          0          0          0        140   fadd.o
       124          0          0          0          0         88   fdiv.o
       110          0          0          0          0        168   fepilogue.o
        50          0          0          0          0         68   ffixi.o
        18          0          0          0          0         68   fflti.o
       100          0          0          0          0         76   fmul.o

    ----------------------------------------------------------------------
     10922        468        360        244         48     236969   Library Totals
         4          0          3          3          8          0   (incl. Padding)

    ----------------------------------------------------------------------

      Code (inc. data)   RO Data    RW Data    ZI Data      Debug   Library Name

      1922         78          0        229         40     231561   STM3210E-EVAL.lib
      3498        252        224          0          0       1148   m_ws.l
      3276        138        133         12          0       2132   mc_w.l
      2222          0          0          0          0       2128   mf_w.l

    ----------------------------------------------------------------------
     10922        468        360        244         48     236969   Library Totals

    ----------------------------------------------------------------------

==============================================================================


      Code (inc. data)   RO Data    RW Data    ZI Data      Debug   

     26524       2162       4020       1236       4916     737961   Grand Totals
     26524       2162       4020        420       4916     737961   ELF Image Totals (compressed)
     26524       2162       4020        420          0          0   ROM Totals

==============================================================================

    Total RO  Size (Code + RO Data)                30544 (  29.83kB)
    Total RW  Size (RW Data + ZI Data)              6152 (   6.01kB)
    Total ROM Size (Code + RO Data + RW Data)      30964 (  30.24kB)

==============================================================================

