Component: ARM Compiler 5.05 update 1 (build 106) Tool: armlink [4d0efa]

==============================================================================

Section Cross References

    stm32f10x_it.o(i.HardFault_Handler) refers to printfa.o(i.__0printf) for __2printf
    stm32f10x_it.o(i.SysTick_Handler) refers to stm32f10x_it.o(.data) for .data
    main.o(i.Anchor_Array_Init) refers to main.o(.bss) for .bss
    main.o(i.Semaphore_Init) refers to lib.o(.data) for Semaphore
    main.o(i.Sum_Tag_Semaphore_request) refers to lib.o(.data) for SLAVE_TAG_START_INDEX
    main.o(i.Tag_Measure_Dis) refers to deca_device.o(i.dwt_setrxaftertxdelay) for dwt_setrxaftertxdelay
    main.o(i.Tag_Measure_Dis) refers to deca_device.o(i.dwt_setrxtimeout) for dwt_setrxtimeout
    main.o(i.Tag_Measure_Dis) refers to deca_device.o(i.dwt_writetxdata) for dwt_writetxdata
    main.o(i.Tag_Measure_Dis) refers to deca_device.o(i.dwt_writetxfctrl) for dwt_writetxfctrl
    main.o(i.Tag_Measure_Dis) refers to deca_device.o(i.dwt_starttx) for dwt_starttx
    main.o(i.Tag_Measure_Dis) refers to deca_device.o(i.dwt_rxenable) for dwt_rxenable
    main.o(i.Tag_Measure_Dis) refers to port.o(i.portGetTickCnt) for portGetTickCnt
    main.o(i.Tag_Measure_Dis) refers to deca_device.o(i.dwt_read32bitoffsetreg) for dwt_read32bitoffsetreg
    main.o(i.Tag_Measure_Dis) refers to stm32f10x_gpio.o(i.GPIO_SetBits) for GPIO_SetBits
    main.o(i.Tag_Measure_Dis) refers to deca_device.o(i.dwt_write32bitoffsetreg) for dwt_write32bitoffsetreg
    main.o(i.Tag_Measure_Dis) refers to deca_device.o(i.dwt_readrxdata) for dwt_readrxdata
    main.o(i.Tag_Measure_Dis) refers to memcmp.o(.text) for memcmp
    main.o(i.Tag_Measure_Dis) refers to lib.o(i.get_tx_timestamp_u64) for get_tx_timestamp_u64
    main.o(i.Tag_Measure_Dis) refers to lib.o(i.get_rx_timestamp_u64) for get_rx_timestamp_u64
    main.o(i.Tag_Measure_Dis) refers to deca_device.o(i.dwt_setdelayedtrxtime) for dwt_setdelayedtrxtime
    main.o(i.Tag_Measure_Dis) refers to main.o(i.final_msg_set_ts) for final_msg_set_ts
    main.o(i.Tag_Measure_Dis) refers to main.o(i.distance_mange) for distance_mange
    main.o(i.Tag_Measure_Dis) refers to main.o(.data) for .data
    main.o(i.Tag_Measure_Dis) refers to lib.o(.data) for TAG_ID
    main.o(i.Tag_Measure_Dis) refers to main.o(.bss) for .bss
    main.o(i.compute_angle_send_to_anthor0) refers to deca_device.o(i.dwt_writetxdata) for dwt_writetxdata
    main.o(i.compute_angle_send_to_anthor0) refers to deca_device.o(i.dwt_writetxfctrl) for dwt_writetxfctrl
    main.o(i.compute_angle_send_to_anthor0) refers to deca_device.o(i.dwt_starttx) for dwt_starttx
    main.o(i.compute_angle_send_to_anthor0) refers to deca_device.o(i.dwt_read32bitoffsetreg) for dwt_read32bitoffsetreg
    main.o(i.compute_angle_send_to_anthor0) refers to main.o(.data) for .data
    main.o(i.compute_angle_send_to_anthor0) refers to lib.o(.data) for TAG_ID
    main.o(i.distance_mange) refers to main.o(i.filter) for filter
    main.o(i.distance_mange) refers to main.o(i.compute_angle_send_to_anthor0) for compute_angle_send_to_anthor0
    main.o(i.distance_mange) refers to fflti.o(.text) for __aeabi_i2f
    main.o(i.distance_mange) refers to fdiv.o(.text) for __aeabi_fdiv
    main.o(i.distance_mange) refers to f2d.o(.text) for __aeabi_f2d
    main.o(i.distance_mange) refers to printfa.o(i.__0sprintf) for __2sprintf
    main.o(i.distance_mange) refers to printfa.o(i.__0printf) for __2printf
    main.o(i.distance_mange) refers to lcd_oled.o(i.OLED_ShowString) for OLED_ShowString
    main.o(i.distance_mange) refers to main.o(.bss) for .bss
    main.o(i.distance_mange) refers to lib.o(.bss) for dist_str
    main.o(i.dwt_dumpregisters) refers to deca_device.o(i.dwt_read32bitoffsetreg) for dwt_read32bitoffsetreg
    main.o(i.dwt_dumpregisters) refers to printfa.o(i.__0sprintf) for __2sprintf
    main.o(i.filter) refers to main.o(.bss) for .bss
    main.o(i.fputc) refers to stm32f10x_usart.o(i.USART_ClearFlag) for USART_ClearFlag
    main.o(i.fputc) refers to stm32f10x_usart.o(i.USART_SendData) for USART_SendData
    main.o(i.fputc) refers to stm32f10x_usart.o(i.USART_GetFlagStatus) for USART_GetFlagStatus
    main.o(i.main) refers to port.o(i.peripherals_init) for peripherals_init
    main.o(i.main) refers to printfa.o(i.__0printf) for __2printf
    main.o(i.main) refers to port.o(i.reset_DW1000) for reset_DW1000
    main.o(i.main) refers to port.o(i.spi_set_rate_low) for spi_set_rate_low
    main.o(i.main) refers to deca_device.o(i.dwt_initialise) for dwt_initialise
    main.o(i.main) refers to port.o(i.spi_set_rate_high) for spi_set_rate_high
    main.o(i.main) refers to deca_device.o(i.dwt_configure) for dwt_configure
    main.o(i.main) refers to deca_device.o(i.dwt_setleds) for dwt_setleds
    main.o(i.main) refers to deca_device.o(i.dwt_setrxantennadelay) for dwt_setrxantennadelay
    main.o(i.main) refers to deca_device.o(i.dwt_settxantennadelay) for dwt_settxantennadelay
[...]
    i.decamutexon                            0x08003ea6   Section        0  deca_mutex.o(i.decamutexon)
    i.distance_mange                         0x08003ec0   Section        0  main.o(i.distance_mange)
    distance_mange                           0x08003ec1   Thumb Code   282  main.o(i.distance_mange)
    i.drv_lis2dh12_get_angle                 0x08004020   Section        0  lcd_oled.o(i.drv_lis2dh12_get_angle)
    i.drv_lis2dh12_iic_read_byte             0x080041a0   Section        0  lcd_oled.o(i.drv_lis2dh12_iic_read_byte)
    i.drv_lis2dh12_iic_write_byte            0x08004298   Section        0  lcd_oled.o(i.drv_lis2dh12_iic_write_byte)
    i.drv_lis2dh12_init                      0x080042b0   Section        0  lcd_oled.o(i.drv_lis2dh12_init)
    i.dwt_configure                          0x080042f8   Section        0  deca_device.o(i.dwt_configure)
    i.dwt_enablegpioclocks                   0x08004510   Section        0  deca_device.o(i.dwt_enablegpioclocks)
    i.dwt_enablegpioclocks1                  0x0800452a   Section        0  deca_device.o(i.dwt_enablegpioclocks1)
    i.dwt_entersleepaftertx                  0x08004556   Section        0  deca_device.o(i.dwt_entersleepaftertx)
    i.dwt_forcetrxoff                        0x0800457c   Section        0  deca_device.o(i.dwt_forcetrxoff)
    i.dwt_getgpiovalue                       0x080045dc   Section        0  deca_device.o(i.dwt_getgpiovalue)
    i.dwt_getrangebias                       0x080045f0   Section        0  deca_range_tables.o(i.dwt_getrangebias)
    i.dwt_initialise                         0x080046c8   Section        0  deca_device.o(i.dwt_initialise)
    i.dwt_read16bitoffsetreg                 0x080047a0   Section        0  deca_device.o(i.dwt_read16bitoffsetreg)
    i.dwt_read32bitoffsetreg                 0x080047c6   Section        0  deca_device.o(i.dwt_read32bitoffsetreg)
    i.dwt_readdevid                          0x080047ec   Section        0  deca_device.o(i.dwt_readdevid)
    i.dwt_readfromdevice                     0x080047f4   Section        0  deca_device.o(i.dwt_readfromdevice)
    i.dwt_readrxdata                         0x0800482e   Section        0  deca_device.o(i.dwt_readrxdata)
    i.dwt_readrxtimestamp                    0x08004840   Section        0  deca_device.o(i.dwt_readrxtimestamp)
    i.dwt_readtxtimestamp                    0x0800484c   Section        0  deca_device.o(i.dwt_readtxtimestamp)
    i.dwt_rxenable                           0x08004858   Section        0  deca_device.o(i.dwt_rxenable)
    i.dwt_setGPIOdirection                   0x080048a8   Section        0  deca_device.o(i.dwt_setGPIOdirection)
    i.dwt_setGPIOvalue                       0x080048ca   Section        0  deca_device.o(i.dwt_setGPIOvalue)
    i.dwt_setdelayedtrxtime                  0x080048ec   Section        0  deca_device.o(i.dwt_setdelayedtrxtime)
    i.dwt_setleds                            0x080048f6   Section        0  deca_device.o(i.dwt_setleds)
    i.dwt_setrxaftertxdelay                  0x080049ae   Section        0  deca_device.o(i.dwt_setrxaftertxdelay)
    i.dwt_setrxantennadelay                  0x080049d0   Section        0  deca_device.o(i.dwt_setrxantennadelay)
    i.dwt_setrxtimeout                       0x080049dc   Section        0  deca_device.o(i.dwt_setrxtimeout)
    i.dwt_settxantennadelay                  0x08004a34   Section        0  deca_device.o(i.dwt_settxantennadelay)
    i.dwt_starttx                            0x08004a40   Section        0  deca_device.o(i.dwt_starttx)
    i.dwt_syncrxbufptrs                      0x08004ad4   Section        0  deca_device.o(i.dwt_syncrxbufptrs)
    i.dwt_write16bitoffsetreg                0x08004b08   Section        0  deca_device.o(i.dwt_write16bitoffsetreg)
    i.dwt_write32bitoffsetreg                0x08004b22   Section        0  deca_device.o(i.dwt_write32bitoffsetreg)
    i.dwt_writetodevice                      0x08004b40   Section        0  deca_device.o(i.dwt_writetodevice)
    i.dwt_writetxdata                        0x08004b7e   Section        0  deca_device.o(i.dwt_writetxdata)
    i.dwt_writetxfctrl                       0x08004ba0   Section        0  deca_device.o(i.dwt_writetxfctrl)
    i.dwt_xtaltrim                           0x08004bbc   Section        0  deca_device.o(i.dwt_xtaltrim)
    i.filter                                 0x08004bec   Section        0  main.o(i.filter)
    i.final_msg_get_ts                       0x08004c44   Section        0  lib.o(i.final_msg_get_ts)
    final_msg_get_ts                         0x08004c45   Thumb Code    26  lib.o(i.final_msg_get_ts)
    i.final_msg_set_ts                       0x08004c5e   Section        0  main.o(i.final_msg_set_ts)
    final_msg_set_ts                         0x08004c5f   Thumb Code    22  main.o(i.final_msg_set_ts)
    i.fputc                                  0x08004c74   Section        0  main.o(i.fputc)
    i.get_rx_timestamp_u64                   0x08004ca0   Section        0  lib.o(i.get_rx_timestamp_u64)
    i.get_tx_timestamp_u64                   0x08004cc6   Section        0  lib.o(i.get_tx_timestamp_u64)
    i.hal_i2c1_read_data                     0x08004cec   Section        0  lcd_oled.o(i.hal_i2c1_read_data)
    i.hal_i2c1_send_data                     0x08004e3c   Section        0  lcd_oled.o(i.hal_i2c1_send_data)
    i.hal_i2c1_send_data1                    0x08004e70   Section        0  lcd_oled.o(i.hal_i2c1_send_data1)
    i.main                                   0x08004f1c   Section        0  main.o(i.main)
    i.peripherals_init                       0x0800518c   Section        0  port.o(i.peripherals_init)
    i.portGetTickCnt                         0x080051d4   Section        0  port.o(i.portGetTickCnt)
    i.pow                                    0x080051e0   Section        0  pow.o(i.pow)
    i.putc                                   0x08005b98   Section        0  putc.o(i.putc)
    i.putchar                                0x08005b9c   Section        0  putchar.o(i.putchar)
    i.readfromspi_serial                     0x08005ba8   Section        0  deca_spi.o(i.readfromspi_serial)
    i.reset_DW1000                           0x08005c24   Section        0  port.o(i.reset_DW1000)
    i.spi_set_rate_high                      0x08005c70   Section        0  port.o(i.spi_set_rate_high)
    i.spi_set_rate_low                       0x08005c76   Section        0  port.o(i.spi_set_rate_low)
    i.sqrt                                   0x08005c7c   Section        0  sqrt.o(i.sqrt)
    i.string_split                           0x08005cc8   Section        0  stm32_eval.o(i.string_split)
    i.usartinit                              0x08005ce4   Section        0  port.o(i.usartinit)
    i.writetospi_serial                      0x08005d10   Section        0  deca_spi.o(i.writetospi_serial)
    .constdata                               0x08005d74   Section        6  main.o(.constdata)
    .constdata                               0x08005d7c   Section      176  stm32_eval.o(.constdata)
    .constdata                               0x08005e2c   Section     1520  lcd_oled.o(.constdata)
    .constdata                               0x0800641c   Section        8  deca_params_init.o(.constdata)
    .constdata                               0x08006424   Section       24  deca_params_init.o(.constdata)
    .constdata                               0x0800643c   Section       30  deca_params_init.o(.constdata)
    .constdata                               0x0800645a   Section        2  deca_params_init.o(.constdata)
    .constdata                               0x0800645c   Section        8  deca_params_init.o(.constdata)
    .constdata                               0x08006464   Section        3  deca_params_init.o(.constdata)
    .constdata                               0x08006468   Section       12  deca_params_init.o(.constdata)
    .constdata                               0x08006474   Section        4  deca_params_init.o(.constdata)
    .constdata                               0x08006478   Section       32  deca_params_init.o(.constdata)
    .constdata                               0x08006498   Section       50  deca_params_init.o(.constdata)
    .constdata                               0x080064ca   Section      522  deca_range_tables.o(.constdata)
    .constdata                               0x080066d8   Section       80  asin.o(.constdata)
    pS                                       0x080066d8   Data          48  asin.o(.constdata)
    qS                                       0x08006708   Data          32  asin.o(.constdata)
    .constdata                               0x08006728   Section      136  pow.o(.constdata)
    bp                                       0x08006728   Data          16  pow.o(.constdata)
    dp_h                                     0x08006738   Data          16  pow.o(.constdata)
    dp_l                                     0x08006748   Data          16  pow.o(.constdata)
    L                                        0x08006758   Data          48  pow.o(.constdata)
    P                                        0x08006788   Data          40  pow.o(.constdata)
    .constdata                               0x080067b0   Section        8  qnan.o(.constdata)
    .constdata                               0x080067b8   Section      129  ctype_o.o(.constdata)
    .constdata                               0x0800683c   Section        4  ctype_o.o(.constdata)
    table                                    0x0800683c   Data           4  ctype_o.o(.constdata)
    .conststring                             0x08006840   Section      111  stm32_eval.o(.conststring)
    .data                                    0x20000000   Section        4  stm32f10x_it.o(.data)
    .data                                    0x20000008   Section      148  main.o(.data)
    frame_seq_nb                             0x20000008   Data           1  main.o(.data)
    status_reg                               0x2000000c   Data           4  main.o(.data)
    framenum                                 0x20000014   Data           4  main.o(.data)
    poll_tx_ts                               0x20000018   Data           8  main.o(.data)
    resp_rx_ts                               0x20000020   Data           8  main.o(.data)
    final_tx_ts                              0x20000028   Data           8  main.o(.data)
    config                                   0x20000030   Data          11  main.o(.data)
    distance_msg                             0x2000003b   Data          15  main.o(.data)
    tx_poll_msg                              0x2000004a   Data          12  main.o(.data)
    rx_resp_msg                              0x20000056   Data          15  main.o(.data)
    tx_final_msg                             0x20000065   Data          24  main.o(.data)
    angle_msg                                0x2000007d   Data          31  main.o(.data)
    .data                                    0x2000009c   Section       20  stm32f10x_rcc.o(.data)
    ADCPrescTable                            0x2000009c   Data           4  stm32f10x_rcc.o(.data)
    APBAHBPrescTable                         0x200000a0   Data          16  stm32f10x_rcc.o(.data)
    .data                                    0x200000b0   Section       20  system_stm32f10x.o(.data)
    .data                                    0x200000c4   Section      160  stm32_eval.o(.data)
    flag                                     0x200000c5   Data           1  stm32_eval.o(.data)
    index                                    0x200000c6   Data           2  stm32_eval.o(.data)
    tick                                     0x200000c8   Data           4  stm32_eval.o(.data)
    .data                                    0x20000164   Section        4  stm32_eval.o(.data)
    .data                                    0x20000168   Section      452  lcd_oled.o(.data)
    .data                                    0x20000330   Section      229  lib.o(.data)
    frame_seq_nb                             0x20000330   Data           1  lib.o(.data)
    status_reg                               0x20000338   Data           4  lib.o(.data)
    tick                                     0x2000033c   Data           4  lib.o(.data)
    poll_rx_ts                               0x20000340   Data           8  lib.o(.data)
    resp_tx_ts                               0x20000348   Data           8  lib.o(.data)
    final_rx_ts                              0x20000350   Data           8  lib.o(.data)
    tof                                      0x20000358   Data           8  lib.o(.data)
    distance                                 0x20000360   Data           8  lib.o(.data)
    config                                   0x20000368   Data          11  lib.o(.data)
    rx_poll_msg                              0x20000373   Data          12  lib.o(.data)
    tx_resp_msg                              0x2000037f   Data          15  lib.o(.data)
    rx_final_msg                             0x2000038e   Data          24  lib.o(.data)
    distance_msg                             0x200003a6   Data          15  lib.o(.data)
    angle_msg                                0x200003b5   Data          31  lib.o(.data)
    Semaphore_Release                        0x200003d4   Data          13  lib.o(.data)
    Tag_Statistics                           0x200003e1   Data          13  lib.o(.data)
    Master_Release_Semaphore                 0x200003ee   Data          13  lib.o(.data)
    Tag_Statistics_response                  0x200003fb   Data          13  lib.o(.data)
    Master_Release_Semaphore_comfirm         0x20000408   Data          13  lib.o(.data)
    .data                                    0x20000418   Section        4  stdout.o(.data)
    .data                                    0x2000041c   Section        4  strtok.o(.data)
    state                                    0x2000041c   Data           4  strtok.o(.data)
    .data                                    0x20000420   Section        4  errno.o(.data)
    _errno                                   0x20000420   Data           4  errno.o(.data)
    .bss                                     0x20000428   Section     1584  main.o(.bss)
    rx_buffer                                0x200004a0   Data          24  main.o(.bss)
    .bss                                     0x20000a58   Section      512  stm32_eval.o(.bss)
    cmdbuf                                   0x20000a58   Data         512  stm32_eval.o(.bss)
    .bss                                     0x20000c58   Section       16  port.o(.bss)
    .bss                                     0x20000c68   Section       60  deca_device.o(.bss)
    dw1000local                              0x20000c68   Data          60  deca_device.o(.bss)
    .bss                                     0x20000ca4   Section       16  lib.o(.bss)
    .bss                                     0x20000cb4   Section       24  lib.o(.bss)
    rx_buffer                                0x20000cb4   Data          24  lib.o(.bss)
    STACK                                    0x20000cd0   Section     1536  startup_stm32f10x_hd.o(STACK)

    Global Symbols

    Symbol Name                              Value     Ov Type        Size  Object(Section)

    BuildAttributes$$THM_ISAv4$P$D$K$B$S$PE$A:L22UL41UL21$X:L11$S22US41US21$IEEE1$IW$USESV6$~STKCKD$USESV7$~SHL$OTIME$ROPI$IEEEX$EBA8$MICROLIB$REQ8$PRES8$EABIv2 0x00000000   Number         0  anon$$obj.o ABSOLUTE
    __ARM_use_no_argv                        0x00000000   Number         0  main.o ABSOLUTE
    _printf_a                                0x00000000   Number         0  stubs.o ABSOLUTE
    _printf_c                                0x00000000   Number         0  stubs.o ABSOLUTE
    _printf_charcount                        0x00000000   Number         0  stubs.o ABSOLUTE
    _printf_d                                0x00000000   Number         0  stubs.o ABSOLUTE
    _printf_e                                0x00000000   Number         0  stubs.o ABSOLUTE
    _printf_f                                0x00000000   Number         0  stubs.o ABSOLUTE
    _printf_flags                            0x00000000   Number         0  stubs.o ABSOLUTE
    _printf_fp_dec                           0x00000000   Number         0  stubs.o ABSOLUTE
    _printf_fp_hex                           0x00000000   Number         0  stubs.o ABSOLUTE
    _printf_g                                0x00000000   Number         0  stubs.o ABSOLUTE
    _printf_i                                0x00000000   Number         0  stubs.o ABSOLUTE
    _printf_int_dec                          0x00000000   Number         0  stubs.o ABSOLUTE
    _printf_l                                0x00000000   Number         0  stubs.o ABSOLUTE
    _printf_lc                               0x00000000   Number         0  stubs.o ABSOLUTE
    _printf_ll                               0x00000000   Number         0  stubs.o ABSOLUTE
    _printf_lld                              0x00000000   Number         0  stubs.o ABSOLUTE
    _printf_lli                              0x00000000   Number         0  stubs.o ABSOLUTE
    _printf_llo                              0x00000000   Number         0  stubs.o ABSOLUTE
    _printf_llu                              0x00000000   Number         0  stubs.o ABSOLUTE
    _printf_llx                              0x00000000   Number         0  stubs.o ABSOLUTE
    _printf_longlong_dec                     0x00000000   Number         0  stubs.o ABSOLUTE
    _printf_longlong_hex                     0x00000000   Number         0  stubs.o ABSOLUTE
    _printf_longlong_oct                     0x00000000   Number         0  stubs.o ABSOLUTE
    _printf_ls                               0x00000000   Number         0  stubs.o ABSOLUTE
    _printf_mbtowc                           0x00000000   Number         0  stubs.o ABSOLUTE
    _printf_n                                0x00000000   Number         0  stubs.o ABSOLUTE
    _printf_o                                0x00000000   Number         0  stubs.o ABSOLUTE
    _printf_p                                0x00000000   Number         0  stubs.o ABSOLUTE
    _printf_percent                          0x00000000   Number         0  stubs.o ABSOLUTE
    _printf_pre_padding                      0x00000000   Number         0  stubs.o ABSOLUTE
    _printf_return_value                     0x00000000   Number         0  stubs.o ABSOLUTE
    _printf_s                                0x00000000   Number         0  stubs.o ABSOLUTE
    _printf_sizespec                         0x00000000   Number         0  stubs.o ABSOLUTE
    _printf_str                              0x00000000   Number         0  stubs.o ABSOLUTE
    _printf_truncate_signed                  0x00000000   Number         0  stubs.o ABSOLUTE
    _printf_truncate_unsigned                0x00000000   Number         0  stubs.o ABSOLUTE
    _printf_u                                0x00000000   Number         0  stubs.o ABSOLUTE
    _printf_wc                               0x00000000   Number         0  stubs.o ABSOLUTE
    _printf_wctomb                           0x00000000   Number         0  stubs.o ABSOLUTE
    _printf_widthprec                        0x00000000   Number         0  stubs.o ABSOLUTE
    _printf_x                                0x00000000   Number         0  stubs.o ABSOLUTE
    __cpp_initialize__aeabi_                  - Undefined Weak Reference
    __cxa_finalize                            - Undefined Weak Reference
    _clock_init                               - Undefined Weak Reference
    _microlib_exit                            - Undefined Weak Reference
    __Vectors_Size                           0x00000130   Number         0  startup_stm32f10x_hd.o ABSOLUTE
    __Vectors                                0x08000000   Data           4  startup_stm32f10x_hd.o(RESET)
    __Vectors_End                            0x08000130   Data           0  startup_stm32f10x_hd.o(RESET)
    __main                                   0x08000131   Thumb Code     0  entry.o(.ARM.Collect$$$$00000000)
    _main_stk                                0x08000131   Thumb Code     0  entry2.o(.ARM.Collect$$$$00000001)
    _main_scatterload                        0x08000135   Thumb Code     0  entry5.o(.ARM.Collect$$$$00000004)
    __main_after_scatterload                 0x08000139   Thumb Code     0  entry5.o(.ARM.Collect$$$$00000004)
    _main_clock                              0x08000139   Thumb Code     0  entry7b.o(.ARM.Collect$$$$00000008)
    _main_cpp_init                           0x08000139   Thumb Code     0  entry8b.o(.ARM.Collect$$$$0000000A)
    _main_init                               0x08000139   Thumb Code     0  entry9a.o(.ARM.Collect$$$$0000000B)
    __rt_final_cpp                           0x08000141   Thumb Code     0  entry10a.o(.ARM.Collect$$$$0000000D)
    __rt_final_exit                          0x08000141   Thumb Code     0  entry11a.o(.ARM.Collect$$$$0000000F)
    Reset_Handler                            0x08000145   Thumb Code     8  startup_stm32f10x_hd.o(.text)
    ADC1_2_IRQHandler                        0x0800015f   Thumb Code     0  startup_stm32f10x_hd.o(.text)
    ADC3_IRQHandler                          0x0800015f   Thumb Code     0  startup_stm32f10x_hd.o(.text)
    CAN1_RX1_IRQHandler                      0x0800015f   Thumb Code     0  startup_stm32f10x_hd.o(.text)
    CAN1_SCE_IRQHandler                      0x0800015f   Thumb Code     0  startup_stm32f10x_hd.o(.text)
    DMA1_Channel1_IRQHandler                 0x0800015f   Thumb Code     0  startup_stm32f10x_hd.o(.text)
    DMA1_Channel2_IRQHandler                 0x0800015f   Thumb Code     0  startup_stm32f10x_hd.o(.text)
    DMA1_Channel3_IRQHandler                 0x0800015f   Thumb Code     0  startup_stm32f10x_hd.o(.text)
    DMA1_Channel4_IRQHandler                 0x0800015f   Thumb Code     0  startup_stm32f10x_hd.o(.text)
    DMA1_Channel5_IRQHandler                 0x0800015f   Thumb Code     0  startup_stm32f10x_hd.o(.text)
    DMA1_Channel6_IRQHandler                 0x0800015f   Thumb Code     0  startup_stm32f10x_hd.o(.text)
    DMA1_Channel7_IRQHandler                 0x0800015f   Thumb Code     0  startup_stm32f10x_hd.o(.text)
    DMA2_Channel1_IRQHandler                 0x0800015f   Thumb Code     0  startup_stm32f10x_hd.o(.text)
    DMA2_Channel2_IRQHandler                 0x0800015f   Thumb Code     0  startup_stm32f10x_hd.o(.text)
    DMA2_Channel3_IRQHandler                 0x0800015f   Thumb Code     0  startup_stm32f10x_hd.o(.text)
    DMA2_Channel4_5_IRQHandler               0x0800015f   Thumb Code     0  startup_stm32f10x_hd.o(.text)
    EXTI0_IRQHandler                         0x0800015f   Thumb Code     0  startup_stm32f10x_hd.o(.text)
    EXTI15_10_IRQHandler                     0x0800015f   Thumb Code     0  startup_stm32f10x_hd.o(.text)
    EXTI1_IRQHandler                         0x0800015f   Thumb Code     0  startup_stm32f10x_hd.o(.text)
    EXTI2_IRQHandler                         0x0800015f   Thumb Code     0  startup_stm32f10x_hd.o(.text)
    EXTI3_IRQHandler                         0x0800015f   Thumb Code     0  startup_stm32f10x_hd.o(.text)
    EXTI4_IRQHandler                         0x0800015f   Thumb Code     0  startup_stm32f10x_hd.o(.text)
    EXTI9_5_IRQHandler                       0x0800015f   Thumb Code     0  startup_stm32f10x_hd.o(.text)
    FLASH_IRQHandler                         0x0800015f   Thumb Code     0  startup_stm32f10x_hd.o(.text)
    FSMC_IRQHandler                          0x0800015f   Thumb Code     0  startup_stm32f10x_hd.o(.text)
    I2C1_ER_IRQHandler                       0x0800015f   Thumb Code     0  startup_stm32f10x_hd.o(.text)
    I2C1_EV_IRQHandler                       0x0800015f   Thumb Code     0  startup_stm32f10x_hd.o(.text)
    I2C2_ER_IRQHandler                       0x0800015f   Thumb Code     0  startup_stm32f10x_hd.o(.text)
    I2C2_EV_IRQHandler                       0x0800015f   Thumb Code     0  startup_stm32f10x_hd.o(.text)
    PVD_IRQHandler                           0x0800015f   Thumb Code     0  startup_stm32f10x_hd.o(.text)
    RCC_IRQHandler                           0x0800015f   Thumb Code     0  startup_stm32f10x_hd.o(.text)
    RTCAlarm_IRQHandler                      0x0800015f   Thumb Code     0  startup_stm32f10x_hd.o(.text)
    RTC_IRQHandler                           0x0800015f   Thumb Code     0  startup_stm32f10x_hd.o(.text)
    SDIO_IRQHandler                          0x0800015f   Thumb Code     0  startup_stm32f10x_hd.o(.text)
    SPI1_IRQHandler                          0x0800015f   Thumb Code     0  startup_stm32f10x_hd.o(.text)
    SPI2_IRQHandler                          0x0800015f   Thumb Code     0  startup_stm32f10x_hd.o(.text)
    SPI3_IRQHandler                          0x0800015f   Thumb Code     0  startup_stm32f10x_hd.o(.text)
    TAMPER_IRQHandler                        0x0800015f   Thumb Code     0  startup_stm32f10x_hd.o(.text)
    TIM1_BRK_IRQHandler                      0x0800015f   Thumb Code     0  startup_stm32f10x_hd.o(.text)
    TIM1_CC_IRQHandler                       0x0800015f   Thumb Code     0  startup_stm32f10x_hd.o(.text)
    TIM1_TRG_COM_IRQHandler                  0x0800015f   Thumb Code     0  startup_stm32f10x_hd.o(.text)
    TIM1_UP_IRQHandler                       0x0800015f   Thumb Code     0  startup_stm32f10x_hd.o(.text)
    TIM2_IRQHandler                          0x0800015f   Thumb Code     0  startup_stm32f10x_hd.o(.text)
    TIM3_IRQHandler                          0x0800015f   Thumb Code     0  startup_stm32f10x_hd.o(.text)
    TIM4_IRQHandler                          0x0800015f   Thumb Code     0  startup_stm32f10x_hd.o(.text)
    TIM5_IRQHandler                          0x0800015f   Thumb Code     0  startup_stm32f10x_hd.o(.text)
    TIM6_IRQHandler                          0x0800015f   Thumb Code     0  startup_stm32f10x_hd.o(.text)
    TIM7_IRQHandler                          0x0800015f   Thumb Code     0  startup_stm32f10x_hd.o(.text)
    TIM8_BRK_IRQHandler                      0x0800015f   Thumb Code     0  startup_stm32f10x_hd.o(.text)
    TIM8_CC_IRQHandler                       0x0800015f   Thumb Code     0  startup_stm32f10x_hd.o(.text)
    TIM8_TRG_COM_IRQHandler                  0x0800015f   Thumb Code     0  startup_stm32f10x_hd.o(.text)
    TIM8_UP_IRQHandler                       0x0800015f   Thumb Code     0  startup_stm32f10x_hd.o(.text)
    UART4_IRQHandler                         0x0800015f   Thumb Code     0  startup_stm32f10x_hd.o(.text)
    UART5_IRQHandler                         0x0800015f   Thumb Code     0  startup_stm32f10x_hd.o(.text)
    USART2_IRQHandler                        0x0800015f   Thumb Code     0  startup_stm32f10x_hd.o(.text)
    USART3_IRQHandler                        0x0800015f   Thumb Code     0  startup_stm32f10x_hd.o(.text)
    USBWakeUp_IRQHandler                     0x0800015f   Thumb Code     0  startup_stm32f10x_hd.o(.text)
    USB_HP_CAN1_TX_IRQHandler                0x0800015f   Thumb Code     0  startup_stm32f10x_hd.o(.text)
    USB_LP_CAN1_RX0_IRQHandler               0x0800015f   Thumb Code     0  startup_stm32f10x_hd.o(.text)
    WWDG_IRQHandler                          0x0800015f   Thumb Code     0  startup_stm32f10x_hd.o(.text)
    __aeabi_memset                           0x08000169   Thumb Code    14  memseta.o(.text)
    __aeabi_memset4                          0x08000169   Thumb Code     0  memseta.o(.text)
    __aeabi_memset8                          0x08000169   Thumb Code     0  memseta.o(.text)
    __aeabi_memclr                           0x08000177   Thumb Code     4  memseta.o(.text)
    __aeabi_memclr4                          0x08000177   Thumb Code     0  memseta.o(.text)
    __aeabi_memclr8                          0x08000177   Thumb Code     0  memseta.o(.text)
    _memset$wrapper                          0x0800017b   Thumb Code    18  memseta.o(.text)
    strstr                                   0x0800018d   Thumb Code    36  strstr.o(.text)
    strlen                                   0x080001b1   Thumb Code    14  strlen.o(.text)
    memcmp                                   0x080001bf   Thumb Code    26  memcmp.o(.text)
    strtok                                   0x080001d9   Thumb Code    62  strtok.o(.text)
    atoi                                     0x0800021d   Thumb Code    26  atoi.o(.text)
    __aeabi_fadd                             0x08000237   Thumb Code   164  fadd.o(.text)
    __aeabi_fsub                             0x080002db   Thumb Code     6  fadd.o(.text)
    __aeabi_frsub                            0x080002e1   Thumb Code     6  fadd.o(.text)
    __aeabi_fdiv                             0x080002e7   Thumb Code   124  fdiv.o(.text)
    __aeabi_dadd                             0x08000363   Thumb Code   322  dadd.o(.text)
    __aeabi_dsub                             0x080004a5   Thumb Code     6  dadd.o(.text)
    __aeabi_drsub                            0x080004ab   Thumb Code     6  dadd.o(.text)
    __aeabi_dmul                             0x080004b1   Thumb Code   228  dmul.o(.text)
    __aeabi_ddiv                             0x08000595   Thumb Code   222  ddiv.o(.text)
    __ARM_scalbn                             0x08000673   Thumb Code    46  dscalb.o(.text)
    scalbn                                   0x08000673   Thumb Code     0  dscalb.o(.text)
    __aeabi_i2f                              0x080006a1   Thumb Code    18  fflti.o(.text)
    __aeabi_ui2f                             0x080006b3   Thumb Code    10  ffltui.o(.text)
    __aeabi_i2d                              0x080006bd   Thumb Code    34  dflti.o(.text)
    __aeabi_ui2d                             0x080006df   Thumb Code    26  dfltui.o(.text)
    __aeabi_l2d                              0x080006f9   Thumb Code    40  dfltl.o(.text)
    __aeabi_f2iz                             0x08000721   Thumb Code    50  ffixi.o(.text)
    __aeabi_d2iz                             0x08000753   Thumb Code    62  dfixi.o(.text)
    __aeabi_d2lz                             0x08000791   Thumb Code    74  dfixl.o(.text)
    __aeabi_f2d                              0x080007db   Thumb Code    38  f2d.o(.text)
    __aeabi_cdrcmple                         0x08000801   Thumb Code    48  cdrcmple.o(.text)
    __aeabi_d2f                              0x08000831   Thumb Code    56  d2f.o(.text)
    __aeabi_cfrcmple                         0x08000869   Thumb Code    20  cfrcmple.o(.text)
    __aeabi_uidiv                            0x0800087d   Thumb Code     0  uidiv.o(.text)
    __aeabi_uidivmod                         0x0800087d   Thumb Code    44  uidiv.o(.text)
    __aeabi_uldivmod                         0x080008a9   Thumb Code    98  uldiv.o(.text)
    __aeabi_llsl                             0x0800090b   Thumb Code    30  llshl.o(.text)
    _ll_shift_l                              0x0800090b   Thumb Code     0  llshl.o(.text)
    __aeabi_llsr                             0x08000929   Thumb Code    32  llushr.o(.text)
    _ll_ushift_r                             0x08000929   Thumb Code     0  llushr.o(.text)
    __aeabi_lasr                             0x08000949   Thumb Code    36  llsshr.o(.text)
    _ll_sshift_r                             0x08000949   Thumb Code     0  llsshr.o(.text)
    strtol                                   0x0800096d   Thumb Code   112  strtol.o(.text)
    __I$use$fp                               0x080009dd   Thumb Code     0  iusefp.o(.text)
    _float_round                             0x080009dd   Thumb Code    18  fepilogue.o(.text)
    _float_epilogue                          0x080009ef   Thumb Code    92  fepilogue.o(.text)
    _double_round                            0x08000a4b   Thumb Code    30  depilogue.o(.text)
    _double_epilogue                         0x08000a69   Thumb Code   156  depilogue.o(.text)
    _dsqrt                                   0x08000b05   Thumb Code   162  dsqrt.o(.text)
    __aeabi_d2ulz                            0x08000ba7   Thumb Code    48  dfixul.o(.text)
    __scatterload                            0x08000bd9   Thumb Code    28  init.o(.text)
    __scatterload_rt2                        0x08000bd9   Thumb Code     0  init.o(.text)
    __rt_ctype_table                         0x08000bfd   Thumb Code     4  ctype_o.o(.text)
    _strtoul                                 0x08000c05   Thumb Code   158  _strtoul.o(.text)
    _chval                                   0x08000ca3   Thumb Code    28  _chval.o(.text)
    __decompress                             0x08000cbf   Thumb Code     0  __dczerorl2.o(.text)
    __decompress1                            0x08000cbf   Thumb Code    86  __dczerorl2.o(.text)
    ANTHOR_MEASURE                           0x08000d15   Thumb Code   676  lib.o(i.ANTHOR_MEASURE)
    AT_CmdFunc_ANCHOR_GPIOTEST               0x08000fdd   Thumb Code    30  stm32_eval.o(i.AT_CmdFunc_ANCHOR_GPIOTEST)
    AT_CmdFunc_ANCHOR_TAG                    0x08000ffd   Thumb Code   158  stm32_eval.o(i.AT_CmdFunc_ANCHOR_TAG)
    AT_CmdFunc_AT                            0x080010c9   Thumb Code     4  stm32_eval.o(i.AT_CmdFunc_AT)
    AT_CmdFunc_FACTORY                       0x080010cd   Thumb Code    30  stm32_eval.o(i.AT_CmdFunc_FACTORY)
    AT_CmdFunc_RST                           0x080010f5   Thumb Code    36  stm32_eval.o(i.AT_CmdFunc_RST)
    AT_CmdFunc_TemHum                        0x08001129   Thumb Code    60  stm32_eval.o(i.AT_CmdFunc_TemHum)
    AT_CmdFunc_XYZ                           0x08001175   Thumb Code    36  stm32_eval.o(i.AT_CmdFunc_XYZ)
    AT_CmdFunc_interval                      0x080011a5   Thumb Code    44  stm32_eval.o(i.AT_CmdFunc_interval)
    AT_CmdFunc_ondis                         0x080011d9   Thumb Code    44  stm32_eval.o(i.AT_CmdFunc_ondis)
    AT_CmdFunc_version                       0x0800120d   Thumb Code    24  stm32_eval.o(i.AT_CmdFunc_version)
    Anchor_Array_Init                        0x08001245   Thumb Code    28  main.o(i.Anchor_Array_Init)
    BusFault_Handler                         0x08001265   Thumb Code     2  stm32f10x_it.o(i.BusFault_Handler)
    DebugMon_Handler                         0x08001267   Thumb Code     2  stm32f10x_it.o(i.DebugMon_Handler)
    EXTI_GetITEnStatus                       0x08001269   Thumb Code    16  port.o(i.EXTI_GetITEnStatus)
    FLASH_ErasePage                          0x0800127d   Thumb Code    56  stm32f10x_flash.o(i.FLASH_ErasePage)
    FLASH_GetBank1Status                     0x080012b9   Thumb Code    34  stm32f10x_flash.o(i.FLASH_GetBank1Status)
    FLASH_Lock                               0x080012e1   Thumb Code    12  stm32f10x_flash.o(i.FLASH_Lock)
    FLASH_ProgramHalfWord                    0x080012f1   Thumb Code    48  stm32f10x_flash.o(i.FLASH_ProgramHalfWord)
    FLASH_ReadMoreData                       0x08001325   Thumb Code    26  stm32_eval.o(i.FLASH_ReadMoreData)
    FLASH_Unlock                             0x08001341   Thumb Code    12  stm32f10x_flash.o(i.FLASH_Unlock)
    FLASH_WaitForLastOperation               0x08001359   Thumb Code    36  stm32f10x_flash.o(i.FLASH_WaitForLastOperation)
    FLASH_WriteMoreData                      0x0800137d   Thumb Code    84  stm32_eval.o(i.FLASH_WriteMoreData)
    GPIO_Configuration                       0x080013d5   Thumb Code   216  port.o(i.GPIO_Configuration)
    GPIO_Init                                0x080014c1   Thumb Code   162  stm32f10x_gpio.o(i.GPIO_Init)
    GPIO_PinRemapConfig                      0x08001565   Thumb Code    82  stm32f10x_gpio.o(i.GPIO_PinRemapConfig)
    GPIO_ReadInputDataBit                    0x080015bd   Thumb Code    14  stm32f10x_gpio.o(i.GPIO_ReadInputDataBit)
    GPIO_ResetBits                           0x080015cb   Thumb Code     4  stm32f10x_gpio.o(i.GPIO_ResetBits)
    GPIO_SetBits                             0x080015cf   Thumb Code     4  stm32f10x_gpio.o(i.GPIO_SetBits)
    HardFault_Handler                        0x080015d5   Thumb Code     8  stm32f10x_it.o(i.HardFault_Handler)
    I2C_AcknowledgeConfig                    0x080015f5   Thumb Code    20  stm32f10x_i2c.o(i.I2C_AcknowledgeConfig)
    I2C_CheckEvent                           0x08001609   Thumb Code    24  stm32f10x_i2c.o(i.I2C_CheckEvent)
    I2C_Cmd                                  0x08001621   Thumb Code    20  stm32f10x_i2c.o(i.I2C_Cmd)
    I2C_DeInit                               0x08001635   Thumb Code    38  stm32f10x_i2c.o(i.I2C_DeInit)
    I2C_GenerateSTART                        0x08001661   Thumb Code    20  stm32f10x_i2c.o(i.I2C_GenerateSTART)
    I2C_GenerateSTOP                         0x08001675   Thumb Code    20  stm32f10x_i2c.o(i.I2C_GenerateSTOP)
    I2C_GetFlagStatus                        0x08001689   Thumb Code    42  stm32f10x_i2c.o(i.I2C_GetFlagStatus)
    I2C_Init                                 0x080016b5   Thumb Code   178  stm32f10x_i2c.o(i.I2C_Init)
    I2C_NACKPositionConfig                   0x08001771   Thumb Code    22  stm32f10x_i2c.o(i.I2C_NACKPositionConfig)
    I2C_ReceiveData                          0x08001787   Thumb Code     6  stm32f10x_i2c.o(i.I2C_ReceiveData)
    I2C_Send7bitAddress                      0x0800178d   Thumb Code    16  stm32f10x_i2c.o(i.I2C_Send7bitAddress)
    I2C_SendData                             0x0800179d   Thumb Code     4  stm32f10x_i2c.o(i.I2C_SendData)
    I2C_WriteOneByte                         0x080017a1   Thumb Code   182  lcd_oled.o(i.I2C_WriteOneByte)
    MemManage_Handler                        0x080018e5   Thumb Code     2  stm32f10x_it.o(i.MemManage_Handler)
    NMI_Handler                              0x080018e7   Thumb Code     2  stm32f10x_it.o(i.NMI_Handler)
    NVIC_Init                                0x080018e9   Thumb Code    94  misc.o(i.NVIC_Init)
    NVIC_PriorityGroupConfig                 0x0800194d   Thumb Code    10  misc.o(i.NVIC_PriorityGroupConfig)
    OLED_Clear                               0x0800199d   Thumb Code    60  lcd_oled.o(i.OLED_Clear)
    OLED_Init                                0x080019d9   Thumb Code   250  lcd_oled.o(i.OLED_Init)
    OLED_Set_Pos                             0x08001ad3   Thumb Code    44  lcd_oled.o(i.OLED_Set_Pos)
    OLED_ShowChar                            0x08001b01   Thumb Code    94  lcd_oled.o(i.OLED_ShowChar)
    OLED_ShowString                          0x08001b65   Thumb Code    50  lcd_oled.o(i.OLED_ShowString)
    OLED_WR_Byte                             0x08001b99   Thumb Code    36  lcd_oled.o(i.OLED_WR_Byte)
    PairGpioCheck                            0x08001bc5   Thumb Code   132  stm32_eval.o(i.PairGpioCheck)
    PairGpioCheckDB                          0x08001c49   Thumb Code   194  stm32_eval.o(i.PairGpioCheckDB)
    PendSV_Handler                           0x08001d0b   Thumb Code     2  stm32f10x_it.o(i.PendSV_Handler)
    RCC_APB1PeriphClockCmd                   0x08001d0d   Thumb Code    18  stm32f10x_rcc.o(i.RCC_APB1PeriphClockCmd)
    RCC_APB1PeriphResetCmd                   0x08001d25   Thumb Code    18  stm32f10x_rcc.o(i.RCC_APB1PeriphResetCmd)
    RCC_APB2PeriphClockCmd                   0x08001d3d   Thumb Code    18  stm32f10x_rcc.o(i.RCC_APB2PeriphClockCmd)
    RCC_APB2PeriphResetCmd                   0x08001d55   Thumb Code    18  stm32f10x_rcc.o(i.RCC_APB2PeriphResetCmd)
    RCC_GetClocksFreq                        0x08001d6d   Thumb Code   140  stm32f10x_rcc.o(i.RCC_GetClocksFreq)
    SHT20_init                               0x08001e0d   Thumb Code   112  lcd_oled.o(i.SHT20_init)
    SHT20_read_hum                           0x08001e81   Thumb Code   138  lcd_oled.o(i.SHT20_read_hum)
    SHT20_read_tem                           0x08001f39   Thumb Code   136  lcd_oled.o(i.SHT20_read_tem)
    SPI_ChangeRate                           0x08001ff1   Thumb Code    14  port.o(i.SPI_ChangeRate)
    SPI_Cmd                                  0x08002005   Thumb Code    20  stm32f10x_spi.o(i.SPI_Cmd)
    SPI_Configuration                        0x08002019   Thumb Code   166  port.o(i.SPI_Configuration)
    SPI_I2S_DeInit                           0x080020c9   Thumb Code    72  stm32f10x_spi.o(i.SPI_I2S_DeInit)
    SPI_I2S_GetFlagStatus                    0x0800211d   Thumb Code    14  stm32f10x_spi.o(i.SPI_I2S_GetFlagStatus)
    SPI_Init                                 0x0800212b   Thumb Code    56  stm32f10x_spi.o(i.SPI_Init)
    SPI_SSOutputCmd                          0x08002163   Thumb Code    20  stm32f10x_spi.o(i.SPI_SSOutputCmd)
    STM_EVAL_COMInit                         0x08002179   Thumb Code   200  stm32_eval.o(i.STM_EVAL_COMInit)
    SVC_Handler                              0x0800224d   Thumb Code     2  stm32f10x_it.o(i.SVC_Handler)
    Semaphore_Init                           0x08002251   Thumb Code     8  main.o(i.Semaphore_Init)
    Sum_Tag_Semaphore_request                0x08002305   Thumb Code    22  main.o(i.Sum_Tag_Semaphore_request)
    SysTick_Configuration                    0x08002325   Thumb Code    64  port.o(i.SysTick_Configuration)
    SysTick_Handler                          0x08002369   Thumb Code    10  stm32f10x_it.o(i.SysTick_Handler)
    SystemInit                               0x08002379   Thumb Code    64  system_stm32f10x.o(i.SystemInit)
    TAG_MEASURE                              0x080023c9   Thumb Code  1070  lib.o(i.TAG_MEASURE)
    Tag_Measure_Dis                          0x08002801   Thumb Code   566  main.o(i.Tag_Measure_Dis)
    USART1_IRQHandler                        0x08002a51   Thumb Code    36  stm32_eval.o(i.USART1_IRQHandler)
    USART_ClearFlag                          0x08002a79   Thumb Code     6  stm32f10x_usart.o(i.USART_ClearFlag)
    USART_Cmd                                0x08002a7f   Thumb Code    20  stm32f10x_usart.o(i.USART_Cmd)
    USART_GetFlagStatus                      0x08002a93   Thumb Code    14  stm32f10x_usart.o(i.USART_GetFlagStatus)
    USART_GetITStatus                        0x08002aa1   Thumb Code    62  stm32f10x_usart.o(i.USART_GetITStatus)
    USART_ITConfig                           0x08002adf   Thumb Code    48  stm32f10x_usart.o(i.USART_ITConfig)
    USART_Init                               0x08002b11   Thumb Code   166  stm32f10x_usart.o(i.USART_Init)
    USART_ReceiveData                        0x08002bbd   Thumb Code     8  stm32f10x_usart.o(i.USART_ReceiveData)
    USART_SendData                           0x08002bc5   Thumb Code     8  stm32f10x_usart.o(i.USART_SendData)
    USART_puts                               0x08002bcd   Thumb Code    24  port.o(i.USART_puts)
    UsageFault_Handler                       0x08002be5   Thumb Code     2  stm32f10x_it.o(i.UsageFault_Handler)
    __0printf                                0x08002be9   Thumb Code    22  printfa.o(i.__0printf)
    __1printf                                0x08002be9   Thumb Code     0  printfa.o(i.__0printf)
    __2printf                                0x08002be9   Thumb Code     0  printfa.o(i.__0printf)
    __c89printf                              0x08002be9   Thumb Code     0  printfa.o(i.__0printf)
    printf                                   0x08002be9   Thumb Code     0  printfa.o(i.__0printf)
    __0sprintf                               0x08002c09   Thumb Code    34  printfa.o(i.__0sprintf)
    __1sprintf                               0x08002c09   Thumb Code     0  printfa.o(i.__0sprintf)
    __2sprintf                               0x08002c09   Thumb Code     0  printfa.o(i.__0sprintf)
    __c89sprintf                             0x08002c09   Thumb Code     0  printfa.o(i.__0sprintf)
    sprintf                                  0x08002c09   Thumb Code     0  printfa.o(i.__0sprintf)
    __ARM_fpclassify                         0x08002c31   Thumb Code    40  fpclassify.o(i.__ARM_fpclassify)
    __aeabi_errno_addr                       0x08002c59   Thumb Code     4  errno.o(i.__aeabi_errno_addr)
    __rt_errno_addr                          0x08002c59   Thumb Code     0  errno.o(i.__aeabi_errno_addr)
    __kernel_poly                            0x08002c61   Thumb Code   170  poly.o(i.__kernel_poly)
    __mathlib_dbl_divzero                    0x08002d0d   Thumb Code    12  dunder.o(i.__mathlib_dbl_divzero)
    __mathlib_dbl_infnan                     0x08002d1d   Thumb Code     6  dunder.o(i.__mathlib_dbl_infnan)
    __mathlib_dbl_infnan2                    0x08002d23   Thumb Code     4  dunder.o(i.__mathlib_dbl_infnan2)
    __mathlib_dbl_invalid                    0x08002d27   Thumb Code    12  dunder.o(i.__mathlib_dbl_invalid)
    __mathlib_dbl_overflow                   0x08002d33   Thumb Code    14  dunder.o(i.__mathlib_dbl_overflow)
    __mathlib_dbl_underflow                  0x08002d41   Thumb Code    10  dunder.o(i.__mathlib_dbl_underflow)
    __scatterload_copy                       0x08002d51   Thumb Code    14  handlers.o(i.__scatterload_copy)
    __scatterload_null                       0x08002d5f   Thumb Code     2  handlers.o(i.__scatterload_null)
    __scatterload_zeroinit                   0x08002d61   Thumb Code    14  handlers.o(i.__scatterload_zeroinit)
    __set_errno                              0x08002d71   Thumb Code     6  errno.o(i.__set_errno)
    _dwt_configlde                           0x08002d7d   Thumb Code    48  deca_device.o(i._dwt_configlde)
    _dwt_enableclocks                        0x08002dad   Thumb Code   194  deca_device.o(i._dwt_enableclocks)
    _dwt_loaducodefromrom                    0x08002e6f   Thumb Code    52  deca_device.o(i._dwt_loaducodefromrom)
    _dwt_otpread                             0x08002ea3   Thumb Code    70  deca_device.o(i._dwt_otpread)
    asin                                     0x08003785   Thumb Code   572  asin.o(i.asin)
    at_cmd_parse                             0x080039f5   Thumb Code   214  stm32_eval.o(i.at_cmd_parse)
    at_cmd_recv                              0x08003ae9   Thumb Code    98  stm32_eval.o(i.at_cmd_recv)
    buo1DbGpio                               0x08003b55   Thumb Code   214  stm32_eval.o(i.buo1DbGpio)
    buo1Gpio                                 0x08003d21   Thumb Code    80  stm32_eval.o(i.buo1Gpio)
    deca_sleep                               0x08003e7d   Thumb Code    24  deca_sleep.o(i.deca_sleep)
    decamutexoff                             0x08003e95   Thumb Code    18  deca_mutex.o(i.decamutexoff)
    decamutexon                              0x08003ea7   Thumb Code    26  deca_mutex.o(i.decamutexon)
    drv_lis2dh12_get_angle                   0x08004021   Thumb Code   332  lcd_oled.o(i.drv_lis2dh12_get_angle)
    drv_lis2dh12_iic_read_byte               0x080041a1   Thumb Code   230  lcd_oled.o(i.drv_lis2dh12_iic_read_byte)
    drv_lis2dh12_iic_write_byte              0x08004299   Thumb Code    18  lcd_oled.o(i.drv_lis2dh12_iic_write_byte)
    drv_lis2dh12_init                        0x080042b1   Thumb Code    70  lcd_oled.o(i.drv_lis2dh12_init)
    dwt_configure                            0x080042f9   Thumb Code   490  deca_device.o(i.dwt_configure)
    dwt_enablegpioclocks                     0x08004511   Thumb Code    26  deca_device.o(i.dwt_enablegpioclocks)
    dwt_enablegpioclocks1                    0x0800452b   Thumb Code    44  deca_device.o(i.dwt_enablegpioclocks1)
    dwt_entersleepaftertx                    0x08004557   Thumb Code    36  deca_device.o(i.dwt_entersleepaftertx)
    dwt_forcetrxoff                          0x0800457d   Thumb Code    86  deca_device.o(i.dwt_forcetrxoff)
    dwt_getgpiovalue                         0x080045dd   Thumb Code    20  deca_device.o(i.dwt_getgpiovalue)
    dwt_getrangebias                         0x080045f1   Thumb Code   200  deca_range_tables.o(i.dwt_getrangebias)
    dwt_initialise                           0x080046c9   Thumb Code   208  deca_device.o(i.dwt_initialise)
    dwt_read16bitoffsetreg                   0x080047a1   Thumb Code    38  deca_device.o(i.dwt_read16bitoffsetreg)
    dwt_read32bitoffsetreg                   0x080047c7   Thumb Code    38  deca_device.o(i.dwt_read32bitoffsetreg)
    dwt_readdevid                            0x080047ed   Thumb Code     8  deca_device.o(i.dwt_readdevid)
    dwt_readfromdevice                       0x080047f5   Thumb Code    58  deca_device.o(i.dwt_readfromdevice)
    dwt_readrxdata                           0x0800482f   Thumb Code    18  deca_device.o(i.dwt_readrxdata)
    dwt_readrxtimestamp                      0x08004841   Thumb Code    12  deca_device.o(i.dwt_readrxtimestamp)
    dwt_readtxtimestamp                      0x0800484d   Thumb Code    12  deca_device.o(i.dwt_readtxtimestamp)
    dwt_rxenable                             0x08004859   Thumb Code    80  deca_device.o(i.dwt_rxenable)
    dwt_setGPIOdirection                     0x080048a9   Thumb Code    34  deca_device.o(i.dwt_setGPIOdirection)
    dwt_setGPIOvalue                         0x080048cb   Thumb Code    34  deca_device.o(i.dwt_setGPIOvalue)
    dwt_setdelayedtrxtime                    0x080048ed   Thumb Code    10  deca_device.o(i.dwt_setdelayedtrxtime)
    dwt_setleds                              0x080048f7   Thumb Code   184  deca_device.o(i.dwt_setleds)
    dwt_setrxaftertxdelay                    0x080049af   Thumb Code    34  deca_device.o(i.dwt_setrxaftertxdelay)
    dwt_setrxantennadelay                    0x080049d1   Thumb Code    12  deca_device.o(i.dwt_setrxantennadelay)
    dwt_setrxtimeout                         0x080049dd   Thumb Code    84  deca_device.o(i.dwt_setrxtimeout)
    dwt_settxantennadelay                    0x08004a35   Thumb Code    10  deca_device.o(i.dwt_settxantennadelay)
    dwt_starttx                              0x08004a41   Thumb Code   142  deca_device.o(i.dwt_starttx)
    dwt_syncrxbufptrs                        0x08004ad5   Thumb Code    52  deca_device.o(i.dwt_syncrxbufptrs)
    dwt_write16bitoffsetreg                  0x08004b09   Thumb Code    26  deca_device.o(i.dwt_write16bitoffsetreg)
    dwt_write32bitoffsetreg                  0x08004b23   Thumb Code    30  deca_device.o(i.dwt_write32bitoffsetreg)
    dwt_writetodevice                        0x08004b41   Thumb Code    62  deca_device.o(i.dwt_writetodevice)
    dwt_writetxdata                          0x08004b7f   Thumb Code    34  deca_device.o(i.dwt_writetxdata)
    dwt_writetxfctrl                         0x08004ba1   Thumb Code    24  deca_device.o(i.dwt_writetxfctrl)
    dwt_xtaltrim                             0x08004bbd   Thumb Code    48  deca_device.o(i.dwt_xtaltrim)
    filter                                   0x08004bed   Thumb Code    84  main.o(i.filter)
    fputc                                    0x08004c75   Thumb Code    38  main.o(i.fputc)
    get_rx_timestamp_u64                     0x08004ca1   Thumb Code    38  lib.o(i.get_rx_timestamp_u64)
    get_tx_timestamp_u64                     0x08004cc7   Thumb Code    38  lib.o(i.get_tx_timestamp_u64)
    hal_i2c1_read_data                       0x08004ced   Thumb Code   322  lcd_oled.o(i.hal_i2c1_read_data)
    hal_i2c1_send_data                       0x08004e3d   Thumb Code    50  lcd_oled.o(i.hal_i2c1_send_data)
    hal_i2c1_send_data1                      0x08004e71   Thumb Code   156  lcd_oled.o(i.hal_i2c1_send_data1)
    main                                     0x08004f1d   Thumb Code   358  main.o(i.main)
    peripherals_init                         0x0800518d   Thumb Code    72  port.o(i.peripherals_init)
    portGetTickCnt                           0x080051d5   Thumb Code     6  port.o(i.portGetTickCnt)
    pow                                      0x080051e1   Thumb Code  2478  pow.o(i.pow)
    putc                                     0x08005b99   Thumb Code     4  putc.o(i.putc)
    putchar                                  0x08005b9d   Thumb Code     6  putchar.o(i.putchar)
    readfromspi_serial                       0x08005ba9   Thumb Code   114  deca_spi.o(i.readfromspi_serial)
    reset_DW1000                             0x08005c25   Thumb Code    70  port.o(i.reset_DW1000)
    spi_set_rate_high                        0x08005c71   Thumb Code     6  port.o(i.spi_set_rate_high)
    spi_set_rate_low                         0x08005c77   Thumb Code     6  port.o(i.spi_set_rate_low)
    sqrt                                     0x08005c7d   Thumb Code    76  sqrt.o(i.sqrt)
    string_split                             0x08005cc9   Thumb Code    28  stm32_eval.o(i.string_split)
    usartinit                                0x08005ce5   Thumb Code    42  port.o(i.usartinit)
    writetospi_serial                        0x08005d11   Thumb Code    90  deca_spi.o(i.writetospi_serial)
    COM_TX_PIN                               0x08005d7c   Data           4  stm32_eval.o(.constdata)
    COM_RX_PIN                               0x08005d80   Data           4  stm32_eval.o(.constdata)
    GPIO_PIN                                 0x08005d8a   Data           8  stm32_eval.o(.constdata)
    COM_USART_CLK                            0x08005d94   Data           8  stm32_eval.o(.constdata)
    COM_TX_PORT_CLK                          0x08005d9c   Data           8  stm32_eval.o(.constdata)
    COM_RX_PORT_CLK                          0x08005da4   Data           8  stm32_eval.o(.constdata)
    GPIO_CLK                                 0x08005dac   Data          16  stm32_eval.o(.constdata)
    BUTTON_PIN                               0x08005dbc   Data          16  stm32_eval.o(.constdata)
    BUTTON_CLK                               0x08005dcc   Data          32  stm32_eval.o(.constdata)
    BUTTON_EXTI_LINE                         0x08005dec   Data          16  stm32_eval.o(.constdata)
    BUTTON_PORT_SOURCE                       0x08005dfc   Data          16  stm32_eval.o(.constdata)
    BUTTON_PIN_SOURCE                        0x08005e0c   Data          16  stm32_eval.o(.constdata)
    BUTTON_IRQn                              0x08005e1c   Data          16  stm32_eval.o(.constdata)
    F8X16                                    0x08005e2c   Data        1520  lcd_oled.o(.constdata)
    chan_idx                                 0x0800641c   Data           8  deca_params_init.o(.constdata)
    tx_config                                0x08006424   Data          24  deca_params_init.o(.constdata)
    pll2_config                              0x0800643c   Data          30  deca_params_init.o(.constdata)
    rx_config                                0x0800645a   Data           2  deca_params_init.o(.constdata)
    agc_config                               0x0800645c   Data           8  deca_params_init.o(.constdata)
    dwnsSFDlen                               0x08006464   Data           3  deca_params_init.o(.constdata)
    sftsh                                    0x08006468   Data          12  deca_params_init.o(.constdata)
    dtune1                                   0x08006474   Data           4  deca_params_init.o(.constdata)
    digital_bb_config                        0x08006478   Data          32  deca_params_init.o(.constdata)
    lde_replicaCoeff                         0x08006498   Data          50  deca_params_init.o(.constdata)
    chan_idxnb                               0x080064ca   Data           8  deca_range_tables.o(.constdata)
    chan_idxwb                               0x080064d2   Data           8  deca_range_tables.o(.constdata)
    range25cm16PRFnb                         0x080064da   Data         148  deca_range_tables.o(.constdata)
    range25cm16PRFwb                         0x0800656e   Data         136  deca_range_tables.o(.constdata)
    range25cm64PRFnb                         0x080065f6   Data         104  deca_range_tables.o(.constdata)
    range25cm64PRFwb                         0x0800665e   Data         118  deca_range_tables.o(.constdata)
    __mathlib_zero                           0x080067b0   Data           8  qnan.o(.constdata)
    __ctype_table                            0x080067b8   Data         129  ctype_o.o(.constdata)
    Region$$Table$$Base                      0x080068b0   Number         0  anon$$obj.o(Region$$Table)
    Region$$Table$$Limit                     0x080068d0   Number         0  anon$$obj.o(Region$$Table)
    time32_incr                              0x20000000   Data           4  stm32f10x_it.o(.data)
    ANCHOR_REFRESH_COUNT_set                 0x20000010   Data           4  main.o(.data)
    SystemCoreClock                          0x200000b0   Data           4  system_stm32f10x.o(.data)
    AHBPrescTable                            0x200000b4   Data          16  system_stm32f10x.o(.data)
    SWITCH_DIS                               0x200000c4   Data           1  stm32_eval.o(.data)
    COM_USART                                0x200000cc   Data           8  stm32_eval.o(.data)
    COM_TX_PORT                              0x200000d4   Data           8  stm32_eval.o(.data)
    COM_RX_PORT                              0x200000dc   Data           8  stm32_eval.o(.data)
    GPIO_PORT                                0x200000e4   Data          16  stm32_eval.o(.data)
    BUTTON_PORT                              0x200000f4   Data          32  stm32_eval.o(.data)
    at_table                                 0x20000114   Data          80  stm32_eval.o(.data)
    UserSetNow                               0x20000164   Data           4  stm32_eval.o(.data)
    IIc_flag                                 0x20000168   Data           4  lcd_oled.o(.data)
    Hzk                                      0x2000016c   Data         448  lcd_oled.o(.data)
    TAG_ID                                   0x20000331   Data           1  lib.o(.data)
    MASTER_TAG                               0x20000332   Data           1  lib.o(.data)
    SLAVE_TAG_START_INDEX                    0x20000333   Data           1  lib.o(.data)
    ANCHOR_IND                               0x20000334   Data           1  lib.o(.data)
    Semaphore                                0x20000335   Data           1  lib.o(.data)
    __stdout                                 0x20000418   Data           4  stdout.o(.data)
    Value_Buf                                0x20000428   Data         100  main.o(.bss)
    filter_index                             0x2000048c   Data          20  main.o(.bss)
    AnchorList                               0x200004b8   Data        1080  main.o(.bss)
    Anthordistance                           0x200008f0   Data         180  main.o(.bss)
    Anthordistance_count                     0x200009a4   Data         180  main.o(.bss)
    I2C_InitStructure                        0x20000c58   Data          16  port.o(.bss)
    dist_str                                 0x20000ca4   Data          16  lib.o(.bss)
    __initial_sp                             0x200012d0   Data           0  startup_stm32f10x_hd.o(STACK)



==============================================================================

Memory Map of the image

  Image Entry point : 0x08000131

  Load Region LR_IROM1 (Base: 0x08000000, Size: 0x00006cf4, Max: 0x00010000, ABSOLUTE, COMPRESSED[0x00006a6c])

    Execution Region ER_IROM1 (Base: 0x08000000, Size: 0x000068d0, Max: 0x00010000, ABSOLUTE)

    Base Addr    Size         Type   Attr      Idx    E Section Name        Object

    0x08000000   0x00000130   Data   RO         4485    RESET               startup_stm32f10x_hd.o
    0x08000130   0x00000000   Code   RO         5987  * .ARM.Collect$$$$00000000  mc_w.l(entry.o)
    0x08000130   0x00000004   Code   RO         6339    .ARM.Collect$$$$00000001  mc_w.l(entry2.o)
    0x08000134   0x00000004   Code   RO         6342    .ARM.Collect$$$$00000004  mc_w.l(entry5.o)
    0x08000138   0x00000000   Code   RO         6344    .ARM.Collect$$$$00000008  mc_w.l(entry7b.o)
    0x08000138   0x00000000   Code   RO         6346    .ARM.Collect$$$$0000000A  mc_w.l(entry8b.o)
    0x08000138   0x00000008   Code   RO         6347    .ARM.Collect$$$$0000000B  mc_w.l(entry9a.o)
    0x08000140   0x00000000   Code   RO         6349    .ARM.Collect$$$$0000000D  mc_w.l(entry10a.o)
    0x08000140   0x00000000   Code   RO         6351    .ARM.Collect$$$$0000000F  mc_w.l(entry11a.o)
    0x08000140   0x00000004   Code   RO         6340    .ARM.Collect$$$$00002712  mc_w.l(entry2.o)
    0x08000144   0x00000024   Code   RO         4486    .text               startup_stm32f10x_hd.o
    0x08000168   0x00000024   Code   RO         6001    .text               mc_w.l(memseta.o)
    0x0800018c   0x00000024   Code   RO         6003    .text               mc_w.l(strstr.o)
    0x080001b0   0x0000000e   Code   RO         6005    .text               mc_w.l(strlen.o)
    0x080001be   0x0000001a   Code   RO         6007    .text               mc_w.l(memcmp.o)
    0x080001d8   0x00000044   Code   RO         6009    .text               mc_w.l(strtok.o)
    0x0800021c   0x0000001a   Code   RO         6278    .text               mc_w.l(atoi.o)
    0x08000236   0x000000b0   Code   RO         6280    .text               mf_w.l(fadd.o)
    0x080002e6   0x0000007c   Code   RO         6284    .text               mf_w.l(fdiv.o)
    0x08000362   0x0000014e   Code   RO         6286    .text               mf_w.l(dadd.o)
    0x080004b0   0x000000e4   Code   RO         6288    .text               mf_w.l(dmul.o)
    0x08000594   0x000000de   Code   RO         6290    .text               mf_w.l(ddiv.o)
    0x08000672   0x0000002e   Code   RO         6292    .text               mf_w.l(dscalb.o)
    0x080006a0   0x00000012   Code   RO         6294    .text               mf_w.l(fflti.o)
    0x080006b2   0x0000000a   Code   RO         6296    .text               mf_w.l(ffltui.o)
    0x080006bc   0x00000022   Code   RO         6298    .text               mf_w.l(dflti.o)
    0x080006de   0x0000001a   Code   RO         6300    .text               mf_w.l(dfltui.o)
    0x080006f8   0x00000028   Code   RO         6302    .text               mf_w.l(dfltl.o)
    0x08000720   0x00000032   Code   RO         6304    .text               mf_w.l(ffixi.o)
    0x08000752   0x0000003e   Code   RO         6306    .text               mf_w.l(dfixi.o)
    0x08000790   0x0000004a   Code   RO         6308    .text               mf_w.l(dfixl.o)
    0x080007da   0x00000026   Code   RO         6310    .text               mf_w.l(f2d.o)
    0x08000800   0x00000030   Code   RO         6314    .text               mf_w.l(cdrcmple.o)
    0x08000830   0x00000038   Code   RO         6316    .text               mf_w.l(d2f.o)
    0x08000868   0x00000014   Code   RO         6318    .text               mf_w.l(cfrcmple.o)
    0x0800087c   0x0000002c   Code   RO         6353    .text               mc_w.l(uidiv.o)
    0x080008a8   0x00000062   Code   RO         6355    .text               mc_w.l(uldiv.o)
    0x0800090a   0x0000001e   Code   RO         6357    .text               mc_w.l(llshl.o)
    0x08000928   0x00000020   Code   RO         6359    .text               mc_w.l(llushr.o)
    0x08000948   0x00000024   Code   RO         6361    .text               mc_w.l(llsshr.o)
    0x0800096c   0x00000070   Code   RO         6370    .text               mc_w.l(strtol.o)
    0x080009dc   0x00000000   Code   RO         6372    .text               mc_w.l(iusefp.o)
    0x080009dc   0x0000006e   Code   RO         6373    .text               mf_w.l(fepilogue.o)
    0x08000a4a   0x000000ba   Code   RO         6375    .text               mf_w.l(depilogue.o)
    0x08000b04   0x000000a2   Code   RO         6377    .text               mf_w.l(dsqrt.o)
    0x08000ba6   0x00000030   Code   RO         6379    .text               mf_w.l(dfixul.o)
    0x08000bd6   0x00000002   PAD
    0x08000bd8   0x00000024   Code   RO         6381    .text               mc_w.l(init.o)
    0x08000bfc   0x00000008   Code   RO         6383    .text               mc_w.l(ctype_o.o)
    0x08000c04   0x0000009e   Code   RO         6411    .text               mc_w.l(_strtoul.o)
    0x08000ca2   0x0000001c   Code   RO         6413    .text               mc_w.l(_chval.o)
    0x08000cbe   0x00000056   Code   RO         6423    .text               mc_w.l(__dczerorl2.o)
    0x08000d14   0x000002c8   Code   RO         5788    i.ANTHOR_MEASURE    STM3210E-EVAL.lib(lib.o)
    0x08000fdc   0x0000001e   Code   RO         3413    i.AT_CmdFunc_ANCHOR_GPIOTEST  stm32_eval.o
    0x08000ffa   0x00000002   PAD
    0x08000ffc   0x000000cc   Code   RO         3414    i.AT_CmdFunc_ANCHOR_TAG  stm32_eval.o
    0x080010c8   0x00000004   Code   RO         3415    i.AT_CmdFunc_AT     stm32_eval.o
    0x080010cc   0x00000028   Code   RO         3416    i.AT_CmdFunc_FACTORY  stm32_eval.o
    0x080010f4   0x00000034   Code   RO         3417    i.AT_CmdFunc_RST    stm32_eval.o
    0x08001128   0x0000004c   Code   RO         3418    i.AT_CmdFunc_TemHum  stm32_eval.o
    0x08001174   0x00000030   Code   RO         3419    i.AT_CmdFunc_XYZ    stm32_eval.o
    0x080011a4   0x00000034   Code   RO         3420    i.AT_CmdFunc_interval  stm32_eval.o
    0x080011d8   0x00000034   Code   RO         3421    i.AT_CmdFunc_ondis  stm32_eval.o
    0x0800120c   0x00000038   Code   RO         3422    i.AT_CmdFunc_version  stm32_eval.o
    0x08001244   0x00000020   Code   RO          155    i.Anchor_Array_Init  main.o
    0x08001264   0x00000002   Code   RO            1    i.BusFault_Handler  stm32f10x_it.o
    0x08001266   0x00000002   Code   RO            2    i.DebugMon_Handler  stm32f10x_it.o
    0x08001268   0x00000014   Code   RO         4597    i.EXTI_GetITEnStatus  port.o
    0x0800127c   0x0000003c   Code   RO         2422    i.FLASH_ErasePage   stm32f10x_flash.o
    0x080012b8   0x00000028   Code   RO         2423    i.FLASH_GetBank1Status  stm32f10x_flash.o
    0x080012e0   0x00000010   Code   RO         2432    i.FLASH_Lock        stm32f10x_flash.o
    0x080012f0   0x00000034   Code   RO         2435    i.FLASH_ProgramHalfWord  stm32f10x_flash.o
    0x08001324   0x0000001a   Code   RO         3424    i.FLASH_ReadMoreData  stm32_eval.o
    0x0800133e   0x00000002   PAD
    0x08001340   0x00000018   Code   RO         2440    i.FLASH_Unlock      stm32f10x_flash.o
    0x08001358   0x00000024   Code   RO         2444    i.FLASH_WaitForLastOperation  stm32f10x_flash.o
    0x0800137c   0x00000058   Code   RO         3426    i.FLASH_WriteMoreData  stm32_eval.o
    0x080013d4   0x000000ec   Code   RO         4598    i.GPIO_Configuration  port.o
    0x080014c0   0x000000a2   Code   RO          582    i.GPIO_Init         stm32f10x_gpio.o
    0x08001562   0x00000002   PAD
    0x08001564   0x00000058   Code   RO          584    i.GPIO_PinRemapConfig  stm32f10x_gpio.o
    0x080015bc   0x0000000e   Code   RO          586    i.GPIO_ReadInputDataBit  stm32f10x_gpio.o
    0x080015ca   0x00000004   Code   RO          589    i.GPIO_ResetBits    stm32f10x_gpio.o
    0x080015ce   0x00000004   Code   RO          590    i.GPIO_SetBits      stm32f10x_gpio.o
    0x080015d2   0x00000002   PAD
    0x080015d4   0x00000020   Code   RO            3    i.HardFault_Handler  stm32f10x_it.o
    0x080015f4   0x00000014   Code   RO         1510    i.I2C_AcknowledgeConfig  stm32f10x_i2c.o
    0x08001608   0x00000018   Code   RO         1512    i.I2C_CheckEvent    stm32f10x_i2c.o
    0x08001620   0x00000014   Code   RO         1515    i.I2C_Cmd           stm32f10x_i2c.o
    0x08001634   0x0000002c   Code   RO         1518    i.I2C_DeInit        stm32f10x_i2c.o
    0x08001660   0x00000014   Code   RO         1522    i.I2C_GenerateSTART  stm32f10x_i2c.o
    0x08001674   0x00000014   Code   RO         1523    i.I2C_GenerateSTOP  stm32f10x_i2c.o
    0x08001688   0x0000002a   Code   RO         1524    i.I2C_GetFlagStatus  stm32f10x_i2c.o
    0x080016b2   0x00000002   PAD
    0x080016b4   0x000000bc   Code   RO         1529    i.I2C_Init          stm32f10x_i2c.o
    0x08001770   0x00000016   Code   RO         1530    i.I2C_NACKPositionConfig  stm32f10x_i2c.o
    0x08001786   0x00000006   Code   RO         1534    i.I2C_ReceiveData   stm32f10x_i2c.o
    0x0800178c   0x00000010   Code   RO         1536    i.I2C_Send7bitAddress  stm32f10x_i2c.o
    0x0800179c   0x00000004   Code   RO         1537    i.I2C_SendData      stm32f10x_i2c.o
    0x080017a0   0x000000c8   Code   RO         4782    i.I2C_WriteOneByte  lcd_oled.o
    0x08001868   0x0000007c   Code   RO         4599    i.MX_I2C1_Init      port.o
    0x080018e4   0x00000002   Code   RO            4    i.MemManage_Handler  stm32f10x_it.o
    0x080018e6   0x00000002   Code   RO            5    i.NMI_Handler       stm32f10x_it.o
    0x080018e8   0x00000064   Code   RO          696    i.NVIC_Init         misc.o
    0x0800194c   0x00000014   Code   RO          697    i.NVIC_PriorityGroupConfig  misc.o
    0x08001960   0x00000020   Code   RO         4602    i.NVIC_SetPriority  port.o
    0x08001980   0x0000001c   Code   RO         5789    i.NVIC_SystemReset  STM3210E-EVAL.lib(lib.o)
    0x0800199c   0x0000003c   Code   RO         4783    i.OLED_Clear        lcd_oled.o
    0x080019d8   0x000000fa   Code   RO         4787    i.OLED_Init         lcd_oled.o
    0x08001ad2   0x0000002c   Code   RO         4788    i.OLED_Set_Pos      lcd_oled.o
    0x08001afe   0x00000002   PAD
    0x08001b00   0x00000064   Code   RO         4790    i.OLED_ShowChar     lcd_oled.o
    0x08001b64   0x00000032   Code   RO         4792    i.OLED_ShowString   lcd_oled.o
    0x08001b96   0x00000002   PAD
    0x08001b98   0x0000002c   Code   RO         4793    i.OLED_WR_Byte      lcd_oled.o
    0x08001bc4   0x00000084   Code   RO         3430    i.PairGpioCheck     stm32_eval.o
    0x08001c48   0x000000c2   Code   RO         3431    i.PairGpioCheckDB   stm32_eval.o
    0x08001d0a   0x00000002   Code   RO            6    i.PendSV_Handler    stm32f10x_it.o
    0x08001d0c   0x00000018   Code   RO          309    i.RCC_APB1PeriphClockCmd  stm32f10x_rcc.o
    0x08001d24   0x00000018   Code   RO          310    i.RCC_APB1PeriphResetCmd  stm32f10x_rcc.o
    0x08001d3c   0x00000018   Code   RO          311    i.RCC_APB2PeriphClockCmd  stm32f10x_rcc.o
    0x08001d54   0x00000018   Code   RO          312    i.RCC_APB2PeriphResetCmd  stm32f10x_rcc.o
    0x08001d6c   0x000000a0   Code   RO          319    i.RCC_GetClocksFreq  stm32f10x_rcc.o
    0x08001e0c   0x00000074   Code   RO         4794    i.SHT20_init        lcd_oled.o
    0x08001e80   0x000000b8   Code   RO         4795    i.SHT20_read_hum    lcd_oled.o
    0x08001f38   0x000000b8   Code   RO         4796    i.SHT20_read_tem    lcd_oled.o
    0x08001ff0   0x00000014   Code   RO         4606    i.SPI_ChangeRate    port.o
    0x08002004   0x00000014   Code   RO          797    i.SPI_Cmd           stm32f10x_spi.o
    0x08002018   0x000000b0   Code   RO         4608    i.SPI_Configuration  port.o
    0x080020c8   0x00000054   Code   RO          804    i.SPI_I2S_DeInit    stm32f10x_spi.o
    0x0800211c   0x0000000e   Code   RO          805    i.SPI_I2S_GetFlagStatus  stm32f10x_spi.o
    0x0800212a   0x00000038   Code   RO          810    i.SPI_Init          stm32f10x_spi.o
    0x08002162   0x00000014   Code   RO          812    i.SPI_SSOutputCmd   stm32f10x_spi.o
    0x08002176   0x00000002   PAD
    0x08002178   0x000000d4   Code   RO         3437    i.STM_EVAL_COMInit  stm32_eval.o
    0x0800224c   0x00000002   Code   RO            7    i.SVC_Handler       stm32f10x_it.o
    0x0800224e   0x00000002   PAD
    0x08002250   0x0000000c   Code   RO          156    i.Semaphore_Init    main.o
    0x0800225c   0x000000a8   Code   RO         3384    i.SetSysClockTo72   system_stm32f10x.o
    0x08002304   0x00000020   Code   RO          157    i.Sum_Tag_Semaphore_request  main.o
    0x08002324   0x00000044   Code   RO         4609    i.SysTick_Configuration  port.o
    0x08002368   0x00000010   Code   RO            8    i.SysTick_Handler   stm32f10x_it.o
    0x08002378   0x00000050   Code   RO         3386    i.SystemInit        system_stm32f10x.o
    0x080023c8   0x00000438   Code   RO         5790    i.TAG_MEASURE       STM3210E-EVAL.lib(lib.o)
    0x08002800   0x00000250   Code   RO          158    i.Tag_Measure_Dis   main.o
    0x08002a50   0x00000028   Code   RO         3444    i.USART1_IRQHandler  stm32_eval.o
    0x08002a78   0x00000006   Code   RO         1062    i.USART_ClearFlag   stm32f10x_usart.o
    0x08002a7e   0x00000014   Code   RO         1066    i.USART_Cmd         stm32f10x_usart.o
    0x08002a92   0x0000000e   Code   RO         1069    i.USART_GetFlagStatus  stm32f10x_usart.o
    0x08002aa0   0x0000003e   Code   RO         1070    i.USART_GetITStatus  stm32f10x_usart.o
    0x08002ade   0x00000030   Code   RO         1072    i.USART_ITConfig    stm32f10x_usart.o
    0x08002b0e   0x00000002   PAD
    0x08002b10   0x000000ac   Code   RO         1073    i.USART_Init        stm32f10x_usart.o
    0x08002bbc   0x00000008   Code   RO         1080    i.USART_ReceiveData  stm32f10x_usart.o
    0x08002bc4   0x00000008   Code   RO         1083    i.USART_SendData    stm32f10x_usart.o
    0x08002bcc   0x00000018   Code   RO         4611    i.USART_puts        port.o
    0x08002be4   0x00000002   Code   RO            9    i.UsageFault_Handler  stm32f10x_it.o
    0x08002be6   0x00000002   PAD
    0x08002be8   0x00000020   Code   RO         6250    i.__0printf         mc_w.l(printfa.o)
    0x08002c08   0x00000028   Code   RO         6252    i.__0sprintf        mc_w.l(printfa.o)
    0x08002c30   0x00000028   Code   RO         6334    i.__ARM_fpclassify  m_ws.l(fpclassify.o)
    0x08002c58   0x00000008   Code   RO         6363    i.__aeabi_errno_addr  mc_w.l(errno.o)
    0x08002c60   0x000000aa   Code   RO         6336    i.__kernel_poly     m_ws.l(poly.o)
    0x08002d0a   0x00000002   PAD
    0x08002d0c   0x00000010   Code   RO         6320    i.__mathlib_dbl_divzero  m_ws.l(dunder.o)
    0x08002d1c   0x00000006   Code   RO         6321    i.__mathlib_dbl_infnan  m_ws.l(dunder.o)
    0x08002d22   0x00000004   Code   RO         6322    i.__mathlib_dbl_infnan2  m_ws.l(dunder.o)
    0x08002d26   0x0000000c   Code   RO         6323    i.__mathlib_dbl_invalid  m_ws.l(dunder.o)
    0x08002d32   0x0000000e   Code   RO         6324    i.__mathlib_dbl_overflow  m_ws.l(dunder.o)
    0x08002d40   0x00000010   Code   RO         6326    i.__mathlib_dbl_underflow  m_ws.l(dunder.o)
    0x08002d50   0x0000000e   Code   RO         6417    i.__scatterload_copy  mc_w.l(handlers.o)
    0x08002d5e   0x00000002   Code   RO         6418    i.__scatterload_null  mc_w.l(handlers.o)
    0x08002d60   0x0000000e   Code   RO         6419    i.__scatterload_zeroinit  mc_w.l(handlers.o)
    0x08002d6e   0x00000002   PAD
    0x08002d70   0x0000000c   Code   RO         6365    i.__set_errno       mc_w.l(errno.o)
    0x08002d7c   0x00000030   Code   RO         4951    i._dwt_configlde    deca_device.o
    0x08002dac   0x000000c2   Code   RO         4953    i._dwt_enableclocks  deca_device.o
    0x08002e6e   0x00000034   Code   RO         4954    i._dwt_loaducodefromrom  deca_device.o
    0x08002ea2   0x00000046   Code   RO         4956    i._dwt_otpread      deca_device.o
    0x08002ee8   0x00000164   Code   RO         6257    i._fp_digits        mc_w.l(printfa.o)
    0x0800304c   0x000006dc   Code   RO         6258    i._printf_core      mc_w.l(printfa.o)
    0x08003728   0x00000024   Code   RO         6259    i._printf_post_padding  mc_w.l(printfa.o)
    0x0800374c   0x0000002e   Code   RO         6260    i._printf_pre_padding  mc_w.l(printfa.o)
    0x0800377a   0x0000000a   Code   RO         6262    i._sputc            mc_w.l(printfa.o)
    0x08003784   0x00000270   Code   RO         5960    i.asin              m_ws.l(asin.o)
    0x080039f4   0x000000f4   Code   RO         3445    i.at_cmd_parse      stm32_eval.o
    0x08003ae8   0x0000006c   Code   RO         3446    i.at_cmd_recv       stm32_eval.o
    0x08003b54   0x000001cc   Code   RO         3447    i.buo1DbGpio        stm32_eval.o
    0x08003d20   0x00000098   Code   RO         3448    i.buo1Gpio          stm32_eval.o
    0x08003db8   0x000000c4   Code   RO          159    i.compute_angle_send_to_anthor0  main.o
    0x08003e7c   0x00000018   Code   RO         4518    i.deca_sleep        deca_sleep.o
    0x08003e94   0x00000012   Code   RO         4490    i.decamutexoff      deca_mutex.o
    0x08003ea6   0x0000001a   Code   RO         4491    i.decamutexon       deca_mutex.o
    0x08003ec0   0x00000160   Code   RO          160    i.distance_mange    main.o
    0x08004020   0x00000180   Code   RO         4797    i.drv_lis2dh12_get_angle  lcd_oled.o
    0x080041a0   0x000000f8   Code   RO         4798    i.drv_lis2dh12_iic_read_byte  lcd_oled.o
    0x08004298   0x00000018   Code   RO         4799    i.drv_lis2dh12_iic_write_byte  lcd_oled.o
    0x080042b0   0x00000046   Code   RO         4800    i.drv_lis2dh12_init  lcd_oled.o
    0x080042f6   0x00000002   PAD
    0x080042f8   0x00000218   Code   RO         4964    i.dwt_configure     deca_device.o
    0x08004510   0x0000001a   Code   RO         4970    i.dwt_enablegpioclocks  deca_device.o
    0x0800452a   0x0000002c   Code   RO         4971    i.dwt_enablegpioclocks1  deca_device.o
    0x08004556   0x00000024   Code   RO         4973    i.dwt_entersleepaftertx  deca_device.o
    0x0800457a   0x00000002   PAD
    0x0800457c   0x00000060   Code   RO         4974    i.dwt_forcetrxoff   deca_device.o
    0x080045dc   0x00000014   Code   RO         4976    i.dwt_getgpiovalue  deca_device.o
    0x080045f0   0x000000d8   Code   RO         5494    i.dwt_getrangebias  deca_range_tables.o
    0x080046c8   0x000000d8   Code   RO         4979    i.dwt_initialise    deca_device.o
    0x080047a0   0x00000026   Code   RO         4985    i.dwt_read16bitoffsetreg  deca_device.o
    0x080047c6   0x00000026   Code   RO         4986    i.dwt_read32bitoffsetreg  deca_device.o
    0x080047ec   0x00000008   Code   RO         4988    i.dwt_readdevid     deca_device.o
    0x080047f4   0x0000003a   Code   RO         4991    i.dwt_readfromdevice  deca_device.o
    0x0800482e   0x00000012   Code   RO         4992    i.dwt_readrxdata    deca_device.o
    0x08004840   0x0000000c   Code   RO         4993    i.dwt_readrxtimestamp  deca_device.o
    0x0800484c   0x0000000c   Code   RO         4999    i.dwt_readtxtimestamp  deca_device.o
    0x08004858   0x00000050   Code   RO         5004    i.dwt_rxenable      deca_device.o
    0x080048a8   0x00000022   Code   RO         5006    i.dwt_setGPIOdirection  deca_device.o
    0x080048ca   0x00000022   Code   RO         5008    i.dwt_setGPIOvalue  deca_device.o
    0x080048ec   0x0000000a   Code   RO         5013    i.dwt_setdelayedtrxtime  deca_device.o
    0x080048f6   0x000000b8   Code   RO         5016    i.dwt_setleds       deca_device.o
    0x080049ae   0x00000022   Code   RO         5019    i.dwt_setrxaftertxdelay  deca_device.o
    0x080049d0   0x0000000c   Code   RO         5020    i.dwt_setrxantennadelay  deca_device.o
    0x080049dc   0x00000058   Code   RO         5022    i.dwt_setrxtimeout  deca_device.o
    0x08004a34   0x0000000a   Code   RO         5024    i.dwt_settxantennadelay  deca_device.o
    0x08004a3e   0x00000002   PAD
    0x08004a40   0x00000094   Code   RO         5027    i.dwt_starttx       deca_device.o
    0x08004ad4   0x00000034   Code   RO         5028    i.dwt_syncrxbufptrs  deca_device.o
    0x08004b08   0x0000001a   Code   RO         5029    i.dwt_write16bitoffsetreg  deca_device.o
    0x08004b22   0x0000001e   Code   RO         5030    i.dwt_write32bitoffsetreg  deca_device.o
    0x08004b40   0x0000003e   Code   RO         5031    i.dwt_writetodevice  deca_device.o
    0x08004b7e   0x00000022   Code   RO         5032    i.dwt_writetxdata   deca_device.o
    0x08004ba0   0x0000001c   Code   RO         5033    i.dwt_writetxfctrl  deca_device.o
    0x08004bbc   0x00000030   Code   RO         5034    i.dwt_xtaltrim      deca_device.o
    0x08004bec   0x00000058   Code   RO          162    i.filter            main.o
    0x08004c44   0x0000001a   Code   RO         5791    i.final_msg_get_ts  STM3210E-EVAL.lib(lib.o)
    0x08004c5e   0x00000016   Code   RO          163    i.final_msg_set_ts  main.o
    0x08004c74   0x0000002c   Code   RO          164    i.fputc             main.o
    0x08004ca0   0x00000026   Code   RO         5792    i.get_rx_timestamp_u64  STM3210E-EVAL.lib(lib.o)
    0x08004cc6   0x00000026   Code   RO         5793    i.get_tx_timestamp_u64  STM3210E-EVAL.lib(lib.o)
    0x08004cec   0x00000150   Code   RO         4802    i.hal_i2c1_read_data  lcd_oled.o
    0x08004e3c   0x00000032   Code   RO         4803    i.hal_i2c1_send_data  lcd_oled.o
    0x08004e6e   0x00000002   PAD
    0x08004e70   0x000000ac   Code   RO         4804    i.hal_i2c1_send_data1  lcd_oled.o
    0x08004f1c   0x00000270   Code   RO          165    i.main              main.o
    0x0800518c   0x00000048   Code   RO         4617    i.peripherals_init  port.o
    0x080051d4   0x0000000c   Code   RO         4618    i.portGetTickCnt    port.o
    0x080051e0   0x000009b8   Code   RO         5970    i.pow               m_ws.l(pow.o)
    0x08005b98   0x00000004   Code   RO         5990    i.putc              mc_w.l(putc.o)
    0x08005b9c   0x0000000c   Code   RO         5992    i.putchar           mc_w.l(putchar.o)
    0x08005ba8   0x0000007c   Code   RO         4535    i.readfromspi_serial  deca_spi.o
    0x08005c24   0x0000004c   Code   RO         4619    i.reset_DW1000      port.o
    0x08005c70   0x00000006   Code   RO         4621    i.spi_set_rate_high  port.o
    0x08005c76   0x00000006   Code   RO         4622    i.spi_set_rate_low  port.o
    0x08005c7c   0x0000004c   Code   RO         5980    i.sqrt              m_ws.l(sqrt.o)
    0x08005cc8   0x0000001c   Code   RO         3451    i.string_split      stm32_eval.o
    0x08005ce4   0x0000002a   Code   RO         4623    i.usartinit         port.o
    0x08005d0e   0x00000002   PAD
    0x08005d10   0x00000064   Code   RO         4536    i.writetospi_serial  deca_spi.o
    0x08005d74   0x00000006   Data   RO          169    .constdata          main.o
    0x08005d7a   0x00000002   PAD
    0x08005d7c   0x000000b0   Data   RO         3453    .constdata          stm32_eval.o
    0x08005e2c   0x000005f0   Data   RO         4807    .constdata          lcd_oled.o
    0x0800641c   0x00000008   Data   RO         5473    .constdata          deca_params_init.o
    0x08006424   0x00000018   Data   RO         5474    .constdata          deca_params_init.o
    0x0800643c   0x0000001e   Data   RO         5475    .constdata          deca_params_init.o
    0x0800645a   0x00000002   Data   RO         5476    .constdata          deca_params_init.o
    0x0800645c   0x00000008   Data   RO         5477    .constdata          deca_params_init.o
    0x08006464   0x00000003   Data   RO         5478    .constdata          deca_params_init.o
    0x08006467   0x00000001   PAD
    0x08006468   0x0000000c   Data   RO         5479    .constdata          deca_params_init.o
    0x08006474   0x00000004   Data   RO         5480    .constdata          deca_params_init.o
    0x08006478   0x00000020   Data   RO         5481    .constdata          deca_params_init.o
    0x08006498   0x00000032   Data   RO         5482    .constdata          deca_params_init.o
    0x080064ca   0x0000020a   Data   RO         5495    .constdata          deca_range_tables.o
    0x080066d4   0x00000004   PAD
    0x080066d8   0x00000050   Data   RO         5961    .constdata          m_ws.l(asin.o)
    0x08006728   0x00000088   Data   RO         5971    .constdata          m_ws.l(pow.o)
    0x080067b0   0x00000008   Data   RO         6338    .constdata          m_ws.l(qnan.o)
    0x080067b8   0x00000081   Data   RO         6384    .constdata          mc_w.l(ctype_o.o)
    0x08006839   0x00000003   PAD
    0x0800683c   0x00000004   Data   RO         6385    .constdata          mc_w.l(ctype_o.o)
    0x08006840   0x0000006f   Data   RO         3454    .conststring        stm32_eval.o
    0x080068af   0x00000001   PAD
    0x080068b0   0x00000020   Data   RO         6415    Region$$Table       anon$$obj.o


    Execution Region RW_IRAM1 (Base: 0x20000000, Size: 0x000012d0, Max: 0x00005000, ABSOLUTE, COMPRESSED[0x0000019c])

    Base Addr    Size         Type   Attr      Idx    E Section Name        Object

    0x20000000   0x00000004   Data   RW           10    .data               stm32f10x_it.o
    0x20000004   0x00000004   PAD
    0x20000008   0x00000094   Data   RW          170    .data               main.o
    0x2000009c   0x00000014   Data   RW          339    .data               stm32f10x_rcc.o
    0x200000b0   0x00000014   Data   RW         3387    .data               system_stm32f10x.o
    0x200000c4   0x000000a0   Data   RW         3455    .data               stm32_eval.o
    0x20000164   0x00000004   Data   RW         3456    .data               stm32_eval.o
    0x20000168   0x000001c4   Data   RW         4808    .data               lcd_oled.o
    0x2000032c   0x00000004   PAD
    0x20000330   0x000000e5   Data   RW         5796    .data               STM3210E-EVAL.lib(lib.o)
    0x20000415   0x00000003   PAD
    0x20000418   0x00000004   Data   RW         5994    .data               mc_w.l(stdout.o)
    0x2000041c   0x00000004   Data   RW         6010    .data               mc_w.l(strtok.o)
    0x20000420   0x00000004   Data   RW         6366    .data               mc_w.l(errno.o)
    0x20000424   0x00000004   PAD
    0x20000428   0x00000630   Zero   RW          166    .bss                main.o
    0x20000a58   0x00000200   Zero   RW         3452    .bss                stm32_eval.o
    0x20000c58   0x00000010   Zero   RW         4624    .bss                port.o
    0x20000c68   0x0000003c   Zero   RW         5035    .bss                deca_device.o
    0x20000ca4   0x00000010   Zero   RW         5794    .bss                STM3210E-EVAL.lib(lib.o)
    0x20000cb4   0x00000018   Zero   RW         5795    .bss                STM3210E-EVAL.lib(lib.o)
    0x20000ccc   0x00000004   PAD
    0x20000cd0   0x00000600   Zero   RW         4483    STACK               startup_stm32f10x_hd.o


==============================================================================

Image component sizes


      Code (inc. data)   RO Data    RW Data    ZI Data      Debug   Object Name

         0          0          0          0          0         32   core_cm3.o
      2436         92          0          0         60      26504   deca_device.o
        44          0          0          0          0      19788   deca_mutex.o
         0          0        173          0          0       1873   deca_params_init.o
       216         16        522          0          0       2111   deca_range_tables.o
        24          0          0          0          0        533   deca_sleep.o
       224         20          0          0          0       5681   deca_spi.o
      2516        236       1520        452          0      13444   lcd_oled.o
      1994        400          6        148       1584     224402   main.o
       120         16          0          0          0       3555   misc.o
       914         74          0          0         16      24051   port.o
        36          8        304          0       1536        936   startup_stm32f10x_hd.o
      2298        526        287        164        512      43164   stm32_eval.o
       228         30          0          0          0      12199   stm32f10x_flash.o
       272          6          0          0          0      21954   stm32f10x_gpio.o
       426         16          0          0          0      17422   stm32f10x_i2c.o
        62         30          0          4          0      38548   stm32f10x_it.o
       256         44          0         20          0      14908   stm32f10x_rcc.o
       194         12          0          0          0      11336   stm32f10x_spi.o
       338          6          0          0          0      13127   stm32f10x_usart.o
       248         24          0         20          0       1925   system_stm32f10x.o

    ----------------------------------------------------------------------
     12878       1556       2852        816       3708     497493   Object Totals
         0          0         32          0          0          0   (incl. Generated)
        32          0          8          8          0          0   (incl. Padding)

    ----------------------------------------------------------------------

      Code (inc. data)   RO Data    RW Data    ZI Data      Debug   Library Member Name

      1922         78          0        229         40     228493   lib.o
       624         52         80          0          0        168   asin.o
        68         10          0          0          0        408   dunder.o
        40          0          0          0          0         68   fpclassify.o
       170          0          0          0          0         96   poly.o
      2488        190        136          0          0        300   pow.o
         0          0          8          0          0          0   qnan.o
        76          0          0          0          0         84   sqrt.o
        86          0          0          0          0          0   __dczerorl2.o
        28          0          0          0          0         68   _chval.o
       158          0          0          0          0         92   _strtoul.o
        26          0          0          0          0         80   atoi.o
         8          4        133          0          0         68   ctype_o.o
         0          0          0          0          0          0   entry.o
         0          0          0          0          0          0   entry10a.o
         0          0          0          0          0          0   entry11a.o
         8          4          0          0          0          0   entry2.o
         4          0          0          0          0          0   entry5.o
         0          0          0          0          0          0   entry7b.o
         0          0          0          0          0          0   entry8b.o
         8          4          0          0          0          0   entry9a.o
        20         10          0          4          0        136   errno.o
        30          0          0          0          0          0   handlers.o
        36          8          0          0          0         68   init.o
         0          0          0          0          0          0   iusefp.o
        30          0          0          0          0         68   llshl.o
        36          0          0          0          0         68   llsshr.o
        32          0          0          0          0         68   llushr.o
        26          0          0          0          0         80   memcmp.o
        36          0          0          0          0        108   memseta.o
      2276         96          0          0          0        596   printfa.o
         4          0          0          0          0         68   putc.o
        12          6          0          0          0         68   putchar.o
         0          0          0          4          0          0   stdout.o
        14          0          0          0          0         68   strlen.o
        36          0          0          0          0         80   strstr.o
        68          6          0          4          0         80   strtok.o
       112          0          0          0          0         88   strtol.o
        44          0          0          0          0         80   uidiv.o
        98          0          0          0          0         92   uldiv.o
        48          0          0          0          0         68   cdrcmple.o
        20          0          0          0          0         68   cfrcmple.o
        56          0          0          0          0         88   d2f.o
       334          0          0          0          0        148   dadd.o
       222          0          0          0          0        100   ddiv.o
       186          0          0          0          0        176   depilogue.o
        62          0          0          0          0         80   dfixi.o
        74          0          0          0          0         80   dfixl.o
        48          0          0          0          0         68   dfixul.o
        34          0          0          0          0         76   dflti.o
        40          0          0          0          0         80   dfltl.o
        26          0          0          0          0         76   dfltui.o
       228          0          0          0          0         96   dmul.o
        46          0          0          0          0         80   dscalb.o
       162          0          0          0          0        100   dsqrt.o
        38          0          0          0          0         68   f2d.o
       176          0          0          0          0        140   fadd.o
       124          0          0          0          0         88   fdiv.o
       110          0          0          0          0        168   fepilogue.o
        50          0          0          0          0         68   ffixi.o
        18          0          0          0          0         68   fflti.o
        10          0          0          0          0         68   ffltui.o

    ----------------------------------------------------------------------
     10742        468        360        244         48     233793   Library Totals
         6          0          3          3          8          0   (incl. Padding)

    ----------------------------------------------------------------------

      Code (inc. data)   RO Data    RW Data    ZI Data      Debug   Library Name

      1922         78          0        229         40     228493   STM3210E-EVAL.lib
      3466        252        224          0          0       1124   m_ws.l
      3236        138        133         12          0       2124   mc_w.l
      2112          0          0          0          0       2052   mf_w.l

    ----------------------------------------------------------------------
     10742        468        360        244         48     233793   Library Totals

    ----------------------------------------------------------------------

==============================================================================


      Code (inc. data)   RO Data    RW Data    ZI Data      Debug   

     23620       2024       3212       1060       3756     720234   Grand Totals
     23620       2024       3212        412       3756     720234   ELF Image Totals (compressed)
     23620       2024       3212        412          0          0   ROM Totals

==============================================================================

    Total RO  Size (Code + RO Data)                26832 (  26.20kB)
    Total RW  Size (RW Data + ZI Data)              4816 (   4.70kB)
    Total ROM Size (Code + RO Data + RW Data)      27244 (  26.61kB)

==============================================================================

